<?xml version="1.0" encoding="ISO-8859-1" ?>
<link_info>
   <banner>MSP430 Linker PC v20.2.2.LTS</banner>
   <copyright>Copyright (c) 2003-2018 Texas Instruments Incorporated</copyright>
   <link_time>0x62ef72ef</link_time>
   <link_errors>0x0</link_errors>
   <output_file>SD_PHY.out</output_file>
   <entry_point>
      <name>_c_int00_noargs_mpu</name>
      <address>0x4434</address>
   </entry_point>
   <input_file_list>
      <input_file id="fl-2">
         <path>.\</path>
         <kind>object</kind>
         <file>main.obj</file>
         <name>main.obj</name>
      </input_file>
      <input_file id="fl-3">
         <path>.\app\</path>
         <kind>object</kind>
         <file>tasks.obj</file>
         <name>tasks.obj</name>
      </input_file>
      <input_file id="fl-4">
         <path>.\driverlib\MSP430FR5xx_6xx\</path>
         <kind>object</kind>
         <file>adc12_b.obj</file>
         <name>adc12_b.obj</name>
      </input_file>
      <input_file id="fl-5">
         <path>.\driverlib\MSP430FR5xx_6xx\</path>
         <kind>object</kind>
         <file>aes256.obj</file>
         <name>aes256.obj</name>
      </input_file>
      <input_file id="fl-6">
         <path>.\driverlib\MSP430FR5xx_6xx\</path>
         <kind>object</kind>
         <file>comp_e.obj</file>
         <name>comp_e.obj</name>
      </input_file>
      <input_file id="fl-7">
         <path>.\driverlib\MSP430FR5xx_6xx\</path>
         <kind>object</kind>
         <file>crc.obj</file>
         <name>crc.obj</name>
      </input_file>
      <input_file id="fl-8">
         <path>.\driverlib\MSP430FR5xx_6xx\</path>
         <kind>object</kind>
         <file>crc32.obj</file>
         <name>crc32.obj</name>
      </input_file>
      <input_file id="fl-9">
         <path>.\driverlib\MSP430FR5xx_6xx\</path>
         <kind>object</kind>
         <file>cs.obj</file>
         <name>cs.obj</name>
      </input_file>
      <input_file id="fl-a">
         <path>.\driverlib\MSP430FR5xx_6xx\</path>
         <kind>object</kind>
         <file>dma.obj</file>
         <name>dma.obj</name>
      </input_file>
      <input_file id="fl-b">
         <path>.\driverlib\MSP430FR5xx_6xx\</path>
         <kind>object</kind>
         <file>esi.obj</file>
         <name>esi.obj</name>
      </input_file>
      <input_file id="fl-c">
         <path>.\driverlib\MSP430FR5xx_6xx\</path>
         <kind>object</kind>
         <file>eusci_a_spi.obj</file>
         <name>eusci_a_spi.obj</name>
      </input_file>
      <input_file id="fl-d">
         <path>.\driverlib\MSP430FR5xx_6xx\</path>
         <kind>object</kind>
         <file>eusci_a_uart.obj</file>
         <name>eusci_a_uart.obj</name>
      </input_file>
      <input_file id="fl-e">
         <path>.\driverlib\MSP430FR5xx_6xx\</path>
         <kind>object</kind>
         <file>eusci_b_i2c.obj</file>
         <name>eusci_b_i2c.obj</name>
      </input_file>
      <input_file id="fl-f">
         <path>.\driverlib\MSP430FR5xx_6xx\</path>
         <kind>object</kind>
         <file>eusci_b_spi.obj</file>
         <name>eusci_b_spi.obj</name>
      </input_file>
      <input_file id="fl-10">
         <path>.\driverlib\MSP430FR5xx_6xx\</path>
         <kind>object</kind>
         <file>framctl.obj</file>
         <name>framctl.obj</name>
      </input_file>
      <input_file id="fl-11">
         <path>.\driverlib\MSP430FR5xx_6xx\</path>
         <kind>object</kind>
         <file>framctl_a.obj</file>
         <name>framctl_a.obj</name>
      </input_file>
      <input_file id="fl-12">
         <path>.\driverlib\MSP430FR5xx_6xx\</path>
         <kind>object</kind>
         <file>gpio.obj</file>
         <name>gpio.obj</name>
      </input_file>
      <input_file id="fl-13">
         <path>.\driverlib\MSP430FR5xx_6xx\</path>
         <kind>object</kind>
         <file>hspll.obj</file>
         <name>hspll.obj</name>
      </input_file>
      <input_file id="fl-14">
         <path>.\driverlib\MSP430FR5xx_6xx\</path>
         <kind>object</kind>
         <file>lcd_c.obj</file>
         <name>lcd_c.obj</name>
      </input_file>
      <input_file id="fl-15">
         <path>.\driverlib\MSP430FR5xx_6xx\</path>
         <kind>object</kind>
         <file>mpu.obj</file>
         <name>mpu.obj</name>
      </input_file>
      <input_file id="fl-16">
         <path>.\driverlib\MSP430FR5xx_6xx\</path>
         <kind>object</kind>
         <file>mpy32.obj</file>
         <name>mpy32.obj</name>
      </input_file>
      <input_file id="fl-17">
         <path>.\driverlib\MSP430FR5xx_6xx\</path>
         <kind>object</kind>
         <file>mtif.obj</file>
         <name>mtif.obj</name>
      </input_file>
      <input_file id="fl-18">
         <path>.\driverlib\MSP430FR5xx_6xx\</path>
         <kind>object</kind>
         <file>pmm.obj</file>
         <name>pmm.obj</name>
      </input_file>
      <input_file id="fl-19">
         <path>.\driverlib\MSP430FR5xx_6xx\</path>
         <kind>object</kind>
         <file>ram.obj</file>
         <name>ram.obj</name>
      </input_file>
      <input_file id="fl-1a">
         <path>.\driverlib\MSP430FR5xx_6xx\</path>
         <kind>object</kind>
         <file>ref_a.obj</file>
         <name>ref_a.obj</name>
      </input_file>
      <input_file id="fl-1b">
         <path>.\driverlib\MSP430FR5xx_6xx\</path>
         <kind>object</kind>
         <file>rtc_b.obj</file>
         <name>rtc_b.obj</name>
      </input_file>
      <input_file id="fl-1c">
         <path>.\driverlib\MSP430FR5xx_6xx\</path>
         <kind>object</kind>
         <file>rtc_c.obj</file>
         <name>rtc_c.obj</name>
      </input_file>
      <input_file id="fl-1d">
         <path>.\driverlib\MSP430FR5xx_6xx\</path>
         <kind>object</kind>
         <file>saph.obj</file>
         <name>saph.obj</name>
      </input_file>
      <input_file id="fl-1e">
         <path>.\driverlib\MSP430FR5xx_6xx\</path>
         <kind>object</kind>
         <file>saph_a.obj</file>
         <name>saph_a.obj</name>
      </input_file>
      <input_file id="fl-1f">
         <path>.\driverlib\MSP430FR5xx_6xx\</path>
         <kind>object</kind>
         <file>sdhs.obj</file>
         <name>sdhs.obj</name>
      </input_file>
      <input_file id="fl-20">
         <path>.\driverlib\MSP430FR5xx_6xx\</path>
         <kind>object</kind>
         <file>sfr.obj</file>
         <name>sfr.obj</name>
      </input_file>
      <input_file id="fl-21">
         <path>.\driverlib\MSP430FR5xx_6xx\</path>
         <kind>object</kind>
         <file>sysctl.obj</file>
         <name>sysctl.obj</name>
      </input_file>
      <input_file id="fl-22">
         <path>.\driverlib\MSP430FR5xx_6xx\</path>
         <kind>object</kind>
         <file>timer_a.obj</file>
         <name>timer_a.obj</name>
      </input_file>
      <input_file id="fl-23">
         <path>.\driverlib\MSP430FR5xx_6xx\</path>
         <kind>object</kind>
         <file>timer_b.obj</file>
         <name>timer_b.obj</name>
      </input_file>
      <input_file id="fl-24">
         <path>.\driverlib\MSP430FR5xx_6xx\</path>
         <kind>object</kind>
         <file>tlv.obj</file>
         <name>tlv.obj</name>
      </input_file>
      <input_file id="fl-25">
         <path>.\driverlib\MSP430FR5xx_6xx\</path>
         <kind>object</kind>
         <file>uups.obj</file>
         <name>uups.obj</name>
      </input_file>
      <input_file id="fl-26">
         <path>.\driverlib\MSP430FR5xx_6xx\</path>
         <kind>object</kind>
         <file>wdt_a.obj</file>
         <name>wdt_a.obj</name>
      </input_file>
      <input_file id="fl-27">
         <path>.\sx1276\</path>
         <kind>object</kind>
         <file>sx1276.obj</file>
         <name>sx1276.obj</name>
      </input_file>
      <input_file id="fl-28">
         <path>.\system\</path>
         <kind>object</kind>
         <file>board.obj</file>
         <name>board.obj</name>
      </input_file>
      <input_file id="fl-29">
         <path>.\system\</path>
         <kind>object</kind>
         <file>clock.obj</file>
         <name>clock.obj</name>
      </input_file>
      <input_file id="fl-2a">
         <path>.\system\</path>
         <kind>object</kind>
         <file>gpio.obj</file>
         <name>gpio.obj</name>
      </input_file>
      <input_file id="fl-2b">
         <path>.\system\</path>
         <kind>object</kind>
         <file>spi.obj</file>
         <name>spi.obj</name>
      </input_file>
      <input_file id="fl-2c">
         <path>.\system\</path>
         <kind>object</kind>
         <file>uart.obj</file>
         <name>uart.obj</name>
      </input_file>
      <input_file id="fl-2d">
         <path>.\utils\</path>
         <kind>object</kind>
         <file>utils.obj</file>
         <name>utils.obj</name>
      </input_file>
      <input_file id="fl-34">
         <kind>object</kind>
         <file>&lt;internal&gt;</file>
         <name>&lt;internal&gt;</name>
      </input_file>
      <input_file id="fl-54">
         <path>C:\TI\ccs1020\ccs\tools\compiler\ti-cgt-msp430_20.2.2.LTS\lib\</path>
         <kind>archive</kind>
         <file>rts430x_lc_rd_eabi.lib</file>
         <name>copy_decompress_lzss.c.obj</name>
      </input_file>
      <input_file id="fl-55">
         <path>C:\TI\ccs1020\ccs\tools\compiler\ti-cgt-msp430_20.2.2.LTS\lib\</path>
         <kind>archive</kind>
         <file>rts430x_lc_rd_eabi.lib</file>
         <name>copy_decompress_none.c.obj</name>
      </input_file>
      <input_file id="fl-56">
         <path>C:\TI\ccs1020\ccs\tools\compiler\ti-cgt-msp430_20.2.2.LTS\lib\</path>
         <kind>archive</kind>
         <file>rts430x_lc_rd_eabi.lib</file>
         <name>int30.asm.obj</name>
      </input_file>
      <input_file id="fl-57">
         <path>C:\TI\ccs1020\ccs\tools\compiler\ti-cgt-msp430_20.2.2.LTS\lib\</path>
         <kind>archive</kind>
         <file>rts430x_lc_rd_eabi.lib</file>
         <name>isr_trap.asm.obj</name>
      </input_file>
      <input_file id="fl-58">
         <path>C:\TI\ccs1020\ccs\tools\compiler\ti-cgt-msp430_20.2.2.LTS\lib\</path>
         <kind>archive</kind>
         <file>rts430x_lc_rd_eabi.lib</file>
         <name>int31.asm.obj</name>
      </input_file>
      <input_file id="fl-59">
         <path>C:\TI\ccs1020\ccs\tools\compiler\ti-cgt-msp430_20.2.2.LTS\lib\</path>
         <kind>archive</kind>
         <file>rts430x_lc_rd_eabi.lib</file>
         <name>int33.asm.obj</name>
      </input_file>
      <input_file id="fl-5a">
         <path>C:\TI\ccs1020\ccs\tools\compiler\ti-cgt-msp430_20.2.2.LTS\lib\</path>
         <kind>archive</kind>
         <file>rts430x_lc_rd_eabi.lib</file>
         <name>int34.asm.obj</name>
      </input_file>
      <input_file id="fl-5b">
         <path>C:\TI\ccs1020\ccs\tools\compiler\ti-cgt-msp430_20.2.2.LTS\lib\</path>
         <kind>archive</kind>
         <file>rts430x_lc_rd_eabi.lib</file>
         <name>int35.asm.obj</name>
      </input_file>
      <input_file id="fl-5c">
         <path>C:\TI\ccs1020\ccs\tools\compiler\ti-cgt-msp430_20.2.2.LTS\lib\</path>
         <kind>archive</kind>
         <file>rts430x_lc_rd_eabi.lib</file>
         <name>int36.asm.obj</name>
      </input_file>
      <input_file id="fl-5d">
         <path>C:\TI\ccs1020\ccs\tools\compiler\ti-cgt-msp430_20.2.2.LTS\lib\</path>
         <kind>archive</kind>
         <file>rts430x_lc_rd_eabi.lib</file>
         <name>int37.asm.obj</name>
      </input_file>
      <input_file id="fl-5e">
         <path>C:\TI\ccs1020\ccs\tools\compiler\ti-cgt-msp430_20.2.2.LTS\lib\</path>
         <kind>archive</kind>
         <file>rts430x_lc_rd_eabi.lib</file>
         <name>int38.asm.obj</name>
      </input_file>
      <input_file id="fl-5f">
         <path>C:\TI\ccs1020\ccs\tools\compiler\ti-cgt-msp430_20.2.2.LTS\lib\</path>
         <kind>archive</kind>
         <file>rts430x_lc_rd_eabi.lib</file>
         <name>int39.asm.obj</name>
      </input_file>
      <input_file id="fl-60">
         <path>C:\TI\ccs1020\ccs\tools\compiler\ti-cgt-msp430_20.2.2.LTS\lib\</path>
         <kind>archive</kind>
         <file>rts430x_lc_rd_eabi.lib</file>
         <name>int40.asm.obj</name>
      </input_file>
      <input_file id="fl-61">
         <path>C:\TI\ccs1020\ccs\tools\compiler\ti-cgt-msp430_20.2.2.LTS\lib\</path>
         <kind>archive</kind>
         <file>rts430x_lc_rd_eabi.lib</file>
         <name>int41.asm.obj</name>
      </input_file>
      <input_file id="fl-62">
         <path>C:\TI\ccs1020\ccs\tools\compiler\ti-cgt-msp430_20.2.2.LTS\lib\</path>
         <kind>archive</kind>
         <file>rts430x_lc_rd_eabi.lib</file>
         <name>int42.asm.obj</name>
      </input_file>
      <input_file id="fl-63">
         <path>C:\TI\ccs1020\ccs\tools\compiler\ti-cgt-msp430_20.2.2.LTS\lib\</path>
         <kind>archive</kind>
         <file>rts430x_lc_rd_eabi.lib</file>
         <name>int43.asm.obj</name>
      </input_file>
      <input_file id="fl-64">
         <path>C:\TI\ccs1020\ccs\tools\compiler\ti-cgt-msp430_20.2.2.LTS\lib\</path>
         <kind>archive</kind>
         <file>rts430x_lc_rd_eabi.lib</file>
         <name>int44.asm.obj</name>
      </input_file>
      <input_file id="fl-65">
         <path>C:\TI\ccs1020\ccs\tools\compiler\ti-cgt-msp430_20.2.2.LTS\lib\</path>
         <kind>archive</kind>
         <file>rts430x_lc_rd_eabi.lib</file>
         <name>int45.asm.obj</name>
      </input_file>
      <input_file id="fl-66">
         <path>C:\TI\ccs1020\ccs\tools\compiler\ti-cgt-msp430_20.2.2.LTS\lib\</path>
         <kind>archive</kind>
         <file>rts430x_lc_rd_eabi.lib</file>
         <name>int46.asm.obj</name>
      </input_file>
      <input_file id="fl-67">
         <path>C:\TI\ccs1020\ccs\tools\compiler\ti-cgt-msp430_20.2.2.LTS\lib\</path>
         <kind>archive</kind>
         <file>rts430x_lc_rd_eabi.lib</file>
         <name>int47.asm.obj</name>
      </input_file>
      <input_file id="fl-68">
         <path>C:\TI\ccs1020\ccs\tools\compiler\ti-cgt-msp430_20.2.2.LTS\lib\</path>
         <kind>archive</kind>
         <file>rts430x_lc_rd_eabi.lib</file>
         <name>int48.asm.obj</name>
      </input_file>
      <input_file id="fl-69">
         <path>C:\TI\ccs1020\ccs\tools\compiler\ti-cgt-msp430_20.2.2.LTS\lib\</path>
         <kind>archive</kind>
         <file>rts430x_lc_rd_eabi.lib</file>
         <name>int49.asm.obj</name>
      </input_file>
      <input_file id="fl-6a">
         <path>C:\TI\ccs1020\ccs\tools\compiler\ti-cgt-msp430_20.2.2.LTS\lib\</path>
         <kind>archive</kind>
         <file>rts430x_lc_rd_eabi.lib</file>
         <name>int50.asm.obj</name>
      </input_file>
      <input_file id="fl-6b">
         <path>C:\TI\ccs1020\ccs\tools\compiler\ti-cgt-msp430_20.2.2.LTS\lib\</path>
         <kind>archive</kind>
         <file>rts430x_lc_rd_eabi.lib</file>
         <name>int51.asm.obj</name>
      </input_file>
      <input_file id="fl-6c">
         <path>C:\TI\ccs1020\ccs\tools\compiler\ti-cgt-msp430_20.2.2.LTS\lib\</path>
         <kind>archive</kind>
         <file>rts430x_lc_rd_eabi.lib</file>
         <name>int52.asm.obj</name>
      </input_file>
      <input_file id="fl-6d">
         <path>C:\TI\ccs1020\ccs\tools\compiler\ti-cgt-msp430_20.2.2.LTS\lib\</path>
         <kind>archive</kind>
         <file>rts430x_lc_rd_eabi.lib</file>
         <name>int53.asm.obj</name>
      </input_file>
      <input_file id="fl-6e">
         <path>C:\TI\ccs1020\ccs\tools\compiler\ti-cgt-msp430_20.2.2.LTS\lib\</path>
         <kind>archive</kind>
         <file>rts430x_lc_rd_eabi.lib</file>
         <name>int54.asm.obj</name>
      </input_file>
      <input_file id="fl-6f">
         <path>C:\TI\ccs1020\ccs\tools\compiler\ti-cgt-msp430_20.2.2.LTS\lib\</path>
         <kind>archive</kind>
         <file>rts430x_lc_rd_eabi.lib</file>
         <name>copy_zero_init.c.obj</name>
      </input_file>
      <input_file id="fl-70">
         <path>C:\TI\ccs1020\ccs\tools\compiler\ti-cgt-msp430_20.2.2.LTS\lib\</path>
         <kind>archive</kind>
         <file>rts430x_lc_rd_eabi.lib</file>
         <name>addd.c.obj</name>
      </input_file>
      <input_file id="fl-71">
         <path>C:\TI\ccs1020\ccs\tools\compiler\ti-cgt-msp430_20.2.2.LTS\lib\</path>
         <kind>archive</kind>
         <file>rts430x_lc_rd_eabi.lib</file>
         <name>frcaddd.c.obj</name>
      </input_file>
      <input_file id="fl-72">
         <path>C:\TI\ccs1020\ccs\tools\compiler\ti-cgt-msp430_20.2.2.LTS\lib\</path>
         <kind>archive</kind>
         <file>rts430x_lc_rd_eabi.lib</file>
         <name>renormd.c.obj</name>
      </input_file>
      <input_file id="fl-73">
         <path>C:\TI\ccs1020\ccs\tools\compiler\ti-cgt-msp430_20.2.2.LTS\lib\</path>
         <kind>archive</kind>
         <file>rts430x_lc_rd_eabi.lib</file>
         <name>cmpd.c.obj</name>
      </input_file>
      <input_file id="fl-74">
         <path>C:\TI\ccs1020\ccs\tools\compiler\ti-cgt-msp430_20.2.2.LTS\lib\</path>
         <kind>archive</kind>
         <file>rts430x_lc_rd_eabi.lib</file>
         <name>divd.c.obj</name>
      </input_file>
      <input_file id="fl-75">
         <path>C:\TI\ccs1020\ccs\tools\compiler\ti-cgt-msp430_20.2.2.LTS\lib\</path>
         <kind>archive</kind>
         <file>rts430x_lc_rd_eabi.lib</file>
         <name>frcdivd.c.obj</name>
      </input_file>
      <input_file id="fl-76">
         <path>C:\TI\ccs1020\ccs\tools\compiler\ti-cgt-msp430_20.2.2.LTS\lib\</path>
         <kind>archive</kind>
         <file>rts430x_lc_rd_eabi.lib</file>
         <name>div16s.asm.obj</name>
      </input_file>
      <input_file id="fl-77">
         <path>C:\TI\ccs1020\ccs\tools\compiler\ti-cgt-msp430_20.2.2.LTS\lib\</path>
         <kind>archive</kind>
         <file>rts430x_lc_rd_eabi.lib</file>
         <name>div32s.asm.obj</name>
      </input_file>
      <input_file id="fl-78">
         <path>C:\TI\ccs1020\ccs\tools\compiler\ti-cgt-msp430_20.2.2.LTS\lib\</path>
         <kind>archive</kind>
         <file>rts430x_lc_rd_eabi.lib</file>
         <name>div16u.asm.obj</name>
      </input_file>
      <input_file id="fl-79">
         <path>C:\TI\ccs1020\ccs\tools\compiler\ti-cgt-msp430_20.2.2.LTS\lib\</path>
         <kind>archive</kind>
         <file>rts430x_lc_rd_eabi.lib</file>
         <name>div32u.asm.obj</name>
      </input_file>
      <input_file id="fl-7a">
         <path>C:\TI\ccs1020\ccs\tools\compiler\ti-cgt-msp430_20.2.2.LTS\lib\</path>
         <kind>archive</kind>
         <file>rts430x_lc_rd_eabi.lib</file>
         <name>fixdli.c.obj</name>
      </input_file>
      <input_file id="fl-7b">
         <path>C:\TI\ccs1020\ccs\tools\compiler\ti-cgt-msp430_20.2.2.LTS\lib\</path>
         <kind>archive</kind>
         <file>rts430x_lc_rd_eabi.lib</file>
         <name>fixdu.c.obj</name>
      </input_file>
      <input_file id="fl-7c">
         <path>C:\TI\ccs1020\ccs\tools\compiler\ti-cgt-msp430_20.2.2.LTS\lib\</path>
         <kind>archive</kind>
         <file>rts430x_lc_rd_eabi.lib</file>
         <name>fixdul.c.obj</name>
      </input_file>
      <input_file id="fl-7d">
         <path>C:\TI\ccs1020\ccs\tools\compiler\ti-cgt-msp430_20.2.2.LTS\lib\</path>
         <kind>archive</kind>
         <file>rts430x_lc_rd_eabi.lib</file>
         <name>fltid.c.obj</name>
      </input_file>
      <input_file id="fl-7e">
         <path>C:\TI\ccs1020\ccs\tools\compiler\ti-cgt-msp430_20.2.2.LTS\lib\</path>
         <kind>archive</kind>
         <file>rts430x_lc_rd_eabi.lib</file>
         <name>fltlid.c.obj</name>
      </input_file>
      <input_file id="fl-7f">
         <path>C:\TI\ccs1020\ccs\tools\compiler\ti-cgt-msp430_20.2.2.LTS\lib\</path>
         <kind>archive</kind>
         <file>rts430x_lc_rd_eabi.lib</file>
         <name>fltud.c.obj</name>
      </input_file>
      <input_file id="fl-80">
         <path>C:\TI\ccs1020\ccs\tools\compiler\ti-cgt-msp430_20.2.2.LTS\lib\</path>
         <kind>archive</kind>
         <file>rts430x_lc_rd_eabi.lib</file>
         <name>fltuld.c.obj</name>
      </input_file>
      <input_file id="fl-81">
         <path>C:\TI\ccs1020\ccs\tools\compiler\ti-cgt-msp430_20.2.2.LTS\lib\</path>
         <kind>archive</kind>
         <file>rts430x_lc_rd_eabi.lib</file>
         <name>mpyd.c.obj</name>
      </input_file>
      <input_file id="fl-82">
         <path>C:\TI\ccs1020\ccs\tools\compiler\ti-cgt-msp430_20.2.2.LTS\lib\</path>
         <kind>archive</kind>
         <file>rts430x_lc_rd_eabi.lib</file>
         <name>frcmpyd.c.obj</name>
      </input_file>
      <input_file id="fl-83">
         <path>C:\TI\ccs1020\ccs\tools\compiler\ti-cgt-msp430_20.2.2.LTS\lib\</path>
         <kind>archive</kind>
         <file>rts430x_lc_rd_eabi.lib</file>
         <name>mult16.asm.obj</name>
      </input_file>
      <input_file id="fl-84">
         <path>C:\TI\ccs1020\ccs\tools\compiler\ti-cgt-msp430_20.2.2.LTS\lib\</path>
         <kind>archive</kind>
         <file>rts430x_lc_rd_eabi.lib</file>
         <name>mult16_f5hw.asm.obj</name>
      </input_file>
      <input_file id="fl-85">
         <path>C:\TI\ccs1020\ccs\tools\compiler\ti-cgt-msp430_20.2.2.LTS\lib\</path>
         <kind>archive</kind>
         <file>rts430x_lc_rd_eabi.lib</file>
         <name>mult32.asm.obj</name>
      </input_file>
      <input_file id="fl-86">
         <path>C:\TI\ccs1020\ccs\tools\compiler\ti-cgt-msp430_20.2.2.LTS\lib\</path>
         <kind>archive</kind>
         <file>rts430x_lc_rd_eabi.lib</file>
         <name>mult32_f5hw.asm.obj</name>
      </input_file>
      <input_file id="fl-87">
         <path>C:\TI\ccs1020\ccs\tools\compiler\ti-cgt-msp430_20.2.2.LTS\lib\</path>
         <kind>archive</kind>
         <file>rts430x_lc_rd_eabi.lib</file>
         <name>mult64_f5hw.asm.obj</name>
      </input_file>
      <input_file id="fl-88">
         <path>C:\TI\ccs1020\ccs\tools\compiler\ti-cgt-msp430_20.2.2.LTS\lib\</path>
         <kind>archive</kind>
         <file>rts430x_lc_rd_eabi.lib</file>
         <name>mult1632_f5hw.asm.obj</name>
      </input_file>
      <input_file id="fl-89">
         <path>C:\TI\ccs1020\ccs\tools\compiler\ti-cgt-msp430_20.2.2.LTS\lib\</path>
         <kind>archive</kind>
         <file>rts430x_lc_rd_eabi.lib</file>
         <name>mult3264_f5hw.asm.obj</name>
      </input_file>
      <input_file id="fl-8a">
         <path>C:\TI\ccs1020\ccs\tools\compiler\ti-cgt-msp430_20.2.2.LTS\lib\</path>
         <kind>archive</kind>
         <file>rts430x_lc_rd_eabi.lib</file>
         <name>lsl16.asm.obj</name>
      </input_file>
      <input_file id="fl-8b">
         <path>C:\TI\ccs1020\ccs\tools\compiler\ti-cgt-msp430_20.2.2.LTS\lib\</path>
         <kind>archive</kind>
         <file>rts430x_lc_rd_eabi.lib</file>
         <name>lsl32.asm.obj</name>
      </input_file>
      <input_file id="fl-8c">
         <path>C:\TI\ccs1020\ccs\tools\compiler\ti-cgt-msp430_20.2.2.LTS\lib\</path>
         <kind>archive</kind>
         <file>rts430x_lc_rd_eabi.lib</file>
         <name>asr32.asm.obj</name>
      </input_file>
      <input_file id="fl-8d">
         <path>C:\TI\ccs1020\ccs\tools\compiler\ti-cgt-msp430_20.2.2.LTS\lib\</path>
         <kind>archive</kind>
         <file>rts430x_lc_rd_eabi.lib</file>
         <name>lsr32.asm.obj</name>
      </input_file>
      <input_file id="fl-8e">
         <path>C:\TI\ccs1020\ccs\tools\compiler\ti-cgt-msp430_20.2.2.LTS\lib\</path>
         <kind>archive</kind>
         <file>rts430x_lc_rd_eabi.lib</file>
         <name>lsr64.c.obj</name>
      </input_file>
      <input_file id="fl-8f">
         <path>C:\TI\ccs1020\ccs\tools\compiler\ti-cgt-msp430_20.2.2.LTS\lib\</path>
         <kind>archive</kind>
         <file>rts430x_lc_rd_eabi.lib</file>
         <name>boot.c.obj</name>
      </input_file>
      <input_file id="fl-90">
         <path>C:\TI\ccs1020\ccs\ccs_base\msp430\lib\FR59xx\</path>
         <kind>archive</kind>
         <file>MSPMPU_INIT_LIB_CCS_msp430_large_code_restricted_data.lib</file>
         <name>mpu_init.o</name>
      </input_file>
      <input_file id="fl-91">
         <path>C:\TI\ccs1020\ccs\tools\compiler\ti-cgt-msp430_20.2.2.LTS\lib\</path>
         <kind>archive</kind>
         <file>rts430x_lc_rd_eabi.lib</file>
         <name>args_main.c.obj</name>
      </input_file>
      <input_file id="fl-92">
         <path>C:\TI\ccs1020\ccs\tools\compiler\ti-cgt-msp430_20.2.2.LTS\lib\</path>
         <kind>archive</kind>
         <file>rts430x_lc_rd_eabi.lib</file>
         <name>autoinit.c.obj</name>
      </input_file>
      <input_file id="fl-93">
         <path>C:\TI\ccs1020\ccs\tools\compiler\ti-cgt-msp430_20.2.2.LTS\lib\</path>
         <kind>archive</kind>
         <file>rts430x_lc_rd_eabi.lib</file>
         <name>startup.c.obj</name>
      </input_file>
      <input_file id="fl-94">
         <path>C:\TI\ccs1020\ccs\tools\compiler\ti-cgt-msp430_20.2.2.LTS\lib\</path>
         <kind>archive</kind>
         <file>rts430x_lc_rd_eabi.lib</file>
         <name>pre_init.c.obj</name>
      </input_file>
      <input_file id="fl-95">
         <path>C:\TI\ccs1020\ccs\tools\compiler\ti-cgt-msp430_20.2.2.LTS\lib\</path>
         <kind>archive</kind>
         <file>rts430x_lc_rd_eabi.lib</file>
         <name>s_ceil.c.obj</name>
      </input_file>
      <input_file id="fl-96">
         <path>C:\TI\ccs1020\ccs\tools\compiler\ti-cgt-msp430_20.2.2.LTS\lib\</path>
         <kind>archive</kind>
         <file>rts430x_lc_rd_eabi.lib</file>
         <name>cpy_tbl.c.obj</name>
      </input_file>
      <input_file id="fl-97">
         <path>C:\TI\ccs1020\ccs\tools\compiler\ti-cgt-msp430_20.2.2.LTS\lib\</path>
         <kind>archive</kind>
         <file>rts430x_lc_rd_eabi.lib</file>
         <name>exit.c.obj</name>
      </input_file>
      <input_file id="fl-98">
         <path>C:\TI\ccs1020\ccs\tools\compiler\ti-cgt-msp430_20.2.2.LTS\lib\</path>
         <kind>archive</kind>
         <file>rts430x_lc_rd_eabi.lib</file>
         <name>exit_gvars.c.obj</name>
      </input_file>
      <input_file id="fl-99">
         <path>C:\TI\ccs1020\ccs\tools\compiler\ti-cgt-msp430_20.2.2.LTS\lib\</path>
         <kind>archive</kind>
         <file>rts430x_lc_rd_eabi.lib</file>
         <name>_lock.c.obj</name>
      </input_file>
      <input_file id="fl-9a">
         <path>C:\TI\ccs1020\ccs\tools\compiler\ti-cgt-msp430_20.2.2.LTS\lib\</path>
         <kind>archive</kind>
         <file>rts430x_lc_rd_eabi.lib</file>
         <name>s_floor.c.obj</name>
      </input_file>
      <input_file id="fl-9b">
         <path>C:\TI\ccs1020\ccs\tools\compiler\ti-cgt-msp430_20.2.2.LTS\lib\</path>
         <kind>archive</kind>
         <file>rts430x_lc_rd_eabi.lib</file>
         <name>memcpy.c.obj</name>
      </input_file>
      <input_file id="fl-9c">
         <path>C:\TI\ccs1020\ccs\tools\compiler\ti-cgt-msp430_20.2.2.LTS\lib\</path>
         <kind>archive</kind>
         <file>rts430x_lc_rd_eabi.lib</file>
         <name>memset.c.obj</name>
      </input_file>
      <input_file id="fl-9d">
         <path>C:\TI\ccs1020\ccs\tools\compiler\ti-cgt-msp430_20.2.2.LTS\lib\</path>
         <kind>archive</kind>
         <file>rts430x_lc_rd_eabi.lib</file>
         <name>s_round.c.obj</name>
      </input_file>
      <input_file id="fl-9e">
         <path>C:\TI\ccs1020\ccs\tools\compiler\ti-cgt-msp430_20.2.2.LTS\lib\</path>
         <kind>archive</kind>
         <file>rts430x_lc_rd_eabi.lib</file>
         <name>negd.c.obj</name>
      </input_file>
      <input_file id="fl-9f">
         <path>C:\TI\ccs1020\ccs\tools\compiler\ti-cgt-msp430_20.2.2.LTS\lib\</path>
         <kind>archive</kind>
         <file>rts430x_lc_rd_eabi.lib</file>
         <name>subd.c.obj</name>
      </input_file>
      <input_file id="fl-a0">
         <path>C:\TI\ccs1020\ccs\tools\compiler\ti-cgt-msp430_20.2.2.LTS\lib\</path>
         <kind>archive</kind>
         <file>rts430x_lc_rd_eabi.lib</file>
         <name>strlen.c.obj</name>
      </input_file>
   </input_file_list>
   <object_component_list>
      <object_component id="oc-988">
         <name>.cinit..data.load</name>
         <load_address>0x46b4</load_address>
         <run_address>0x46b4</run_address>
         <size>0x1f</size>
      </object_component>
      <object_component id="oc-985">
         <name>__TI_handler_table</name>
         <load_address>0x46d4</load_address>
         <run_address>0x46d4</run_address>
         <size>0xc</size>
      </object_component>
      <object_component id="oc-987">
         <name>.cinit..bss.load</name>
         <load_address>0x46e0</load_address>
         <run_address>0x46e0</run_address>
         <size>0x6</size>
      </object_component>
      <object_component id="oc-986">
         <name>__TI_cinit_table</name>
         <load_address>0x46e6</load_address>
         <run_address>0x46e6</run_address>
         <size>0x10</size>
      </object_component>
      <object_component id="oc-916">
         <name>.binit</name>
         <load_address>0x4400</load_address>
         <run_address>0x4400</run_address>
         <size>0x0</size>
      </object_component>
      <object_component id="oc-874">
         <name>.const:FskBandwidths</name>
         <load_address>0x4470</load_address>
         <run_address>0x4470</run_address>
         <size>0x84</size>
         <input_file_ref idref="fl-27"/>
      </object_component>
      <object_component id="oc-524">
         <name>.const:.string</name>
         <load_address>0x44f4</load_address>
         <run_address>0x44f4</run_address>
         <size>0x5c</size>
         <input_file_ref idref="fl-3"/>
      </object_component>
      <object_component id="oc-558">
         <name>.const:sx1276Radio</name>
         <load_address>0x4550</load_address>
         <run_address>0x4550</run_address>
         <size>0x54</size>
         <input_file_ref idref="fl-28"/>
      </object_component>
      <object_component id="oc-761">
         <name>.const:RadioRegsInit</name>
         <load_address>0x45a4</load_address>
         <run_address>0x45a4</run_address>
         <size>0x40</size>
         <input_file_ref idref="fl-27"/>
      </object_component>
      <object_component id="oc-47f">
         <name>.const:GPIO_PORT_TO_BASE</name>
         <load_address>0x45e4</load_address>
         <run_address>0x45e4</run_address>
         <size>0x1c</size>
         <input_file_ref idref="fl-12"/>
      </object_component>
      <object_component id="oc-6ea">
         <name>.const:$P$T0$1</name>
         <load_address>0x4600</load_address>
         <run_address>0x4600</run_address>
         <size>0x12</size>
         <input_file_ref idref="fl-2b"/>
      </object_component>
      <object_component id="oc-5c0">
         <name>.const:$P$T1$2</name>
         <load_address>0x4612</load_address>
         <run_address>0x4612</run_address>
         <size>0x10</size>
         <input_file_ref idref="fl-2c"/>
      </object_component>
      <object_component id="oc-717">
         <name>.const:PIN_MSP_P1_0</name>
         <load_address>0x4622</load_address>
         <run_address>0x4622</run_address>
         <size>0xe</size>
         <input_file_ref idref="fl-28"/>
      </object_component>
      <object_component id="oc-6ff">
         <name>.const:PIN_MSP_P1_3</name>
         <load_address>0x4630</load_address>
         <run_address>0x4630</run_address>
         <size>0xe</size>
         <input_file_ref idref="fl-28"/>
      </object_component>
      <object_component id="oc-70b">
         <name>.const:PIN_MSP_P1_6</name>
         <load_address>0x463e</load_address>
         <run_address>0x463e</run_address>
         <size>0xe</size>
         <input_file_ref idref="fl-28"/>
      </object_component>
      <object_component id="oc-708">
         <name>.const:PIN_MSP_P1_7</name>
         <load_address>0x464c</load_address>
         <run_address>0x464c</run_address>
         <size>0xe</size>
         <input_file_ref idref="fl-28"/>
      </object_component>
      <object_component id="oc-70e">
         <name>.const:PIN_MSP_P2_2</name>
         <load_address>0x465a</load_address>
         <run_address>0x465a</run_address>
         <size>0xe</size>
         <input_file_ref idref="fl-28"/>
      </object_component>
      <object_component id="oc-711">
         <name>.const:PIN_MSP_P3_4</name>
         <load_address>0x4668</load_address>
         <run_address>0x4668</run_address>
         <size>0xe</size>
         <input_file_ref idref="fl-28"/>
      </object_component>
      <object_component id="oc-71d">
         <name>.const:PIN_MSP_P3_5</name>
         <load_address>0x4676</load_address>
         <run_address>0x4676</run_address>
         <size>0xe</size>
         <input_file_ref idref="fl-28"/>
      </object_component>
      <object_component id="oc-720">
         <name>.const:PIN_MSP_P3_6</name>
         <load_address>0x4684</load_address>
         <run_address>0x4684</run_address>
         <size>0xe</size>
         <input_file_ref idref="fl-28"/>
      </object_component>
      <object_component id="oc-714">
         <name>.const:PIN_MSP_P4_3</name>
         <load_address>0x4692</load_address>
         <run_address>0x4692</run_address>
         <size>0xe</size>
         <input_file_ref idref="fl-28"/>
      </object_component>
      <object_component id="oc-71a">
         <name>.const:PIN_MSP_P4_6</name>
         <load_address>0x46a0</load_address>
         <run_address>0x46a0</run_address>
         <size>0xe</size>
         <input_file_ref idref="fl-28"/>
      </object_component>
      <object_component id="oc-5df">
         <name>.const:.string:$P$T0$1</name>
         <load_address>0x46ae</load_address>
         <run_address>0x46ae</run_address>
         <size>0x4</size>
         <input_file_ref idref="fl-2c"/>
      </object_component>
      <object_component id="oc-42c">
         <name>.const</name>
         <load_address>0x46b2</load_address>
         <run_address>0x46b2</run_address>
         <size>0x1</size>
         <input_file_ref idref="fl-2a"/>
      </object_component>
      <object_component id="oc-3d2">
         <name>.text:_isr:PORT4_IRQHandler</name>
         <load_address>0x4400</load_address>
         <run_address>0x4400</run_address>
         <size>0x34</size>
         <input_file_ref idref="fl-2a"/>
      </object_component>
      <object_component id="oc-402">
         <name>.text:_isr:_c_int00_noargs_mpu</name>
         <load_address>0x4434</load_address>
         <run_address>0x4434</run_address>
         <size>0x20</size>
         <input_file_ref idref="fl-8f"/>
      </object_component>
      <object_component id="oc-3cd">
         <name>.text:_isr:__TI_ISR_TRAP</name>
         <load_address>0x4454</load_address>
         <run_address>0x4454</run_address>
         <size>0x8</size>
         <input_file_ref idref="fl-57"/>
      </object_component>
      <object_component id="oc-44f">
         <name>.text:_system_pre_init</name>
         <load_address>0x445c</load_address>
         <run_address>0x445c</run_address>
         <size>0x4</size>
         <input_file_ref idref="fl-94"/>
      </object_component>
      <object_component id="oc-68f">
         <name>.text:SX1276_CadDone</name>
         <load_address>0x4460</load_address>
         <run_address>0x4460</run_address>
         <size>0x2</size>
         <input_file_ref idref="fl-3"/>
      </object_component>
      <object_component id="oc-689">
         <name>.text:SX1276_FhssChangeChannel</name>
         <load_address>0x4462</load_address>
         <run_address>0x4462</run_address>
         <size>0x2</size>
         <input_file_ref idref="fl-3"/>
      </object_component>
      <object_component id="oc-677">
         <name>.text:SX1276_OnRxDone</name>
         <load_address>0x4464</load_address>
         <run_address>0x4464</run_address>
         <size>0x2</size>
         <input_file_ref idref="fl-3"/>
      </object_component>
      <object_component id="oc-683">
         <name>.text:SX1276_OnRxError</name>
         <load_address>0x4466</load_address>
         <run_address>0x4466</run_address>
         <size>0x2</size>
         <input_file_ref idref="fl-3"/>
      </object_component>
      <object_component id="oc-67d">
         <name>.text:SX1276_OnRxTimeout</name>
         <load_address>0x4468</load_address>
         <run_address>0x4468</run_address>
         <size>0x2</size>
         <input_file_ref idref="fl-3"/>
      </object_component>
      <object_component id="oc-66b">
         <name>.text:SX1276_OnTxDone</name>
         <load_address>0x446a</load_address>
         <run_address>0x446a</run_address>
         <size>0x2</size>
         <input_file_ref idref="fl-3"/>
      </object_component>
      <object_component id="oc-671">
         <name>.text:SX1276_OnTxTimeout</name>
         <load_address>0x446c</load_address>
         <run_address>0x446c</run_address>
         <size>0x2</size>
         <input_file_ref idref="fl-3"/>
      </object_component>
      <object_component id="oc-577">
         <name>.text:_system_post_cinit</name>
         <load_address>0x446e</load_address>
         <run_address>0x446e</run_address>
         <size>0x2</size>
         <input_file_ref idref="fl-93"/>
      </object_component>
      <object_component id="oc-85f">
         <name>.text:__TI_frcdivd</name>
         <load_address>0x10000</load_address>
         <run_address>0x10000</run_address>
         <size>0x466</size>
         <input_file_ref idref="fl-75"/>
      </object_component>
      <object_component id="oc-625">
         <name>.text:SX1276SetTxConfig</name>
         <load_address>0x10466</load_address>
         <run_address>0x10466</run_address>
         <size>0x436</size>
         <input_file_ref idref="fl-27"/>
      </object_component>
      <object_component id="oc-61f">
         <name>.text:SX1276SetRxConfig</name>
         <load_address>0x1089c</load_address>
         <run_address>0x1089c</run_address>
         <size>0x3be</size>
         <input_file_ref idref="fl-27"/>
      </object_component>
      <object_component id="oc-649">
         <name>.text:SX1276SetRx</name>
         <load_address>0x10c5a</load_address>
         <run_address>0x10c5a</run_address>
         <size>0x37a</size>
         <input_file_ref idref="fl-27"/>
      </object_component>
      <object_component id="oc-631">
         <name>.text:SX1276GetTimeOnAir</name>
         <load_address>0x10fd4</load_address>
         <run_address>0x10fd4</run_address>
         <size>0x32c</size>
         <input_file_ref idref="fl-27"/>
      </object_component>
      <object_component id="oc-7a7">
         <name>.text:__mspabi_addd</name>
         <load_address>0x11300</load_address>
         <run_address>0x11300</run_address>
         <size>0x2e0</size>
         <input_file_ref idref="fl-70"/>
      </object_component>
      <object_component id="oc-4b5">
         <name>.text:task_lora_test</name>
         <load_address>0x115e0</load_address>
         <run_address>0x115e0</run_address>
         <size>0x2cc</size>
         <input_file_ref idref="fl-3"/>
      </object_component>
      <object_component id="oc-88a">
         <name>.text:__TI_frcmpyd</name>
         <load_address>0x118ac</load_address>
         <run_address>0x118ac</run_address>
         <size>0x280</size>
         <input_file_ref idref="fl-82"/>
      </object_component>
      <object_component id="oc-7ad">
         <name>.text:__mspabi_mpyd</name>
         <load_address>0x11b2c</load_address>
         <run_address>0x11b2c</run_address>
         <size>0x266</size>
         <input_file_ref idref="fl-81"/>
      </object_component>
      <object_component id="oc-882">
         <name>.text:__TI_frcaddd</name>
         <load_address>0x11d92</load_address>
         <run_address>0x11d92</run_address>
         <size>0x248</size>
         <input_file_ref idref="fl-71"/>
      </object_component>
      <object_component id="oc-76d">
         <name>.text:__mspabi_divd</name>
         <load_address>0x11fda</load_address>
         <run_address>0x11fda</run_address>
         <size>0x222</size>
         <input_file_ref idref="fl-74"/>
      </object_component>
      <object_component id="oc-5ad">
         <name>.text:BoardIoInit</name>
         <load_address>0x121fc</load_address>
         <run_address>0x121fc</run_address>
         <size>0x1ca</size>
         <input_file_ref idref="fl-28"/>
      </object_component>
      <object_component id="oc-7b3">
         <name>.text:ceil</name>
         <load_address>0x123c6</load_address>
         <run_address>0x123c6</run_address>
         <size>0x1c6</size>
         <input_file_ref idref="fl-95"/>
      </object_component>
      <object_component id="oc-7bf">
         <name>.text:floor</name>
         <load_address>0x1258c</load_address>
         <run_address>0x1258c</run_address>
         <size>0x1c4</size>
         <input_file_ref idref="fl-9a"/>
      </object_component>
      <object_component id="oc-8bd">
         <name>.text:privateCSASourceClockFromDCO</name>
         <load_address>0x12750</load_address>
         <run_address>0x12750</run_address>
         <size>0x17c</size>
         <input_file_ref idref="fl-9"/>
      </object_component>
      <object_component id="oc-59a">
         <name>.text:CS_setDCOFreq</name>
         <load_address>0x128cc</load_address>
         <run_address>0x128cc</run_address>
         <size>0x140</size>
         <input_file_ref idref="fl-9"/>
      </object_component>
      <object_component id="oc-7c5">
         <name>.text:round</name>
         <load_address>0x12a0c</load_address>
         <run_address>0x12a0c</run_address>
         <size>0x106</size>
         <input_file_ref idref="fl-9d"/>
      </object_component>
      <object_component id="oc-800">
         <name>.text:privateCSAComputeCLKFrequency</name>
         <load_address>0x12b12</load_address>
         <run_address>0x12b12</run_address>
         <size>0xe0</size>
         <input_file_ref idref="fl-9"/>
      </object_component>
      <object_component id="oc-755">
         <name>.text:RxChainCalibration</name>
         <load_address>0x12bf2</load_address>
         <run_address>0x12bf2</run_address>
         <size>0xde</size>
         <input_file_ref idref="fl-27"/>
      </object_component>
      <object_component id="oc-7b9">
         <name>.text:__mspabi_cmpd</name>
         <load_address>0x12cd0</load_address>
         <run_address>0x12cd0</run_address>
         <size>0xd8</size>
         <input_file_ref idref="fl-73"/>
      </object_component>
      <object_component id="oc-8e6">
         <name>.text:__TI_renormd</name>
         <load_address>0x12da8</load_address>
         <run_address>0x12da8</run_address>
         <size>0xb2</size>
         <input_file_ref idref="fl-72"/>
      </object_component>
      <object_component id="oc-5a0">
         <name>.text:ClockSet</name>
         <load_address>0x12e5a</load_address>
         <run_address>0x12e5a</run_address>
         <size>0xa8</size>
         <input_file_ref idref="fl-29"/>
      </object_component>
      <object_component id="oc-87a">
         <name>.text:__mspabi_fltlid</name>
         <load_address>0x12f02</load_address>
         <run_address>0x12f02</run_address>
         <size>0x9e</size>
         <input_file_ref idref="fl-7e"/>
      </object_component>
      <object_component id="oc-5c3">
         <name>.text:EUSCI_A_UART_init</name>
         <load_address>0x12fa0</load_address>
         <run_address>0x12fa0</run_address>
         <size>0x9a</size>
         <input_file_ref idref="fl-d"/>
      </object_component>
      <object_component id="oc-767">
         <name>.text:__mspabi_fltuld</name>
         <load_address>0x1303a</load_address>
         <run_address>0x1303a</run_address>
         <size>0x80</size>
         <input_file_ref idref="fl-80"/>
      </object_component>
      <object_component id="oc-76">
         <name>.text:decompress:lzss:__TI_decompress_lzss</name>
         <load_address>0x130ba</load_address>
         <run_address>0x130ba</run_address>
         <size>0x76</size>
         <input_file_ref idref="fl-54"/>
      </object_component>
      <object_component id="oc-5a7">
         <name>.text:SpiInit</name>
         <load_address>0x13130</load_address>
         <run_address>0x13130</run_address>
         <size>0x74</size>
         <input_file_ref idref="fl-2b"/>
      </object_component>
      <object_component id="oc-518">
         <name>.text:initUART</name>
         <load_address>0x131a4</load_address>
         <run_address>0x131a4</run_address>
         <size>0x74</size>
         <input_file_ref idref="fl-2c"/>
      </object_component>
      <object_component id="oc-607">
         <name>.text:SX1276SetModem</name>
         <load_address>0x13218</load_address>
         <run_address>0x13218</run_address>
         <size>0x72</size>
         <input_file_ref idref="fl-27"/>
      </object_component>
      <object_component id="oc-637">
         <name>.text:SX1276Send</name>
         <load_address>0x1328a</load_address>
         <run_address>0x1328a</run_address>
         <size>0x70</size>
         <input_file_ref idref="fl-27"/>
      </object_component>
      <object_component id="oc-6c6">
         <name>.text:CS_initClockSignal</name>
         <load_address>0x132fa</load_address>
         <run_address>0x132fa</run_address>
         <size>0x6a</size>
         <input_file_ref idref="fl-9"/>
      </object_component>
      <object_component id="oc-787">
         <name>.text:GetFskBandwidthRegValue</name>
         <load_address>0x13364</load_address>
         <run_address>0x13364</run_address>
         <size>0x6a</size>
         <input_file_ref idref="fl-27"/>
      </object_component>
      <object_component id="oc-773">
         <name>.text:__mspabi_fixdul</name>
         <load_address>0x133ce</load_address>
         <run_address>0x133ce</run_address>
         <size>0x68</size>
         <input_file_ref idref="fl-7c"/>
      </object_component>
      <object_component id="oc-50c">
         <name>.text:ClockInit</name>
         <load_address>0x13436</load_address>
         <run_address>0x13436</run_address>
         <size>0x64</size>
         <input_file_ref idref="fl-29"/>
      </object_component>
      <object_component id="oc-5fb">
         <name>.text:SX1276Init</name>
         <load_address>0x1349a</load_address>
         <run_address>0x1349a</run_address>
         <size>0x62</size>
         <input_file_ref idref="fl-27"/>
      </object_component>
      <object_component id="oc-52b">
         <name>.text:uart_printNum</name>
         <load_address>0x134fc</load_address>
         <run_address>0x134fc</run_address>
         <size>0x5e</size>
         <input_file_ref idref="fl-2c"/>
      </object_component>
      <object_component id="oc-724">
         <name>.text:GpioSetInterrupt</name>
         <load_address>0x1355a</load_address>
         <run_address>0x1355a</run_address>
         <size>0x5a</size>
         <input_file_ref idref="fl-2a"/>
      </object_component>
      <object_component id="oc-619">
         <name>.text:SX1276Random</name>
         <load_address>0x135b4</load_address>
         <run_address>0x135b4</run_address>
         <size>0x5a</size>
         <input_file_ref idref="fl-27"/>
      </object_component>
      <object_component id="oc-80e">
         <name>.text</name>
         <load_address>0x1360e</load_address>
         <run_address>0x1360e</run_address>
         <size>0x58</size>
         <input_file_ref idref="fl-79"/>
      </object_component>
      <object_component id="oc-6ed">
         <name>.text:EUSCI_B_SPI_initMaster</name>
         <load_address>0x13666</load_address>
         <run_address>0x13666</run_address>
         <size>0x56</size>
         <input_file_ref idref="fl-f"/>
      </object_component>
      <object_component id="oc-60d">
         <name>.text:SX1276SetChannel</name>
         <load_address>0x136bc</load_address>
         <run_address>0x136bc</run_address>
         <size>0x54</size>
         <input_file_ref idref="fl-27"/>
      </object_component>
      <object_component id="oc-4e0">
         <name>.text:__TI_auto_init_nobinit_nopinit_hold_wdt:__TI_auto_init_nobinit_nopinit_hold_wdt</name>
         <load_address>0x13710</load_address>
         <run_address>0x13710</run_address>
         <size>0x54</size>
         <input_file_ref idref="fl-92"/>
      </object_component>
      <object_component id="oc-655">
         <name>.text:SX1276ReadRssi</name>
         <load_address>0x13764</load_address>
         <run_address>0x13764</run_address>
         <size>0x50</size>
         <input_file_ref idref="fl-27"/>
      </object_component>
      <object_component id="oc-82b">
         <name>.text:GPIO_setAsInputPinWithPullDownResistor</name>
         <load_address>0x137b4</load_address>
         <run_address>0x137b4</run_address>
         <size>0x4a</size>
         <input_file_ref idref="fl-12"/>
      </object_component>
      <object_component id="oc-5ec">
         <name>.text:SX1276ReadBuffer</name>
         <load_address>0x137fe</load_address>
         <run_address>0x137fe</run_address>
         <size>0x4a</size>
         <input_file_ref idref="fl-27"/>
      </object_component>
      <object_component id="oc-702">
         <name>.text:GpioInit</name>
         <load_address>0x13848</load_address>
         <run_address>0x13848</run_address>
         <size>0x48</size>
         <input_file_ref idref="fl-2a"/>
      </object_component>
      <object_component id="oc-65b">
         <name>.text:SX1276WriteBuffer</name>
         <load_address>0x13890</load_address>
         <run_address>0x13890</run_address>
         <size>0x46</size>
         <input_file_ref idref="fl-27"/>
      </object_component>
      <object_component id="oc-7d2">
         <name>.text:SX1276SetTx</name>
         <load_address>0x138d6</load_address>
         <run_address>0x138d6</run_address>
         <size>0x42</size>
         <input_file_ref idref="fl-27"/>
      </object_component>
      <object_component id="oc-8b8">
         <name>.text</name>
         <load_address>0x13918</load_address>
         <run_address>0x13918</run_address>
         <size>0x40</size>
         <input_file_ref idref="fl-77"/>
      </object_component>
      <object_component id="oc-613">
         <name>.text:SX1276IsChannelFree</name>
         <load_address>0x13958</load_address>
         <run_address>0x13958</run_address>
         <size>0x3e</size>
         <input_file_ref idref="fl-27"/>
      </object_component>
      <object_component id="oc-8d8">
         <name>.text:l_asr_const</name>
         <load_address>0x13996</load_address>
         <run_address>0x13996</run_address>
         <size>0x3e</size>
         <input_file_ref idref="fl-8c"/>
      </object_component>
      <object_component id="oc-84f">
         <name>.text:l_lsl_const</name>
         <load_address>0x139d4</load_address>
         <run_address>0x139d4</run_address>
         <size>0x3e</size>
         <input_file_ref idref="fl-8b"/>
      </object_component>
      <object_component id="oc-858">
         <name>.text:l_lsr_const</name>
         <load_address>0x13a12</load_address>
         <run_address>0x13a12</run_address>
         <size>0x3e</size>
         <input_file_ref idref="fl-8d"/>
      </object_component>
      <object_component id="oc-64f">
         <name>.text:SX1276StartCad</name>
         <load_address>0x13a50</load_address>
         <run_address>0x13a50</run_address>
         <size>0x38</size>
         <input_file_ref idref="fl-27"/>
      </object_component>
      <object_component id="oc-53d">
         <name>.text:delay_ms</name>
         <load_address>0x13a88</load_address>
         <run_address>0x13a88</run_address>
         <size>0x38</size>
         <input_file_ref idref="fl-2d"/>
      </object_component>
      <object_component id="oc-546">
         <name>.text:SX1276ReceivePayload</name>
         <load_address>0x13ac0</load_address>
         <run_address>0x13ac0</run_address>
         <size>0x34</size>
         <input_file_ref idref="fl-27"/>
      </object_component>
      <object_component id="oc-661">
         <name>.text:SX1276SetMaxPayloadLength</name>
         <load_address>0x13af4</load_address>
         <run_address>0x13af4</run_address>
         <size>0x34</size>
         <input_file_ref idref="fl-27"/>
      </object_component>
      <object_component id="oc-8a1">
         <name>.text:__mspabi_subd</name>
         <load_address>0x13b28</load_address>
         <run_address>0x13b28</run_address>
         <size>0x32</size>
         <input_file_ref idref="fl-9f"/>
      </object_component>
      <object_component id="oc-54c">
         <name>.text:delay_us</name>
         <load_address>0x13b5a</load_address>
         <run_address>0x13b5a</run_address>
         <size>0x32</size>
         <input_file_ref idref="fl-28"/>
      </object_component>
      <object_component id="oc-525">
         <name>.text:uart_write</name>
         <load_address>0x13b8c</load_address>
         <run_address>0x13b8c</run_address>
         <size>0x32</size>
         <input_file_ref idref="fl-2c"/>
      </object_component>
      <object_component id="oc-426">
         <name>.text:GPIO_getInterruptStatus</name>
         <load_address>0x13bbe</load_address>
         <run_address>0x13bbe</run_address>
         <size>0x30</size>
         <input_file_ref idref="fl-12"/>
      </object_component>
      <object_component id="oc-831">
         <name>.text:GPIO_selectInterruptEdge</name>
         <load_address>0x13bee</load_address>
         <run_address>0x13bee</run_address>
         <size>0x2e</size>
         <input_file_ref idref="fl-12"/>
      </object_component>
      <object_component id="oc-8a7">
         <name>.text:__mspabi_negd</name>
         <load_address>0x13c1c</load_address>
         <run_address>0x13c1c</run_address>
         <size>0x2e</size>
         <input_file_ref idref="fl-9e"/>
      </object_component>
      <object_component id="oc-467">
         <name>.text:__mpu_init</name>
         <load_address>0x13c4a</load_address>
         <run_address>0x13c4a</run_address>
         <size>0x2c</size>
         <input_file_ref idref="fl-90"/>
      </object_component>
      <object_component id="oc-5e2">
         <name>.text</name>
         <load_address>0x13c76</load_address>
         <run_address>0x13c76</run_address>
         <size>0x2c</size>
         <input_file_ref idref="fl-76"/>
      </object_component>
      <object_component id="oc-531">
         <name>.text:SX1276Reset</name>
         <load_address>0x13ca2</load_address>
         <run_address>0x13ca2</run_address>
         <size>0x28</size>
         <input_file_ref idref="fl-27"/>
      </object_component>
      <object_component id="oc-749">
         <name>.text:SpiInOut_LoRa</name>
         <load_address>0x13cca</load_address>
         <run_address>0x13cca</run_address>
         <size>0x24</size>
         <input_file_ref idref="fl-2b"/>
      </object_component>
      <object_component id="oc-3d8">
         <name>.text:decompress:ZI:__TI_zero_init_nomemset:__TI_zero_init_nomemset</name>
         <load_address>0x13cee</load_address>
         <run_address>0x13cee</run_address>
         <size>0x24</size>
         <input_file_ref idref="fl-6f"/>
      </object_component>
      <object_component id="oc-8d3">
         <name>.text</name>
         <load_address>0x13d12</load_address>
         <run_address>0x13d12</run_address>
         <size>0x24</size>
         <input_file_ref idref="fl-86"/>
      </object_component>
      <object_component id="oc-5d6">
         <name>.text:EUSCI_A_UART_transmitData</name>
         <load_address>0x13d36</load_address>
         <run_address>0x13d36</run_address>
         <size>0x22</size>
         <input_file_ref idref="fl-d"/>
      </object_component>
      <object_component id="oc-4a9">
         <name>.text:WDT_A_hold</name>
         <load_address>0x13d58</load_address>
         <run_address>0x13d58</run_address>
         <size>0x20</size>
         <input_file_ref idref="fl-26"/>
      </object_component>
      <object_component id="oc-6d8">
         <name>.text:CS_getACLK</name>
         <load_address>0x13d78</load_address>
         <run_address>0x13d78</run_address>
         <size>0x1e</size>
         <input_file_ref idref="fl-9"/>
      </object_component>
      <object_component id="oc-432">
         <name>.text:GPIO_clearInterrupt</name>
         <load_address>0x13d96</load_address>
         <run_address>0x13d96</run_address>
         <size>0x1e</size>
         <input_file_ref idref="fl-12"/>
      </object_component>
      <object_component id="oc-837">
         <name>.text:GPIO_enableInterrupt</name>
         <load_address>0x13db4</load_address>
         <run_address>0x13db4</run_address>
         <size>0x1e</size>
         <input_file_ref idref="fl-12"/>
      </object_component>
      <object_component id="oc-552">
         <name>.text:SX1276SetIRQFlagMask</name>
         <load_address>0x13dd2</load_address>
         <run_address>0x13dd2</run_address>
         <size>0x1c</size>
         <input_file_ref idref="fl-27"/>
      </object_component>
      <object_component id="oc-75b">
         <name>.text:SX1276SetOpMode</name>
         <load_address>0x13dee</load_address>
         <run_address>0x13dee</run_address>
         <size>0x1c</size>
         <input_file_ref idref="fl-27"/>
      </object_component>
      <object_component id="oc-6cc">
         <name>.text:CS_getSMCLK</name>
         <load_address>0x13e0a</load_address>
         <run_address>0x13e0a</run_address>
         <size>0x1a</size>
         <input_file_ref idref="fl-9"/>
      </object_component>
      <object_component id="oc-51e">
         <name>.text:GpioWrite</name>
         <load_address>0x13e24</load_address>
         <run_address>0x13e24</run_address>
         <size>0x18</size>
         <input_file_ref idref="fl-2a"/>
      </object_component>
      <object_component id="oc-78e">
         <name>.text:SX1276GetPaSelect</name>
         <load_address>0x13e3c</load_address>
         <run_address>0x13e3c</run_address>
         <size>0x18</size>
         <input_file_ref idref="fl-27"/>
      </object_component>
      <object_component id="oc-6b9">
         <name>.text</name>
         <load_address>0x13e54</load_address>
         <run_address>0x13e54</run_address>
         <size>0x18</size>
         <input_file_ref idref="fl-84"/>
      </object_component>
      <object_component id="oc-6de">
         <name>.text:CS_getMCLK</name>
         <load_address>0x13e6c</load_address>
         <run_address>0x13e6c</run_address>
         <size>0x16</size>
         <input_file_ref idref="fl-9"/>
      </object_component>
      <object_component id="oc-7de">
         <name>.text:memset</name>
         <load_address>0x13e82</load_address>
         <run_address>0x13e82</run_address>
         <size>0x16</size>
         <input_file_ref idref="fl-9c"/>
      </object_component>
      <object_component id="oc-73c">
         <name>.text</name>
         <load_address>0x13e98</load_address>
         <run_address>0x13e98</run_address>
         <size>0x16</size>
         <input_file_ref idref="fl-78"/>
      </object_component>
      <object_component id="oc-3c0">
         <name>.text:memcpy</name>
         <load_address>0x13eae</load_address>
         <run_address>0x13eae</run_address>
         <size>0x14</size>
         <input_file_ref idref="fl-9b"/>
      </object_component>
      <object_component id="oc-55e">
         <name>.text:SX1276Write</name>
         <load_address>0x13ec2</load_address>
         <run_address>0x13ec2</run_address>
         <size>0x12</size>
         <input_file_ref idref="fl-27"/>
      </object_component>
      <object_component id="oc-781">
         <name>.text:__mspabi_fixdu</name>
         <load_address>0x13ed4</load_address>
         <run_address>0x13ed4</run_address>
         <size>0x12</size>
         <input_file_ref idref="fl-7b"/>
      </object_component>
      <object_component id="oc-7c">
         <name>.text:decompress:none:__TI_decompress_none</name>
         <load_address>0x13ee6</load_address>
         <run_address>0x13ee6</run_address>
         <size>0x12</size>
         <input_file_ref idref="fl-55"/>
      </object_component>
      <object_component id="oc-455">
         <name>.text:main</name>
         <load_address>0x13ef8</load_address>
         <run_address>0x13ef8</run_address>
         <size>0x12</size>
         <input_file_ref idref="fl-2"/>
      </object_component>
      <object_component id="oc-6d2">
         <name>.text:CS_disableClockRequest</name>
         <load_address>0x13f0a</load_address>
         <run_address>0x13f0a</run_address>
         <size>0x10</size>
         <input_file_ref idref="fl-9"/>
      </object_component>
      <object_component id="oc-537">
         <name>.text:SX1276Read</name>
         <load_address>0x13f1a</load_address>
         <run_address>0x13f1a</run_address>
         <size>0x10</size>
         <input_file_ref idref="fl-27"/>
      </object_component>
      <object_component id="oc-892">
         <name>.text:l_asr</name>
         <load_address>0x13f2a</load_address>
         <run_address>0x13f2a</run_address>
         <size>0x10</size>
         <input_file_ref idref="fl-8c"/>
      </object_component>
      <object_component id="oc-77b">
         <name>.text:l_lsl</name>
         <load_address>0x13f3a</load_address>
         <run_address>0x13f3a</run_address>
         <size>0x10</size>
         <input_file_ref idref="fl-8b"/>
      </object_component>
      <object_component id="oc-86c">
         <name>.text:l_lsr</name>
         <load_address>0x13f4a</load_address>
         <run_address>0x13f4a</run_address>
         <size>0x10</size>
         <input_file_ref idref="fl-8d"/>
      </object_component>
      <object_component id="oc-512">
         <name>.text:BoardInitMcu</name>
         <load_address>0x13f5a</load_address>
         <run_address>0x13f5a</run_address>
         <size>0xe</size>
         <input_file_ref idref="fl-28"/>
      </object_component>
      <object_component id="oc-5d0">
         <name>.text:strlen</name>
         <load_address>0x13f68</load_address>
         <run_address>0x13f68</run_address>
         <size>0xe</size>
         <input_file_ref idref="fl-a0"/>
      </object_component>
      <object_component id="oc-5b3">
         <name>.text:BoardIoIrqInit</name>
         <load_address>0x13f76</load_address>
         <run_address>0x13f76</run_address>
         <size>0xc</size>
         <input_file_ref idref="fl-28"/>
      </object_component>
      <object_component id="oc-63d">
         <name>.text:SX1276SetSleep</name>
         <load_address>0x13f82</load_address>
         <run_address>0x13f82</run_address>
         <size>0xc</size>
         <input_file_ref idref="fl-27"/>
      </object_component>
      <object_component id="oc-643">
         <name>.text:SX1276SetStby</name>
         <load_address>0x13f8e</load_address>
         <run_address>0x13f8e</run_address>
         <size>0xc</size>
         <input_file_ref idref="fl-27"/>
      </object_component>
      <object_component id="oc-7cc">
         <name>.text:SX1276WriteFifo</name>
         <load_address>0x13f9a</load_address>
         <run_address>0x13f9a</run_address>
         <size>0xc</size>
         <input_file_ref idref="fl-27"/>
      </object_component>
      <object_component id="oc-79b">
         <name>.text:__mspabi_fltid</name>
         <load_address>0x13fa6</load_address>
         <run_address>0x13fa6</run_address>
         <size>0xc</size>
         <input_file_ref idref="fl-7d"/>
      </object_component>
      <object_component id="oc-845">
         <name>.text:EUSCI_B_SPI_receiveData</name>
         <load_address>0x13fb2</load_address>
         <run_address>0x13fb2</run_address>
         <size>0xa</size>
         <input_file_ref idref="fl-f"/>
      </object_component>
      <object_component id="oc-43b">
         <name>.text:GpioToggle</name>
         <load_address>0x13fbc</load_address>
         <run_address>0x13fbc</run_address>
         <size>0xa</size>
         <input_file_ref idref="fl-2a"/>
      </object_component>
      <object_component id="oc-796">
         <name>.text</name>
         <load_address>0x13fc6</load_address>
         <run_address>0x13fc6</run_address>
         <size>0xa</size>
         <input_file_ref idref="fl-8a"/>
      </object_component>
      <object_component id="oc-5ba">
         <name>.text:EUSCI_A_UART_enable</name>
         <load_address>0x13fd0</load_address>
         <run_address>0x13fd0</run_address>
         <size>0x6</size>
         <input_file_ref idref="fl-d"/>
      </object_component>
      <object_component id="oc-6f3">
         <name>.text:EUSCI_B_SPI_enable</name>
         <load_address>0x13fd6</load_address>
         <run_address>0x13fd6</run_address>
         <size>0x6</size>
         <input_file_ref idref="fl-f"/>
      </object_component>
      <object_component id="oc-4af">
         <name>.text:PMM_unlockLPM5</name>
         <load_address>0x13fdc</load_address>
         <run_address>0x13fdc</run_address>
         <size>0x6</size>
         <input_file_ref idref="fl-18"/>
      </object_component>
      <object_component id="oc-601">
         <name>.text:SX1276GetStatus</name>
         <load_address>0x13fe2</load_address>
         <run_address>0x13fe2</run_address>
         <size>0x6</size>
         <input_file_ref idref="fl-27"/>
      </object_component>
      <object_component id="oc-7a1">
         <name>.text:__mspabi_fltud</name>
         <load_address>0x13fe8</load_address>
         <run_address>0x13fe8</run_address>
         <size>0x6</size>
         <input_file_ref idref="fl-7f"/>
      </object_component>
      <object_component id="oc-4bc">
         <name>.text:abort</name>
         <load_address>0x13fee</load_address>
         <run_address>0x13fee</run_address>
         <size>0x6</size>
         <input_file_ref idref="fl-97"/>
      </object_component>
      <object_component id="oc-62b">
         <name>.text:SX1276CheckRfFrequency</name>
         <load_address>0x13ff4</load_address>
         <run_address>0x13ff4</run_address>
         <size>0x4</size>
         <input_file_ref idref="fl-27"/>
      </object_component>
      <object_component id="oc-543">
         <name>.bss:BR_buffer</name>
         <uninitialized>true</uninitialized>
         <run_address>0x1c00</run_address>
         <size>0x100</size>
         <input_file_ref idref="fl-3"/>
      </object_component>
      <object_component id="oc-752">
         <name>.bss</name>
         <uninitialized>true</uninitialized>
         <run_address>0x1f00</run_address>
         <size>0x4</size>
         <input_file_ref idref="fl-27"/>
      </object_component>
      <object_component id="oc-7db">
         <name>.bss:RxTxBuffer</name>
         <uninitialized>true</uninitialized>
         <run_address>0x1d00</run_address>
         <size>0x100</size>
         <input_file_ref idref="fl-27"/>
      </object_component>
      <object_component id="oc-84b">
         <name>.common:SPI_RXData_LoRa</name>
         <uninitialized>true</uninitialized>
         <run_address>0x1f04</run_address>
         <size>0x1</size>
      </object_component>
      <object_component id="oc-438">
         <name>.common:SD_PHY</name>
         <uninitialized>true</uninitialized>
         <run_address>0x1ec4</run_address>
         <size>0x3c</size>
      </object_component>
      <object_component id="oc-5e8">
         <name>.common:SX1276</name>
         <uninitialized>true</uninitialized>
         <run_address>0x1e00</run_address>
         <size>0xc4</size>
      </object_component>
      <object_component id="oc-42f">
         <name>.data</name>
         <load_address>0x1f32</load_address>
         <run_address>0x1f32</run_address>
         <size>0x2</size>
         <input_file_ref idref="fl-2"/>
      </object_component>
      <object_component id="oc-55b">
         <name>.data:sx1276</name>
         <load_address>0x1f06</load_address>
         <run_address>0x1f06</run_address>
         <size>0x24</size>
         <input_file_ref idref="fl-3"/>
      </object_component>
      <object_component id="oc-8b5">
         <name>.data</name>
         <load_address>0x1f2a</load_address>
         <run_address>0x1f2a</run_address>
         <size>0x8</size>
         <input_file_ref idref="fl-9"/>
      </object_component>
      <object_component id="oc-3b1">
         <name>.stack</name>
         <uninitialized>true</uninitialized>
         <run_address>0x2360</run_address>
         <size>0x4</size>
         <input_file_ref idref="fl-8f"/>
      </object_component>
      <object_component id="oc-989">
         <name>.stack</name>
         <uninitialized>true</uninitialized>
         <run_address>0x2360</run_address>
         <size>0x0</size>
      </object_component>
      <object_component id="oc-82">
         <name>.int30</name>
         <load_address>0xffcc</load_address>
         <run_address>0xffcc</run_address>
         <size>0x2</size>
         <input_file_ref idref="fl-56"/>
      </object_component>
      <object_component id="oc-83">
         <name>.int31</name>
         <load_address>0xffce</load_address>
         <run_address>0xffce</run_address>
         <size>0x2</size>
         <input_file_ref idref="fl-58"/>
      </object_component>
      <object_component id="oc-84">
         <name>.int32</name>
         <load_address>0xffd0</load_address>
         <run_address>0xffd0</run_address>
         <size>0x2</size>
         <input_file_ref idref="fl-2a"/>
      </object_component>
      <object_component id="oc-85">
         <name>.int33</name>
         <load_address>0xffd2</load_address>
         <run_address>0xffd2</run_address>
         <size>0x2</size>
         <input_file_ref idref="fl-59"/>
      </object_component>
      <object_component id="oc-86">
         <name>.int34</name>
         <load_address>0xffd4</load_address>
         <run_address>0xffd4</run_address>
         <size>0x2</size>
         <input_file_ref idref="fl-5a"/>
      </object_component>
      <object_component id="oc-87">
         <name>.int35</name>
         <load_address>0xffd6</load_address>
         <run_address>0xffd6</run_address>
         <size>0x2</size>
         <input_file_ref idref="fl-5b"/>
      </object_component>
      <object_component id="oc-88">
         <name>.int36</name>
         <load_address>0xffd8</load_address>
         <run_address>0xffd8</run_address>
         <size>0x2</size>
         <input_file_ref idref="fl-5c"/>
      </object_component>
      <object_component id="oc-89">
         <name>.int37</name>
         <load_address>0xffda</load_address>
         <run_address>0xffda</run_address>
         <size>0x2</size>
         <input_file_ref idref="fl-5d"/>
      </object_component>
      <object_component id="oc-8a">
         <name>.int38</name>
         <load_address>0xffdc</load_address>
         <run_address>0xffdc</run_address>
         <size>0x2</size>
         <input_file_ref idref="fl-5e"/>
      </object_component>
      <object_component id="oc-8b">
         <name>.int39</name>
         <load_address>0xffde</load_address>
         <run_address>0xffde</run_address>
         <size>0x2</size>
         <input_file_ref idref="fl-5f"/>
      </object_component>
      <object_component id="oc-8c">
         <name>.int40</name>
         <load_address>0xffe0</load_address>
         <run_address>0xffe0</run_address>
         <size>0x2</size>
         <input_file_ref idref="fl-60"/>
      </object_component>
      <object_component id="oc-8d">
         <name>.int41</name>
         <load_address>0xffe2</load_address>
         <run_address>0xffe2</run_address>
         <size>0x2</size>
         <input_file_ref idref="fl-61"/>
      </object_component>
      <object_component id="oc-8e">
         <name>.int42</name>
         <load_address>0xffe4</load_address>
         <run_address>0xffe4</run_address>
         <size>0x2</size>
         <input_file_ref idref="fl-62"/>
      </object_component>
      <object_component id="oc-8f">
         <name>.int43</name>
         <load_address>0xffe6</load_address>
         <run_address>0xffe6</run_address>
         <size>0x2</size>
         <input_file_ref idref="fl-63"/>
      </object_component>
      <object_component id="oc-90">
         <name>.int44</name>
         <load_address>0xffe8</load_address>
         <run_address>0xffe8</run_address>
         <size>0x2</size>
         <input_file_ref idref="fl-64"/>
      </object_component>
      <object_component id="oc-91">
         <name>.int45</name>
         <load_address>0xffea</load_address>
         <run_address>0xffea</run_address>
         <size>0x2</size>
         <input_file_ref idref="fl-65"/>
      </object_component>
      <object_component id="oc-92">
         <name>.int46</name>
         <load_address>0xffec</load_address>
         <run_address>0xffec</run_address>
         <size>0x2</size>
         <input_file_ref idref="fl-66"/>
      </object_component>
      <object_component id="oc-93">
         <name>.int47</name>
         <load_address>0xffee</load_address>
         <run_address>0xffee</run_address>
         <size>0x2</size>
         <input_file_ref idref="fl-67"/>
      </object_component>
      <object_component id="oc-94">
         <name>.int48</name>
         <load_address>0xfff0</load_address>
         <run_address>0xfff0</run_address>
         <size>0x2</size>
         <input_file_ref idref="fl-68"/>
      </object_component>
      <object_component id="oc-95">
         <name>.int49</name>
         <load_address>0xfff2</load_address>
         <run_address>0xfff2</run_address>
         <size>0x2</size>
         <input_file_ref idref="fl-69"/>
      </object_component>
      <object_component id="oc-96">
         <name>.int50</name>
         <load_address>0xfff4</load_address>
         <run_address>0xfff4</run_address>
         <size>0x2</size>
         <input_file_ref idref="fl-6a"/>
      </object_component>
      <object_component id="oc-97">
         <name>.int51</name>
         <load_address>0xfff6</load_address>
         <run_address>0xfff6</run_address>
         <size>0x2</size>
         <input_file_ref idref="fl-6b"/>
      </object_component>
      <object_component id="oc-98">
         <name>.int52</name>
         <load_address>0xfff8</load_address>
         <run_address>0xfff8</run_address>
         <size>0x2</size>
         <input_file_ref idref="fl-6c"/>
      </object_component>
      <object_component id="oc-99">
         <name>.int53</name>
         <load_address>0xfffa</load_address>
         <run_address>0xfffa</run_address>
         <size>0x2</size>
         <input_file_ref idref="fl-6d"/>
      </object_component>
      <object_component id="oc-9a">
         <name>.int54</name>
         <load_address>0xfffc</load_address>
         <run_address>0xfffc</run_address>
         <size>0x2</size>
         <input_file_ref idref="fl-6e"/>
      </object_component>
      <object_component id="oc-3b4">
         <name>.reset</name>
         <load_address>0xfffe</load_address>
         <run_address>0xfffe</run_address>
         <size>0x2</size>
         <input_file_ref idref="fl-8f"/>
      </object_component>
      <object_component id="oc-439">
         <name>.debug_info</name>
         <load_address>0x0</load_address>
         <run_address>0x0</run_address>
         <size>0x4b5</size>
         <input_file_ref idref="fl-2"/>
      </object_component>
      <object_component id="oc-430">
         <name>.debug_info</name>
         <load_address>0x4b5</load_address>
         <run_address>0x4b5</run_address>
         <size>0xc1</size>
         <input_file_ref idref="fl-2"/>
      </object_component>
      <object_component id="oc-456">
         <name>.debug_info</name>
         <load_address>0x576</load_address>
         <run_address>0x576</run_address>
         <size>0x11c</size>
         <input_file_ref idref="fl-2"/>
      </object_component>
      <object_component id="oc-491">
         <name>.debug_info</name>
         <load_address>0x692</load_address>
         <run_address>0x692</run_address>
         <size>0x7e9</size>
         <input_file_ref idref="fl-2"/>
      </object_component>
      <object_component id="oc-489">
         <name>.debug_info</name>
         <load_address>0xe7b</load_address>
         <run_address>0xe7b</run_address>
         <size>0x16a</size>
         <input_file_ref idref="fl-2"/>
      </object_component>
      <object_component id="oc-500">
         <name>.debug_info</name>
         <load_address>0xfe5</load_address>
         <run_address>0xfe5</run_address>
         <size>0x17f</size>
         <input_file_ref idref="fl-2"/>
      </object_component>
      <object_component id="oc-6e5">
         <name>.debug_info</name>
         <load_address>0x1164</load_address>
         <run_address>0x1164</run_address>
         <size>0x63</size>
         <input_file_ref idref="fl-2"/>
      </object_component>
      <object_component id="oc-49b">
         <name>.debug_info</name>
         <load_address>0x11c7</load_address>
         <run_address>0x11c7</run_address>
         <size>0x206</size>
         <input_file_ref idref="fl-2"/>
      </object_component>
      <object_component id="oc-496">
         <name>.debug_info</name>
         <load_address>0x13cd</load_address>
         <run_address>0x13cd</run_address>
         <size>0x26b</size>
         <input_file_ref idref="fl-2"/>
      </object_component>
      <object_component id="oc-5ca">
         <name>.debug_info</name>
         <load_address>0x1638</load_address>
         <run_address>0x1638</run_address>
         <size>0xee</size>
         <input_file_ref idref="fl-2"/>
      </object_component>
      <object_component id="oc-6fa">
         <name>.debug_info</name>
         <load_address>0x1726</load_address>
         <run_address>0x1726</run_address>
         <size>0x174</size>
         <input_file_ref idref="fl-2"/>
      </object_component>
      <object_component id="oc-505">
         <name>.debug_info</name>
         <load_address>0x189a</load_address>
         <run_address>0x189a</run_address>
         <size>0x8a</size>
         <input_file_ref idref="fl-2"/>
      </object_component>
      <object_component id="oc-47a">
         <name>.debug_info</name>
         <load_address>0x1924</load_address>
         <run_address>0x1924</run_address>
         <size>0x8b</size>
         <input_file_ref idref="fl-2"/>
      </object_component>
      <object_component id="oc-4a1">
         <name>.debug_info</name>
         <load_address>0x19af</load_address>
         <run_address>0x19af</run_address>
         <size>0x282</size>
         <input_file_ref idref="fl-2"/>
      </object_component>
      <object_component id="oc-442">
         <name>.debug_info</name>
         <load_address>0x1c31</load_address>
         <run_address>0x1c31</run_address>
         <size>0xbb</size>
         <input_file_ref idref="fl-2"/>
      </object_component>
      <object_component id="oc-41e">
         <name>.debug_info</name>
         <load_address>0x1cec</load_address>
         <run_address>0x1cec</run_address>
         <size>0x2c</size>
         <input_file_ref idref="fl-2"/>
      </object_component>
      <object_component id="oc-5f6">
         <name>.debug_info</name>
         <load_address>0x1d18</load_address>
         <run_address>0x1d18</run_address>
         <size>0x6df</size>
         <input_file_ref idref="fl-3"/>
      </object_component>
      <object_component id="oc-55c">
         <name>.debug_info</name>
         <load_address>0x23f7</load_address>
         <run_address>0x23f7</run_address>
         <size>0xc0</size>
         <input_file_ref idref="fl-3"/>
      </object_component>
      <object_component id="oc-544">
         <name>.debug_info</name>
         <load_address>0x24b7</load_address>
         <run_address>0x24b7</run_address>
         <size>0xc5</size>
         <input_file_ref idref="fl-3"/>
[...]
         <value>0x13cca</value>
         <object_component_ref idref="oc-749"/>
      </symbol>
      <symbol id="sm-80b">
         <name>uart_write</name>
         <value>0x13b8c</value>
         <object_component_ref idref="oc-525"/>
      </symbol>
      <symbol id="sm-80c">
         <name>uart_printNum</name>
         <value>0x134fc</value>
         <object_component_ref idref="oc-52b"/>
      </symbol>
      <symbol id="sm-80d">
         <name>initUART</name>
         <value>0x131a4</value>
         <object_component_ref idref="oc-518"/>
      </symbol>
      <symbol id="sm-819">
         <name>delay_ms</name>
         <value>0x13a88</value>
         <object_component_ref idref="oc-53d"/>
      </symbol>
      <symbol id="sm-83c">
         <name>__TI_decompress_lzss</name>
         <value>0x130ba</value>
         <object_component_ref idref="oc-76"/>
      </symbol>
      <symbol id="sm-84d">
         <name>__TI_decompress_none</name>
         <value>0x13ee6</value>
         <object_component_ref idref="oc-7c"/>
      </symbol>
      <symbol id="sm-850">
         <name>__TI_int30</name>
         <value>0xffcc</value>
         <object_component_ref idref="oc-82"/>
      </symbol>
      <symbol id="sm-858">
         <name>__TI_ISR_TRAP</name>
         <value>0x4454</value>
         <object_component_ref idref="oc-3cd"/>
      </symbol>
      <symbol id="sm-85b">
         <name>__TI_int31</name>
         <value>0xffce</value>
         <object_component_ref idref="oc-83"/>
      </symbol>
      <symbol id="sm-85e">
         <name>__TI_int33</name>
         <value>0xffd2</value>
         <object_component_ref idref="oc-85"/>
      </symbol>
      <symbol id="sm-861">
         <name>__TI_int34</name>
         <value>0xffd4</value>
         <object_component_ref idref="oc-86"/>
      </symbol>
      <symbol id="sm-864">
         <name>__TI_int35</name>
         <value>0xffd6</value>
         <object_component_ref idref="oc-87"/>
      </symbol>
      <symbol id="sm-867">
         <name>__TI_int36</name>
         <value>0xffd8</value>
         <object_component_ref idref="oc-88"/>
      </symbol>
      <symbol id="sm-86a">
         <name>__TI_int37</name>
         <value>0xffda</value>
         <object_component_ref idref="oc-89"/>
      </symbol>
      <symbol id="sm-86d">
         <name>__TI_int38</name>
         <value>0xffdc</value>
         <object_component_ref idref="oc-8a"/>
      </symbol>
      <symbol id="sm-870">
         <name>__TI_int39</name>
         <value>0xffde</value>
         <object_component_ref idref="oc-8b"/>
      </symbol>
      <symbol id="sm-873">
         <name>__TI_int40</name>
         <value>0xffe0</value>
         <object_component_ref idref="oc-8c"/>
      </symbol>
      <symbol id="sm-876">
         <name>__TI_int41</name>
         <value>0xffe2</value>
         <object_component_ref idref="oc-8d"/>
      </symbol>
      <symbol id="sm-879">
         <name>__TI_int42</name>
         <value>0xffe4</value>
         <object_component_ref idref="oc-8e"/>
      </symbol>
      <symbol id="sm-87c">
         <name>__TI_int43</name>
         <value>0xffe6</value>
         <object_component_ref idref="oc-8f"/>
      </symbol>
      <symbol id="sm-87f">
         <name>__TI_int44</name>
         <value>0xffe8</value>
         <object_component_ref idref="oc-90"/>
      </symbol>
      <symbol id="sm-882">
         <name>__TI_int45</name>
         <value>0xffea</value>
         <object_component_ref idref="oc-91"/>
      </symbol>
      <symbol id="sm-885">
         <name>__TI_int46</name>
         <value>0xffec</value>
         <object_component_ref idref="oc-92"/>
      </symbol>
      <symbol id="sm-888">
         <name>__TI_int47</name>
         <value>0xffee</value>
         <object_component_ref idref="oc-93"/>
      </symbol>
      <symbol id="sm-88b">
         <name>__TI_int48</name>
         <value>0xfff0</value>
         <object_component_ref idref="oc-94"/>
      </symbol>
      <symbol id="sm-88e">
         <name>__TI_int49</name>
         <value>0xfff2</value>
         <object_component_ref idref="oc-95"/>
      </symbol>
      <symbol id="sm-891">
         <name>__TI_int50</name>
         <value>0xfff4</value>
         <object_component_ref idref="oc-96"/>
      </symbol>
      <symbol id="sm-894">
         <name>__TI_int51</name>
         <value>0xfff6</value>
         <object_component_ref idref="oc-97"/>
      </symbol>
      <symbol id="sm-897">
         <name>__TI_int52</name>
         <value>0xfff8</value>
         <object_component_ref idref="oc-98"/>
      </symbol>
      <symbol id="sm-89a">
         <name>__TI_int53</name>
         <value>0xfffa</value>
         <object_component_ref idref="oc-99"/>
      </symbol>
      <symbol id="sm-89d">
         <name>__TI_int54</name>
         <value>0xfffc</value>
         <object_component_ref idref="oc-9a"/>
      </symbol>
      <symbol id="sm-8b0">
         <name>__TI_zero_init_nomemset</name>
         <value>0x13cee</value>
         <object_component_ref idref="oc-3d8"/>
      </symbol>
      <symbol id="sm-8d7">
         <name>__mspabi_addd</name>
         <value>0x11300</value>
         <object_component_ref idref="oc-7a7"/>
      </symbol>
      <symbol id="sm-8f8">
         <name>__TI_frcaddd</name>
         <value>0x11d92</value>
         <object_component_ref idref="oc-882"/>
      </symbol>
      <symbol id="sm-90c">
         <name>__TI_renormd</name>
         <value>0x12da8</value>
         <object_component_ref idref="oc-8e6"/>
      </symbol>
      <symbol id="sm-926">
         <name>__mspabi_cmpd</name>
         <value>0x12cd0</value>
         <object_component_ref idref="oc-7b9"/>
      </symbol>
      <symbol id="sm-947">
         <name>__mspabi_divd</name>
         <value>0x11fda</value>
         <object_component_ref idref="oc-76d"/>
      </symbol>
      <symbol id="sm-962">
         <name>__TI_frcdivd</name>
         <value>0x10000</value>
         <object_component_ref idref="oc-85f"/>
      </symbol>
      <symbol id="sm-96e">
         <name>__mspabi_remi</name>
         <value>0x13c76</value>
         <object_component_ref idref="oc-5e2"/>
      </symbol>
      <symbol id="sm-96f">
         <name>__mspabi_divi</name>
         <value>0x13c76</value>
         <object_component_ref idref="oc-5e2"/>
      </symbol>
      <symbol id="sm-97b">
         <name>__mspabi_remli</name>
         <value>0x13918</value>
         <object_component_ref idref="oc-8b8"/>
      </symbol>
      <symbol id="sm-97c">
         <name>__mspabi_divli</name>
         <value>0x13918</value>
         <object_component_ref idref="oc-8b8"/>
      </symbol>
      <symbol id="sm-986">
         <name>__mspabi_remu</name>
         <value>0x13e98</value>
         <object_component_ref idref="oc-73c"/>
      </symbol>
      <symbol id="sm-987">
         <name>__mspabi_divu</name>
         <value>0x13e98</value>
         <object_component_ref idref="oc-73c"/>
      </symbol>
      <symbol id="sm-995">
         <name>__mspabi_remul</name>
         <value>0x1360e</value>
         <object_component_ref idref="oc-80e"/>
      </symbol>
      <symbol id="sm-996">
         <name>__mspabi_divul</name>
         <value>0x1360e</value>
         <object_component_ref idref="oc-80e"/>
      </symbol>
      <symbol id="sm-9a2">
         <name>__mspabi_fixdu</name>
         <value>0x13ed4</value>
         <object_component_ref idref="oc-781"/>
      </symbol>
      <symbol id="sm-9b2">
         <name>__mspabi_fixdul</name>
         <value>0x133ce</value>
         <object_component_ref idref="oc-773"/>
      </symbol>
      <symbol id="sm-9bb">
         <name>__mspabi_fltid</name>
         <value>0x13fa6</value>
         <object_component_ref idref="oc-79b"/>
      </symbol>
      <symbol id="sm-9d3">
         <name>__mspabi_fltlid</name>
         <value>0x12f02</value>
         <object_component_ref idref="oc-87a"/>
      </symbol>
      <symbol id="sm-9dc">
         <name>__mspabi_fltud</name>
         <value>0x13fe8</value>
         <object_component_ref idref="oc-7a1"/>
      </symbol>
      <symbol id="sm-9f1">
         <name>__mspabi_fltuld</name>
         <value>0x1303a</value>
         <object_component_ref idref="oc-767"/>
      </symbol>
      <symbol id="sm-a12">
         <name>__mspabi_mpyd</name>
         <value>0x11b2c</value>
         <object_component_ref idref="oc-7ad"/>
      </symbol>
      <symbol id="sm-a22">
         <name>__TI_frcmpyd</name>
         <value>0x118ac</value>
         <object_component_ref idref="oc-88a"/>
      </symbol>
      <symbol id="sm-a2b">
         <name>__mspabi_mpyi_f5hw</name>
         <value>0x13e54</value>
         <object_component_ref idref="oc-6b9"/>
      </symbol>
      <symbol id="sm-a34">
         <name>__mspabi_mpyl_f5hw</name>
         <value>0x13d12</value>
         <object_component_ref idref="oc-8d3"/>
      </symbol>
      <symbol id="sm-a40">
         <name>__mspabi_slli</name>
         <value>0x13fc6</value>
         <object_component_ref idref="oc-796"/>
      </symbol>
      <symbol id="sm-a50">
         <name>__mspabi_slll_9</name>
         <value>0x139ec</value>
         <object_component_ref idref="oc-84f"/>
      </symbol>
      <symbol id="sm-a51">
         <name>__mspabi_slll_8</name>
         <value>0x139f0</value>
         <object_component_ref idref="oc-84f"/>
      </symbol>
      <symbol id="sm-a52">
         <name>__mspabi_slll_7</name>
         <value>0x139f4</value>
         <object_component_ref idref="oc-84f"/>
      </symbol>
      <symbol id="sm-a53">
         <name>__mspabi_slll_6</name>
         <value>0x139f8</value>
         <object_component_ref idref="oc-84f"/>
      </symbol>
      <symbol id="sm-a54">
         <name>__mspabi_slll_5</name>
         <value>0x139fc</value>
         <object_component_ref idref="oc-84f"/>
      </symbol>
      <symbol id="sm-a55">
         <name>__mspabi_slll_4</name>
         <value>0x13a00</value>
         <object_component_ref idref="oc-84f"/>
      </symbol>
      <symbol id="sm-a56">
         <name>__mspabi_slll_3</name>
         <value>0x13a04</value>
         <object_component_ref idref="oc-84f"/>
      </symbol>
      <symbol id="sm-a57">
         <name>__mspabi_slll_2</name>
         <value>0x13a08</value>
         <object_component_ref idref="oc-84f"/>
      </symbol>
      <symbol id="sm-a58">
         <name>__mspabi_slll_1</name>
         <value>0x13a0c</value>
         <object_component_ref idref="oc-84f"/>
      </symbol>
      <symbol id="sm-a59">
         <name>__mspabi_slll</name>
         <value>0x13f3a</value>
         <object_component_ref idref="oc-77b"/>
      </symbol>
      <symbol id="sm-a5a">
         <name>__mspabi_slll_15</name>
         <value>0x139d4</value>
         <object_component_ref idref="oc-84f"/>
      </symbol>
      <symbol id="sm-a5b">
         <name>__mspabi_slll_14</name>
         <value>0x139d8</value>
         <object_component_ref idref="oc-84f"/>
      </symbol>
      <symbol id="sm-a5c">
         <name>__mspabi_slll_13</name>
         <value>0x139dc</value>
         <object_component_ref idref="oc-84f"/>
      </symbol>
      <symbol id="sm-a5d">
         <name>__mspabi_slll_12</name>
         <value>0x139e0</value>
         <object_component_ref idref="oc-84f"/>
      </symbol>
      <symbol id="sm-a5e">
         <name>__mspabi_slll_11</name>
         <value>0x139e4</value>
         <object_component_ref idref="oc-84f"/>
      </symbol>
      <symbol id="sm-a5f">
         <name>__mspabi_slll_10</name>
         <value>0x139e8</value>
         <object_component_ref idref="oc-84f"/>
      </symbol>
      <symbol id="sm-a6f">
         <name>__mspabi_sral</name>
         <value>0x13f2a</value>
         <object_component_ref idref="oc-892"/>
      </symbol>
      <symbol id="sm-a70">
         <name>__mspabi_sral_15</name>
         <value>0x13996</value>
         <object_component_ref idref="oc-8d8"/>
      </symbol>
      <symbol id="sm-a71">
         <name>__mspabi_sral_14</name>
         <value>0x1399a</value>
         <object_component_ref idref="oc-8d8"/>
      </symbol>
      <symbol id="sm-a72">
         <name>__mspabi_sral_13</name>
         <value>0x1399e</value>
         <object_component_ref idref="oc-8d8"/>
      </symbol>
      <symbol id="sm-a73">
         <name>__mspabi_sral_12</name>
         <value>0x139a2</value>
         <object_component_ref idref="oc-8d8"/>
      </symbol>
      <symbol id="sm-a74">
         <name>__mspabi_sral_11</name>
         <value>0x139a6</value>
         <object_component_ref idref="oc-8d8"/>
      </symbol>
      <symbol id="sm-a75">
         <name>__mspabi_sral_10</name>
         <value>0x139aa</value>
         <object_component_ref idref="oc-8d8"/>
      </symbol>
      <symbol id="sm-a76">
         <name>__mspabi_sral_8</name>
         <value>0x139b2</value>
         <object_component_ref idref="oc-8d8"/>
      </symbol>
      <symbol id="sm-a77">
         <name>__mspabi_sral_9</name>
         <value>0x139ae</value>
         <object_component_ref idref="oc-8d8"/>
      </symbol>
      <symbol id="sm-a78">
         <name>__mspabi_sral_6</name>
         <value>0x139ba</value>
         <object_component_ref idref="oc-8d8"/>
      </symbol>
      <symbol id="sm-a79">
         <name>__mspabi_sral_7</name>
         <value>0x139b6</value>
         <object_component_ref idref="oc-8d8"/>
      </symbol>
      <symbol id="sm-a7a">
         <name>__mspabi_sral_4</name>
         <value>0x139c2</value>
         <object_component_ref idref="oc-8d8"/>
      </symbol>
      <symbol id="sm-a7b">
         <name>__mspabi_sral_5</name>
         <value>0x139be</value>
         <object_component_ref idref="oc-8d8"/>
      </symbol>
      <symbol id="sm-a7c">
         <name>__mspabi_sral_2</name>
         <value>0x139ca</value>
         <object_component_ref idref="oc-8d8"/>
      </symbol>
      <symbol id="sm-a7d">
         <name>__mspabi_sral_3</name>
         <value>0x139c6</value>
         <object_component_ref idref="oc-8d8"/>
      </symbol>
      <symbol id="sm-a7e">
         <name>__mspabi_sral_1</name>
         <value>0x139ce</value>
         <object_component_ref idref="oc-8d8"/>
      </symbol>
      <symbol id="sm-a8e">
         <name>__mspabi_srll_8</name>
         <value>0x13a2e</value>
         <object_component_ref idref="oc-858"/>
      </symbol>
      <symbol id="sm-a8f">
         <name>__mspabi_srll_9</name>
         <value>0x13a2a</value>
         <object_component_ref idref="oc-858"/>
      </symbol>
      <symbol id="sm-a90">
         <name>__mspabi_srll_6</name>
         <value>0x13a36</value>
         <object_component_ref idref="oc-858"/>
      </symbol>
      <symbol id="sm-a91">
         <name>__mspabi_srll_7</name>
         <value>0x13a32</value>
         <object_component_ref idref="oc-858"/>
      </symbol>
      <symbol id="sm-a92">
         <name>__mspabi_srll_4</name>
         <value>0x13a3e</value>
         <object_component_ref idref="oc-858"/>
      </symbol>
      <symbol id="sm-a93">
         <name>__mspabi_srll_5</name>
         <value>0x13a3a</value>
         <object_component_ref idref="oc-858"/>
      </symbol>
      <symbol id="sm-a94">
         <name>__mspabi_srll_2</name>
         <value>0x13a46</value>
         <object_component_ref idref="oc-858"/>
      </symbol>
      <symbol id="sm-a95">
         <name>__mspabi_srll_3</name>
         <value>0x13a42</value>
         <object_component_ref idref="oc-858"/>
      </symbol>
      <symbol id="sm-a96">
         <name>__mspabi_srll_1</name>
         <value>0x13a4a</value>
         <object_component_ref idref="oc-858"/>
      </symbol>
      <symbol id="sm-a97">
         <name>__mspabi_srll_15</name>
         <value>0x13a12</value>
         <object_component_ref idref="oc-858"/>
      </symbol>
      <symbol id="sm-a98">
         <name>__mspabi_srll_14</name>
         <value>0x13a16</value>
         <object_component_ref idref="oc-858"/>
      </symbol>
      <symbol id="sm-a99">
         <name>__mspabi_srll_13</name>
         <value>0x13a1a</value>
         <object_component_ref idref="oc-858"/>
      </symbol>
      <symbol id="sm-a9a">
         <name>__mspabi_srll_12</name>
         <value>0x13a1e</value>
         <object_component_ref idref="oc-858"/>
      </symbol>
      <symbol id="sm-a9b">
         <name>__mspabi_srll_11</name>
         <value>0x13a22</value>
         <object_component_ref idref="oc-858"/>
      </symbol>
      <symbol id="sm-a9c">
         <name>__mspabi_srll_10</name>
         <value>0x13a26</value>
         <object_component_ref idref="oc-858"/>
      </symbol>
      <symbol id="sm-a9d">
         <name>__mspabi_srll</name>
         <value>0x13f4a</value>
         <object_component_ref idref="oc-86c"/>
      </symbol>
      <symbol id="sm-aae">
         <name>_c_int00_noargs_mpu</name>
         <value>0x4434</value>
         <object_component_ref idref="oc-402"/>
      </symbol>
      <symbol id="sm-aaf">
         <name>_stack</name>
         <value>0x2360</value>
         <object_component_ref idref="oc-3b1"/>
      </symbol>
      <symbol id="sm-ab0">
         <name>_reset_vector</name>
         <value>0xfffe</value>
         <object_component_ref idref="oc-3b4"/>
      </symbol>
      <symbol id="sm-ab9">
         <name>__mpu_init</name>
         <value>0x13c4a</value>
         <object_component_ref idref="oc-467"/>
      </symbol>
      <symbol id="sm-add">
         <name>__TI_auto_init_nobinit_nopinit_hold_wdt</name>
         <value>0x13710</value>
         <object_component_ref idref="oc-4e0"/>
      </symbol>
      <symbol id="sm-ae6">
         <name>_system_post_cinit</name>
         <value>0x446e</value>
         <object_component_ref idref="oc-577"/>
      </symbol>
      <symbol id="sm-aef">
         <name>_system_pre_init</name>
         <value>0x445c</value>
         <object_component_ref idref="oc-44f"/>
      </symbol>
      <symbol id="sm-b1c">
         <name>ceil</name>
         <value>0x123c6</value>
         <object_component_ref idref="oc-7b3"/>
      </symbol>
      <symbol id="sm-b1d">
         <name>ceill</name>
         <value>0x123c6</value>
         <object_component_ref idref="oc-7b3"/>
      </symbol>
      <symbol id="sm-b28">
         <name>C$$EXIT</name>
         <value>0x13fee</value>
         <object_component_ref idref="oc-4bc"/>
      </symbol>
      <symbol id="sm-b29">
         <name>abort</name>
         <value>0x13fee</value>
         <object_component_ref idref="oc-4bc"/>
      </symbol>
      <symbol id="sm-b4b">
         <name>floorl</name>
         <value>0x1258c</value>
         <object_component_ref idref="oc-7bf"/>
      </symbol>
      <symbol id="sm-b4c">
         <name>floor</name>
         <value>0x1258c</value>
         <object_component_ref idref="oc-7bf"/>
      </symbol>
      <symbol id="sm-b5a">
         <name>memcpy</name>
         <value>0x13eae</value>
         <object_component_ref idref="oc-3c0"/>
      </symbol>
      <symbol id="sm-b68">
         <name>memset</name>
         <value>0x13e82</value>
         <object_component_ref idref="oc-7de"/>
      </symbol>
      <symbol id="sm-b7b">
         <name>roundl</name>
         <value>0x12a0c</value>
         <object_component_ref idref="oc-7c5"/>
      </symbol>
      <symbol id="sm-b7c">
         <name>round</name>
         <value>0x12a0c</value>
         <object_component_ref idref="oc-7c5"/>
      </symbol>
      <symbol id="sm-b85">
         <name>__mspabi_negd</name>
         <value>0x13c1c</value>
         <object_component_ref idref="oc-8a7"/>
      </symbol>
      <symbol id="sm-b8e">
         <name>__mspabi_subd</name>
         <value>0x13b28</value>
         <object_component_ref idref="oc-8a1"/>
      </symbol>
      <symbol id="sm-b9b">
         <name>strlen</name>
         <value>0x13f68</value>
         <object_component_ref idref="oc-5d0"/>
      </symbol>
   </symbol_table>
   <title>Link successful</title>
</link_info>
