<?xml version="1.0" encoding="ISO-8859-1" ?>
<link_info>
   <banner>MSP430 Linker PC v20.2.2.LTS</banner>
   <copyright>Copyright (c) 2003-2018 Texas Instruments Incorporated</copyright>
   <link_time>0x643aa4c9</link_time>
   <link_errors>0x0</link_errors>
   <output_file>SD_PHY.out</output_file>
   <entry_point>
      <name>_c_int00_noargs_mpu</name>
      <address>0x4476</address>
   </entry_point>
   <input_file_list>
      <input_file id="fl-2">
         <path>.\</path>
         <kind>object</kind>
         <file>main.obj</file>
         <name>main.obj</name>
      </input_file>
      <input_file id="fl-3">
         <path>.\app\</path>
         <kind>object</kind>
         <file>tasks.obj</file>
         <name>tasks.obj</name>
      </input_file>
      <input_file id="fl-4">
         <path>.\driverlib\MSP430FR5xx_6xx\</path>
         <kind>object</kind>
         <file>adc12_b.obj</file>
         <name>adc12_b.obj</name>
      </input_file>
      <input_file id="fl-5">
         <path>.\driverlib\MSP430FR5xx_6xx\</path>
         <kind>object</kind>
         <file>aes256.obj</file>
         <name>aes256.obj</name>
      </input_file>
      <input_file id="fl-6">
         <path>.\driverlib\MSP430FR5xx_6xx\</path>
         <kind>object</kind>
         <file>comp_e.obj</file>
         <name>comp_e.obj</name>
      </input_file>
      <input_file id="fl-7">
         <path>.\driverlib\MSP430FR5xx_6xx\</path>
         <kind>object</kind>
         <file>crc.obj</file>
         <name>crc.obj</name>
      </input_file>
      <input_file id="fl-8">
         <path>.\driverlib\MSP430FR5xx_6xx\</path>
         <kind>object</kind>
         <file>crc32.obj</file>
         <name>crc32.obj</name>
      </input_file>
      <input_file id="fl-9">
         <path>.\driverlib\MSP430FR5xx_6xx\</path>
         <kind>object</kind>
         <file>cs.obj</file>
         <name>cs.obj</name>
      </input_file>
      <input_file id="fl-a">
         <path>.\driverlib\MSP430FR5xx_6xx\</path>
         <kind>object</kind>
         <file>dma.obj</file>
         <name>dma.obj</name>
      </input_file>
      <input_file id="fl-b">
         <path>.\driverlib\MSP430FR5xx_6xx\</path>
         <kind>object</kind>
         <file>esi.obj</file>
         <name>esi.obj</name>
      </input_file>
      <input_file id="fl-c">
         <path>.\driverlib\MSP430FR5xx_6xx\</path>
         <kind>object</kind>
         <file>eusci_a_spi.obj</file>
         <name>eusci_a_spi.obj</name>
      </input_file>
      <input_file id="fl-d">
         <path>.\driverlib\MSP430FR5xx_6xx\</path>
         <kind>object</kind>
         <file>eusci_a_uart.obj</file>
         <name>eusci_a_uart.obj</name>
      </input_file>
      <input_file id="fl-e">
         <path>.\driverlib\MSP430FR5xx_6xx\</path>
         <kind>object</kind>
         <file>eusci_b_i2c.obj</file>
         <name>eusci_b_i2c.obj</name>
      </input_file>
      <input_file id="fl-f">
         <path>.\driverlib\MSP430FR5xx_6xx\</path>
         <kind>object</kind>
         <file>eusci_b_spi.obj</file>
         <name>eusci_b_spi.obj</name>
      </input_file>
      <input_file id="fl-10">
         <path>.\driverlib\MSP430FR5xx_6xx\</path>
         <kind>object</kind>
         <file>framctl.obj</file>
         <name>framctl.obj</name>
      </input_file>
      <input_file id="fl-11">
         <path>.\driverlib\MSP430FR5xx_6xx\</path>
         <kind>object</kind>
         <file>framctl_a.obj</file>
         <name>framctl_a.obj</name>
      </input_file>
      <input_file id="fl-12">
         <path>.\driverlib\MSP430FR5xx_6xx\</path>
         <kind>object</kind>
         <file>gpio.obj</file>
         <name>gpio.obj</name>
      </input_file>
      <input_file id="fl-13">
         <path>.\driverlib\MSP430FR5xx_6xx\</path>
         <kind>object</kind>
         <file>hspll.obj</file>
         <name>hspll.obj</name>
      </input_file>
      <input_file id="fl-14">
         <path>.\driverlib\MSP430FR5xx_6xx\</path>
         <kind>object</kind>
         <file>lcd_c.obj</file>
         <name>lcd_c.obj</name>
      </input_file>
      <input_file id="fl-15">
         <path>.\driverlib\MSP430FR5xx_6xx\</path>
         <kind>object</kind>
         <file>mpu.obj</file>
         <name>mpu.obj</name>
      </input_file>
      <input_file id="fl-16">
         <path>.\driverlib\MSP430FR5xx_6xx\</path>
         <kind>object</kind>
         <file>mpy32.obj</file>
         <name>mpy32.obj</name>
      </input_file>
      <input_file id="fl-17">
         <path>.\driverlib\MSP430FR5xx_6xx\</path>
         <kind>object</kind>
         <file>mtif.obj</file>
         <name>mtif.obj</name>
      </input_file>
      <input_file id="fl-18">
         <path>.\driverlib\MSP430FR5xx_6xx\</path>
         <kind>object</kind>
         <file>pmm.obj</file>
         <name>pmm.obj</name>
      </input_file>
      <input_file id="fl-19">
         <path>.\driverlib\MSP430FR5xx_6xx\</path>
         <kind>object</kind>
         <file>ram.obj</file>
         <name>ram.obj</name>
      </input_file>
      <input_file id="fl-1a">
         <path>.\driverlib\MSP430FR5xx_6xx\</path>
         <kind>object</kind>
         <file>ref_a.obj</file>
         <name>ref_a.obj</name>
      </input_file>
      <input_file id="fl-1b">
         <path>.\driverlib\MSP430FR5xx_6xx\</path>
         <kind>object</kind>
         <file>rtc_b.obj</file>
         <name>rtc_b.obj</name>
      </input_file>
      <input_file id="fl-1c">
         <path>.\driverlib\MSP430FR5xx_6xx\</path>
         <kind>object</kind>
         <file>rtc_c.obj</file>
         <name>rtc_c.obj</name>
      </input_file>
      <input_file id="fl-1d">
         <path>.\driverlib\MSP430FR5xx_6xx\</path>
         <kind>object</kind>
         <file>saph.obj</file>
         <name>saph.obj</name>
      </input_file>
      <input_file id="fl-1e">
         <path>.\driverlib\MSP430FR5xx_6xx\</path>
         <kind>object</kind>
         <file>saph_a.obj</file>
         <name>saph_a.obj</name>
      </input_file>
      <input_file id="fl-1f">
         <path>.\driverlib\MSP430FR5xx_6xx\</path>
         <kind>object</kind>
         <file>sdhs.obj</file>
         <name>sdhs.obj</name>
      </input_file>
      <input_file id="fl-20">
         <path>.\driverlib\MSP430FR5xx_6xx\</path>
         <kind>object</kind>
         <file>sfr.obj</file>
         <name>sfr.obj</name>
      </input_file>
      <input_file id="fl-21">
         <path>.\driverlib\MSP430FR5xx_6xx\</path>
         <kind>object</kind>
         <file>sysctl.obj</file>
         <name>sysctl.obj</name>
      </input_file>
      <input_file id="fl-22">
         <path>.\driverlib\MSP430FR5xx_6xx\</path>
         <kind>object</kind>
         <file>timer_a.obj</file>
         <name>timer_a.obj</name>
      </input_file>
      <input_file id="fl-23">
         <path>.\driverlib\MSP430FR5xx_6xx\</path>
         <kind>object</kind>
         <file>timer_b.obj</file>
         <name>timer_b.obj</name>
      </input_file>
      <input_file id="fl-24">
         <path>.\driverlib\MSP430FR5xx_6xx\</path>
         <kind>object</kind>
         <file>tlv.obj</file>
         <name>tlv.obj</name>
      </input_file>
      <input_file id="fl-25">
         <path>.\driverlib\MSP430FR5xx_6xx\</path>
         <kind>object</kind>
         <file>uups.obj</file>
         <name>uups.obj</name>
      </input_file>
      <input_file id="fl-26">
         <path>.\driverlib\MSP430FR5xx_6xx\</path>
         <kind>object</kind>
         <file>wdt_a.obj</file>
         <name>wdt_a.obj</name>
      </input_file>
      <input_file id="fl-27">
         <path>.\sx1276\</path>
         <kind>object</kind>
         <file>sx1276.obj</file>
         <name>sx1276.obj</name>
      </input_file>
      <input_file id="fl-28">
         <path>.\system\</path>
         <kind>object</kind>
         <file>ack.obj</file>
         <name>ack.obj</name>
      </input_file>
      <input_file id="fl-29">
         <path>.\system\</path>
         <kind>object</kind>
         <file>board.obj</file>
         <name>board.obj</name>
      </input_file>
      <input_file id="fl-2a">
         <path>.\system\</path>
         <kind>object</kind>
         <file>clock.obj</file>
         <name>clock.obj</name>
      </input_file>
      <input_file id="fl-2b">
         <path>.\system\</path>
         <kind>object</kind>
         <file>gpio.obj</file>
         <name>gpio.obj</name>
      </input_file>
      <input_file id="fl-2c">
         <path>.\system\</path>
         <kind>object</kind>
         <file>spi.obj</file>
         <name>spi.obj</name>
      </input_file>
      <input_file id="fl-2d">
         <path>.\system\</path>
         <kind>object</kind>
         <file>uart.obj</file>
         <name>uart.obj</name>
      </input_file>
      <input_file id="fl-2e">
         <path>.\utils\</path>
         <kind>object</kind>
         <file>utils.obj</file>
         <name>utils.obj</name>
      </input_file>
      <input_file id="fl-35">
         <kind>object</kind>
         <file>&lt;internal&gt;</file>
         <name>&lt;internal&gt;</name>
      </input_file>
      <input_file id="fl-55">
         <path>D:\CCS\Install\ccs\tools\compiler\ti-cgt-msp430_20.2.2.LTS\lib\</path>
         <kind>archive</kind>
         <file>rts430x_lc_rd_eabi.lib</file>
         <name>copy_decompress_lzss.c.obj</name>
      </input_file>
      <input_file id="fl-56">
         <path>D:\CCS\Install\ccs\tools\compiler\ti-cgt-msp430_20.2.2.LTS\lib\</path>
         <kind>archive</kind>
         <file>rts430x_lc_rd_eabi.lib</file>
         <name>copy_decompress_none.c.obj</name>
      </input_file>
      <input_file id="fl-57">
         <path>D:\CCS\Install\ccs\tools\compiler\ti-cgt-msp430_20.2.2.LTS\lib\</path>
         <kind>archive</kind>
         <file>rts430x_lc_rd_eabi.lib</file>
         <name>int30.asm.obj</name>
      </input_file>
      <input_file id="fl-58">
         <path>D:\CCS\Install\ccs\tools\compiler\ti-cgt-msp430_20.2.2.LTS\lib\</path>
         <kind>archive</kind>
         <file>rts430x_lc_rd_eabi.lib</file>
         <name>isr_trap.asm.obj</name>
      </input_file>
      <input_file id="fl-59">
         <path>D:\CCS\Install\ccs\tools\compiler\ti-cgt-msp430_20.2.2.LTS\lib\</path>
         <kind>archive</kind>
         <file>rts430x_lc_rd_eabi.lib</file>
         <name>int31.asm.obj</name>
      </input_file>
      <input_file id="fl-5a">
         <path>D:\CCS\Install\ccs\tools\compiler\ti-cgt-msp430_20.2.2.LTS\lib\</path>
         <kind>archive</kind>
         <file>rts430x_lc_rd_eabi.lib</file>
         <name>int33.asm.obj</name>
      </input_file>
      <input_file id="fl-5b">
         <path>D:\CCS\Install\ccs\tools\compiler\ti-cgt-msp430_20.2.2.LTS\lib\</path>
         <kind>archive</kind>
         <file>rts430x_lc_rd_eabi.lib</file>
         <name>int34.asm.obj</name>
      </input_file>
      <input_file id="fl-5c">
         <path>D:\CCS\Install\ccs\tools\compiler\ti-cgt-msp430_20.2.2.LTS\lib\</path>
         <kind>archive</kind>
         <file>rts430x_lc_rd_eabi.lib</file>
         <name>int35.asm.obj</name>
      </input_file>
      <input_file id="fl-5d">
         <path>D:\CCS\Install\ccs\tools\compiler\ti-cgt-msp430_20.2.2.LTS\lib\</path>
         <kind>archive</kind>
         <file>rts430x_lc_rd_eabi.lib</file>
         <name>int36.asm.obj</name>
      </input_file>
      <input_file id="fl-5e">
         <path>D:\CCS\Install\ccs\tools\compiler\ti-cgt-msp430_20.2.2.LTS\lib\</path>
         <kind>archive</kind>
         <file>rts430x_lc_rd_eabi.lib</file>
         <name>int37.asm.obj</name>
      </input_file>
      <input_file id="fl-5f">
         <path>D:\CCS\Install\ccs\tools\compiler\ti-cgt-msp430_20.2.2.LTS\lib\</path>
         <kind>archive</kind>
         <file>rts430x_lc_rd_eabi.lib</file>
         <name>int38.asm.obj</name>
      </input_file>
      <input_file id="fl-60">
         <path>D:\CCS\Install\ccs\tools\compiler\ti-cgt-msp430_20.2.2.LTS\lib\</path>
         <kind>archive</kind>
         <file>rts430x_lc_rd_eabi.lib</file>
         <name>int39.asm.obj</name>
      </input_file>
      <input_file id="fl-61">
         <path>D:\CCS\Install\ccs\tools\compiler\ti-cgt-msp430_20.2.2.LTS\lib\</path>
         <kind>archive</kind>
         <file>rts430x_lc_rd_eabi.lib</file>
         <name>int40.asm.obj</name>
      </input_file>
      <input_file id="fl-62">
         <path>D:\CCS\Install\ccs\tools\compiler\ti-cgt-msp430_20.2.2.LTS\lib\</path>
         <kind>archive</kind>
         <file>rts430x_lc_rd_eabi.lib</file>
         <name>int41.asm.obj</name>
      </input_file>
      <input_file id="fl-63">
         <path>D:\CCS\Install\ccs\tools\compiler\ti-cgt-msp430_20.2.2.LTS\lib\</path>
         <kind>archive</kind>
         <file>rts430x_lc_rd_eabi.lib</file>
         <name>int42.asm.obj</name>
      </input_file>
      <input_file id="fl-64">
         <path>D:\CCS\Install\ccs\tools\compiler\ti-cgt-msp430_20.2.2.LTS\lib\</path>
         <kind>archive</kind>
         <file>rts430x_lc_rd_eabi.lib</file>
         <name>int43.asm.obj</name>
      </input_file>
      <input_file id="fl-65">
         <path>D:\CCS\Install\ccs\tools\compiler\ti-cgt-msp430_20.2.2.LTS\lib\</path>
         <kind>archive</kind>
         <file>rts430x_lc_rd_eabi.lib</file>
         <name>int44.asm.obj</name>
      </input_file>
      <input_file id="fl-66">
         <path>D:\CCS\Install\ccs\tools\compiler\ti-cgt-msp430_20.2.2.LTS\lib\</path>
         <kind>archive</kind>
         <file>rts430x_lc_rd_eabi.lib</file>
         <name>int45.asm.obj</name>
      </input_file>
      <input_file id="fl-67">
         <path>D:\CCS\Install\ccs\tools\compiler\ti-cgt-msp430_20.2.2.LTS\lib\</path>
         <kind>archive</kind>
         <file>rts430x_lc_rd_eabi.lib</file>
         <name>int46.asm.obj</name>
      </input_file>
      <input_file id="fl-68">
         <path>D:\CCS\Install\ccs\tools\compiler\ti-cgt-msp430_20.2.2.LTS\lib\</path>
         <kind>archive</kind>
         <file>rts430x_lc_rd_eabi.lib</file>
         <name>int48.asm.obj</name>
      </input_file>
      <input_file id="fl-69">
         <path>D:\CCS\Install\ccs\tools\compiler\ti-cgt-msp430_20.2.2.LTS\lib\</path>
         <kind>archive</kind>
         <file>rts430x_lc_rd_eabi.lib</file>
         <name>int49.asm.obj</name>
      </input_file>
      <input_file id="fl-6a">
         <path>D:\CCS\Install\ccs\tools\compiler\ti-cgt-msp430_20.2.2.LTS\lib\</path>
         <kind>archive</kind>
         <file>rts430x_lc_rd_eabi.lib</file>
         <name>int50.asm.obj</name>
      </input_file>
      <input_file id="fl-6b">
         <path>D:\CCS\Install\ccs\tools\compiler\ti-cgt-msp430_20.2.2.LTS\lib\</path>
         <kind>archive</kind>
         <file>rts430x_lc_rd_eabi.lib</file>
         <name>int51.asm.obj</name>
      </input_file>
      <input_file id="fl-6c">
         <path>D:\CCS\Install\ccs\tools\compiler\ti-cgt-msp430_20.2.2.LTS\lib\</path>
         <kind>archive</kind>
         <file>rts430x_lc_rd_eabi.lib</file>
         <name>int52.asm.obj</name>
      </input_file>
      <input_file id="fl-6d">
         <path>D:\CCS\Install\ccs\tools\compiler\ti-cgt-msp430_20.2.2.LTS\lib\</path>
         <kind>archive</kind>
         <file>rts430x_lc_rd_eabi.lib</file>
         <name>int53.asm.obj</name>
      </input_file>
      <input_file id="fl-6e">
         <path>D:\CCS\Install\ccs\tools\compiler\ti-cgt-msp430_20.2.2.LTS\lib\</path>
         <kind>archive</kind>
         <file>rts430x_lc_rd_eabi.lib</file>
         <name>int54.asm.obj</name>
      </input_file>
      <input_file id="fl-6f">
         <path>D:\CCS\Install\ccs\tools\compiler\ti-cgt-msp430_20.2.2.LTS\lib\</path>
         <kind>archive</kind>
         <file>rts430x_lc_rd_eabi.lib</file>
         <name>copy_zero_init.c.obj</name>
      </input_file>
      <input_file id="fl-70">
         <path>D:\CCS\Install\ccs\tools\compiler\ti-cgt-msp430_20.2.2.LTS\lib\</path>
         <kind>archive</kind>
         <file>rts430x_lc_rd_eabi.lib</file>
         <name>addd.c.obj</name>
      </input_file>
      <input_file id="fl-71">
         <path>D:\CCS\Install\ccs\tools\compiler\ti-cgt-msp430_20.2.2.LTS\lib\</path>
         <kind>archive</kind>
         <file>rts430x_lc_rd_eabi.lib</file>
         <name>frcaddd.c.obj</name>
      </input_file>
      <input_file id="fl-72">
         <path>D:\CCS\Install\ccs\tools\compiler\ti-cgt-msp430_20.2.2.LTS\lib\</path>
         <kind>archive</kind>
         <file>rts430x_lc_rd_eabi.lib</file>
         <name>renormd.c.obj</name>
      </input_file>
      <input_file id="fl-73">
         <path>D:\CCS\Install\ccs\tools\compiler\ti-cgt-msp430_20.2.2.LTS\lib\</path>
         <kind>archive</kind>
         <file>rts430x_lc_rd_eabi.lib</file>
         <name>cmpd.c.obj</name>
      </input_file>
      <input_file id="fl-74">
         <path>D:\CCS\Install\ccs\tools\compiler\ti-cgt-msp430_20.2.2.LTS\lib\</path>
         <kind>archive</kind>
         <file>rts430x_lc_rd_eabi.lib</file>
         <name>divd.c.obj</name>
      </input_file>
      <input_file id="fl-75">
         <path>D:\CCS\Install\ccs\tools\compiler\ti-cgt-msp430_20.2.2.LTS\lib\</path>
         <kind>archive</kind>
         <file>rts430x_lc_rd_eabi.lib</file>
         <name>frcdivd.c.obj</name>
      </input_file>
      <input_file id="fl-76">
         <path>D:\CCS\Install\ccs\tools\compiler\ti-cgt-msp430_20.2.2.LTS\lib\</path>
         <kind>archive</kind>
         <file>rts430x_lc_rd_eabi.lib</file>
         <name>div16s.asm.obj</name>
      </input_file>
      <input_file id="fl-77">
         <path>D:\CCS\Install\ccs\tools\compiler\ti-cgt-msp430_20.2.2.LTS\lib\</path>
         <kind>archive</kind>
         <file>rts430x_lc_rd_eabi.lib</file>
         <name>div32s.asm.obj</name>
      </input_file>
      <input_file id="fl-78">
         <path>D:\CCS\Install\ccs\tools\compiler\ti-cgt-msp430_20.2.2.LTS\lib\</path>
         <kind>archive</kind>
         <file>rts430x_lc_rd_eabi.lib</file>
         <name>div16u.asm.obj</name>
      </input_file>
      <input_file id="fl-79">
         <path>D:\CCS\Install\ccs\tools\compiler\ti-cgt-msp430_20.2.2.LTS\lib\</path>
         <kind>archive</kind>
         <file>rts430x_lc_rd_eabi.lib</file>
         <name>div32u.asm.obj</name>
      </input_file>
      <input_file id="fl-7a">
         <path>D:\CCS\Install\ccs\tools\compiler\ti-cgt-msp430_20.2.2.LTS\lib\</path>
         <kind>archive</kind>
         <file>rts430x_lc_rd_eabi.lib</file>
         <name>fixdli.c.obj</name>
      </input_file>
      <input_file id="fl-7b">
         <path>D:\CCS\Install\ccs\tools\compiler\ti-cgt-msp430_20.2.2.LTS\lib\</path>
         <kind>archive</kind>
         <file>rts430x_lc_rd_eabi.lib</file>
         <name>fixdu.c.obj</name>
      </input_file>
      <input_file id="fl-7c">
         <path>D:\CCS\Install\ccs\tools\compiler\ti-cgt-msp430_20.2.2.LTS\lib\</path>
         <kind>archive</kind>
         <file>rts430x_lc_rd_eabi.lib</file>
         <name>fixdul.c.obj</name>
      </input_file>
      <input_file id="fl-7d">
         <path>D:\CCS\Install\ccs\tools\compiler\ti-cgt-msp430_20.2.2.LTS\lib\</path>
         <kind>archive</kind>
         <file>rts430x_lc_rd_eabi.lib</file>
         <name>fltid.c.obj</name>
      </input_file>
      <input_file id="fl-7e">
         <path>D:\CCS\Install\ccs\tools\compiler\ti-cgt-msp430_20.2.2.LTS\lib\</path>
         <kind>archive</kind>
         <file>rts430x_lc_rd_eabi.lib</file>
         <name>fltlid.c.obj</name>
      </input_file>
      <input_file id="fl-7f">
         <path>D:\CCS\Install\ccs\tools\compiler\ti-cgt-msp430_20.2.2.LTS\lib\</path>
         <kind>archive</kind>
         <file>rts430x_lc_rd_eabi.lib</file>
         <name>fltud.c.obj</name>
      </input_file>
      <input_file id="fl-80">
         <path>D:\CCS\Install\ccs\tools\compiler\ti-cgt-msp430_20.2.2.LTS\lib\</path>
         <kind>archive</kind>
         <file>rts430x_lc_rd_eabi.lib</file>
         <name>fltuld.c.obj</name>
      </input_file>
      <input_file id="fl-81">
         <path>D:\CCS\Install\ccs\tools\compiler\ti-cgt-msp430_20.2.2.LTS\lib\</path>
         <kind>archive</kind>
         <file>rts430x_lc_rd_eabi.lib</file>
         <name>mpyd.c.obj</name>
      </input_file>
      <input_file id="fl-82">
         <path>D:\CCS\Install\ccs\tools\compiler\ti-cgt-msp430_20.2.2.LTS\lib\</path>
         <kind>archive</kind>
         <file>rts430x_lc_rd_eabi.lib</file>
         <name>frcmpyd.c.obj</name>
      </input_file>
      <input_file id="fl-83">
         <path>D:\CCS\Install\ccs\tools\compiler\ti-cgt-msp430_20.2.2.LTS\lib\</path>
         <kind>archive</kind>
         <file>rts430x_lc_rd_eabi.lib</file>
         <name>mult16.asm.obj</name>
      </input_file>
      <input_file id="fl-84">
         <path>D:\CCS\Install\ccs\tools\compiler\ti-cgt-msp430_20.2.2.LTS\lib\</path>
         <kind>archive</kind>
         <file>rts430x_lc_rd_eabi.lib</file>
         <name>mult16_f5hw.asm.obj</name>
      </input_file>
      <input_file id="fl-85">
         <path>D:\CCS\Install\ccs\tools\compiler\ti-cgt-msp430_20.2.2.LTS\lib\</path>
         <kind>archive</kind>
         <file>rts430x_lc_rd_eabi.lib</file>
         <name>mult32.asm.obj</name>
      </input_file>
      <input_file id="fl-86">
         <path>D:\CCS\Install\ccs\tools\compiler\ti-cgt-msp430_20.2.2.LTS\lib\</path>
         <kind>archive</kind>
         <file>rts430x_lc_rd_eabi.lib</file>
         <name>mult32_f5hw.asm.obj</name>
      </input_file>
      <input_file id="fl-87">
         <path>D:\CCS\Install\ccs\tools\compiler\ti-cgt-msp430_20.2.2.LTS\lib\</path>
         <kind>archive</kind>
         <file>rts430x_lc_rd_eabi.lib</file>
         <name>mult64_f5hw.asm.obj</name>
      </input_file>
      <input_file id="fl-88">
         <path>D:\CCS\Install\ccs\tools\compiler\ti-cgt-msp430_20.2.2.LTS\lib\</path>
         <kind>archive</kind>
         <file>rts430x_lc_rd_eabi.lib</file>
         <name>mult1632_f5hw.asm.obj</name>
      </input_file>
      <input_file id="fl-89">
         <path>D:\CCS\Install\ccs\tools\compiler\ti-cgt-msp430_20.2.2.LTS\lib\</path>
         <kind>archive</kind>
         <file>rts430x_lc_rd_eabi.lib</file>
         <name>mult3264_f5hw.asm.obj</name>
      </input_file>
      <input_file id="fl-8a">
         <path>D:\CCS\Install\ccs\tools\compiler\ti-cgt-msp430_20.2.2.LTS\lib\</path>
         <kind>archive</kind>
         <file>rts430x_lc_rd_eabi.lib</file>
         <name>lsl16.asm.obj</name>
      </input_file>
      <input_file id="fl-8b">
         <path>D:\CCS\Install\ccs\tools\compiler\ti-cgt-msp430_20.2.2.LTS\lib\</path>
         <kind>archive</kind>
         <file>rts430x_lc_rd_eabi.lib</file>
         <name>lsl32.asm.obj</name>
      </input_file>
      <input_file id="fl-8c">
         <path>D:\CCS\Install\ccs\tools\compiler\ti-cgt-msp430_20.2.2.LTS\lib\</path>
         <kind>archive</kind>
         <file>rts430x_lc_rd_eabi.lib</file>
         <name>asr32.asm.obj</name>
      </input_file>
      <input_file id="fl-8d">
         <path>D:\CCS\Install\ccs\tools\compiler\ti-cgt-msp430_20.2.2.LTS\lib\</path>
         <kind>archive</kind>
         <file>rts430x_lc_rd_eabi.lib</file>
         <name>lsr32.asm.obj</name>
      </input_file>
      <input_file id="fl-8e">
         <path>D:\CCS\Install\ccs\tools\compiler\ti-cgt-msp430_20.2.2.LTS\lib\</path>
         <kind>archive</kind>
         <file>rts430x_lc_rd_eabi.lib</file>
         <name>lsr64.c.obj</name>
      </input_file>
      <input_file id="fl-8f">
         <path>D:\CCS\Install\ccs\tools\compiler\ti-cgt-msp430_20.2.2.LTS\lib\</path>
         <kind>archive</kind>
         <file>rts430x_lc_rd_eabi.lib</file>
         <name>boot.c.obj</name>
      </input_file>
      <input_file id="fl-90">
         <path>D:\CCS\Install\ccs\ccs_base\msp430\lib\FR59xx\</path>
         <kind>archive</kind>
         <file>MSPMPU_INIT_LIB_CCS_msp430_large_code_restricted_data.lib</file>
         <name>mpu_init.o</name>
      </input_file>
      <input_file id="fl-91">
         <path>D:\CCS\Install\ccs\tools\compiler\ti-cgt-msp430_20.2.2.LTS\lib\</path>
         <kind>archive</kind>
         <file>rts430x_lc_rd_eabi.lib</file>
         <name>args_main.c.obj</name>
      </input_file>
      <input_file id="fl-92">
         <path>D:\CCS\Install\ccs\tools\compiler\ti-cgt-msp430_20.2.2.LTS\lib\</path>
         <kind>archive</kind>
         <file>rts430x_lc_rd_eabi.lib</file>
         <name>autoinit.c.obj</name>
      </input_file>
      <input_file id="fl-93">
         <path>D:\CCS\Install\ccs\tools\compiler\ti-cgt-msp430_20.2.2.LTS\lib\</path>
         <kind>archive</kind>
         <file>rts430x_lc_rd_eabi.lib</file>
         <name>startup.c.obj</name>
      </input_file>
      <input_file id="fl-94">
         <path>D:\CCS\Install\ccs\tools\compiler\ti-cgt-msp430_20.2.2.LTS\lib\</path>
         <kind>archive</kind>
         <file>rts430x_lc_rd_eabi.lib</file>
         <name>pre_init.c.obj</name>
      </input_file>
      <input_file id="fl-95">
         <path>D:\CCS\Install\ccs\tools\compiler\ti-cgt-msp430_20.2.2.LTS\lib\</path>
         <kind>archive</kind>
         <file>rts430x_lc_rd_eabi.lib</file>
         <name>s_ceil.c.obj</name>
      </input_file>
      <input_file id="fl-96">
         <path>D:\CCS\Install\ccs\tools\compiler\ti-cgt-msp430_20.2.2.LTS\lib\</path>
         <kind>archive</kind>
         <file>rts430x_lc_rd_eabi.lib</file>
         <name>cpy_tbl.c.obj</name>
      </input_file>
      <input_file id="fl-97">
         <path>D:\CCS\Install\ccs\tools\compiler\ti-cgt-msp430_20.2.2.LTS\lib\</path>
         <kind>archive</kind>
         <file>rts430x_lc_rd_eabi.lib</file>
         <name>exit.c.obj</name>
      </input_file>
      <input_file id="fl-98">
         <path>D:\CCS\Install\ccs\tools\compiler\ti-cgt-msp430_20.2.2.LTS\lib\</path>
         <kind>archive</kind>
         <file>rts430x_lc_rd_eabi.lib</file>
         <name>exit_gvars.c.obj</name>
      </input_file>
      <input_file id="fl-99">
         <path>D:\CCS\Install\ccs\tools\compiler\ti-cgt-msp430_20.2.2.LTS\lib\</path>
         <kind>archive</kind>
         <file>rts430x_lc_rd_eabi.lib</file>
         <name>_lock.c.obj</name>
      </input_file>
      <input_file id="fl-9a">
         <path>D:\CCS\Install\ccs\tools\compiler\ti-cgt-msp430_20.2.2.LTS\lib\</path>
         <kind>archive</kind>
         <file>rts430x_lc_rd_eabi.lib</file>
         <name>s_floor.c.obj</name>
      </input_file>
      <input_file id="fl-9b">
         <path>D:\CCS\Install\ccs\tools\compiler\ti-cgt-msp430_20.2.2.LTS\lib\</path>
         <kind>archive</kind>
         <file>rts430x_lc_rd_eabi.lib</file>
         <name>memcpy.c.obj</name>
      </input_file>
      <input_file id="fl-9c">
         <path>D:\CCS\Install\ccs\tools\compiler\ti-cgt-msp430_20.2.2.LTS\lib\</path>
         <kind>archive</kind>
         <file>rts430x_lc_rd_eabi.lib</file>
         <name>memset.c.obj</name>
      </input_file>
      <input_file id="fl-9d">
         <path>D:\CCS\Install\ccs\tools\compiler\ti-cgt-msp430_20.2.2.LTS\lib\</path>
         <kind>archive</kind>
         <file>rts430x_lc_rd_eabi.lib</file>
         <name>s_round.c.obj</name>
      </input_file>
      <input_file id="fl-9e">
         <path>D:\CCS\Install\ccs\tools\compiler\ti-cgt-msp430_20.2.2.LTS\lib\</path>
         <kind>archive</kind>
         <file>rts430x_lc_rd_eabi.lib</file>
         <name>negd.c.obj</name>
      </input_file>
      <input_file id="fl-9f">
         <path>D:\CCS\Install\ccs\tools\compiler\ti-cgt-msp430_20.2.2.LTS\lib\</path>
         <kind>archive</kind>
         <file>rts430x_lc_rd_eabi.lib</file>
         <name>subd.c.obj</name>
      </input_file>
      <input_file id="fl-a0">
         <path>D:\CCS\Install\ccs\tools\compiler\ti-cgt-msp430_20.2.2.LTS\lib\</path>
         <kind>archive</kind>
         <file>rts430x_lc_rd_eabi.lib</file>
         <name>strlen.c.obj</name>
      </input_file>
   </input_file_list>
   <object_component_list>
      <object_component id="oc-9b1">
         <name>.cinit..data.load</name>
         <load_address>0x481e</load_address>
         <run_address>0x481e</run_address>
         <size>0x1f</size>
      </object_component>
      <object_component id="oc-9ae">
         <name>__TI_handler_table</name>
         <load_address>0x483e</load_address>
         <run_address>0x483e</run_address>
         <size>0xc</size>
      </object_component>
      <object_component id="oc-9b0">
         <name>.cinit..bss.load</name>
         <load_address>0x484a</load_address>
         <run_address>0x484a</run_address>
         <size>0x6</size>
      </object_component>
      <object_component id="oc-9af">
         <name>__TI_cinit_table</name>
         <load_address>0x4850</load_address>
         <run_address>0x4850</run_address>
         <size>0x10</size>
      </object_component>
      <object_component id="oc-93f">
         <name>.binit</name>
         <load_address>0x4400</load_address>
         <run_address>0x4400</run_address>
         <size>0x0</size>
      </object_component>
      <object_component id="oc-55f">
         <name>.const:.string</name>
         <load_address>0x4572</load_address>
         <run_address>0x4572</run_address>
         <size>0xac</size>
         <input_file_ref idref="fl-3"/>
      </object_component>
      <object_component id="oc-898">
         <name>.const:FskBandwidths</name>
         <load_address>0x461e</load_address>
         <run_address>0x461e</run_address>
         <size>0x84</size>
         <input_file_ref idref="fl-27"/>
      </object_component>
      <object_component id="oc-5ab">
         <name>.const:sx1276Radio</name>
         <load_address>0x46a2</load_address>
         <run_address>0x46a2</run_address>
         <size>0x54</size>
         <input_file_ref idref="fl-29"/>
      </object_component>
      <object_component id="oc-79d">
         <name>.const:RadioRegsInit</name>
         <load_address>0x46f6</load_address>
         <run_address>0x46f6</run_address>
         <size>0x40</size>
         <input_file_ref idref="fl-27"/>
      </object_component>
      <object_component id="oc-49b">
         <name>.const:GPIO_PORT_TO_BASE</name>
         <load_address>0x4736</load_address>
         <run_address>0x4736</run_address>
         <size>0x1c</size>
         <input_file_ref idref="fl-12"/>
      </object_component>
      <object_component id="oc-733">
         <name>.const:$P$T0$1</name>
         <load_address>0x4752</load_address>
         <run_address>0x4752</run_address>
         <size>0x12</size>
         <input_file_ref idref="fl-2c"/>
      </object_component>
      <object_component id="oc-610">
         <name>.const:$P$T1$2</name>
         <load_address>0x4764</load_address>
         <run_address>0x4764</run_address>
         <size>0x10</size>
         <input_file_ref idref="fl-2d"/>
      </object_component>
      <object_component id="oc-761">
         <name>.const:PIN_MSP_P1_0</name>
         <load_address>0x4774</load_address>
         <run_address>0x4774</run_address>
         <size>0xe</size>
         <input_file_ref idref="fl-29"/>
      </object_component>
      <object_component id="oc-749">
         <name>.const:PIN_MSP_P1_3</name>
         <load_address>0x4782</load_address>
         <run_address>0x4782</run_address>
         <size>0xe</size>
         <input_file_ref idref="fl-29"/>
      </object_component>
      <object_component id="oc-755">
         <name>.const:PIN_MSP_P1_6</name>
         <load_address>0x4790</load_address>
         <run_address>0x4790</run_address>
         <size>0xe</size>
         <input_file_ref idref="fl-29"/>
      </object_component>
      <object_component id="oc-752">
         <name>.const:PIN_MSP_P1_7</name>
         <load_address>0x479e</load_address>
         <run_address>0x479e</run_address>
         <size>0xe</size>
         <input_file_ref idref="fl-29"/>
      </object_component>
      <object_component id="oc-758">
         <name>.const:PIN_MSP_P2_2</name>
         <load_address>0x47ac</load_address>
         <run_address>0x47ac</run_address>
         <size>0xe</size>
         <input_file_ref idref="fl-29"/>
      </object_component>
      <object_component id="oc-76d">
         <name>.const:PIN_MSP_P3_0</name>
         <load_address>0x47ba</load_address>
         <run_address>0x47ba</run_address>
         <size>0xe</size>
         <input_file_ref idref="fl-29"/>
      </object_component>
      <object_component id="oc-770">
         <name>.const:PIN_MSP_P3_1</name>
         <load_address>0x47c8</load_address>
         <run_address>0x47c8</run_address>
         <size>0xe</size>
         <input_file_ref idref="fl-29"/>
      </object_component>
      <object_component id="oc-75b">
         <name>.const:PIN_MSP_P3_4</name>
         <load_address>0x47d6</load_address>
         <run_address>0x47d6</run_address>
         <size>0xe</size>
         <input_file_ref idref="fl-29"/>
      </object_component>
      <object_component id="oc-76a">
         <name>.const:PIN_MSP_P3_5</name>
         <load_address>0x47e4</load_address>
         <run_address>0x47e4</run_address>
         <size>0xe</size>
         <input_file_ref idref="fl-29"/>
      </object_component>
      <object_component id="oc-767">
         <name>.const:PIN_MSP_P3_6</name>
         <load_address>0x47f2</load_address>
         <run_address>0x47f2</run_address>
         <size>0xe</size>
         <input_file_ref idref="fl-29"/>
      </object_component>
      <object_component id="oc-75e">
         <name>.const:PIN_MSP_P4_3</name>
         <load_address>0x4800</load_address>
         <run_address>0x4800</run_address>
         <size>0xe</size>
         <input_file_ref idref="fl-29"/>
      </object_component>
      <object_component id="oc-764">
         <name>.const:PIN_MSP_P4_6</name>
         <load_address>0x480e</load_address>
         <run_address>0x480e</run_address>
         <size>0xe</size>
         <input_file_ref idref="fl-29"/>
      </object_component>
      <object_component id="oc-432">
         <name>.const</name>
         <load_address>0x481c</load_address>
         <run_address>0x481c</run_address>
         <size>0x1</size>
         <input_file_ref idref="fl-2b"/>
      </object_component>
      <object_component id="oc-3d2">
         <name>.text:_isr:PORT4_IRQHandler</name>
         <load_address>0x4400</load_address>
         <run_address>0x4400</run_address>
         <size>0x44</size>
         <input_file_ref idref="fl-2b"/>
      </object_component>
      <object_component id="oc-3d8">
         <name>.text:_isr:EUSCIB0_IRQHandler</name>
         <load_address>0x4444</load_address>
         <run_address>0x4444</run_address>
         <size>0x32</size>
         <input_file_ref idref="fl-2c"/>
      </object_component>
      <object_component id="oc-408">
         <name>.text:_isr:_c_int00_noargs_mpu</name>
         <load_address>0x4476</load_address>
         <run_address>0x4476</run_address>
         <size>0x20</size>
         <input_file_ref idref="fl-8f"/>
      </object_component>
      <object_component id="oc-3cd">
         <name>.text:_isr:__TI_ISR_TRAP</name>
         <load_address>0x4496</load_address>
         <run_address>0x4496</run_address>
         <size>0x8</size>
         <input_file_ref idref="fl-58"/>
      </object_component>
      <object_component id="oc-7b7">
         <name>.text:l_lsl</name>
         <load_address>0x449e</load_address>
         <run_address>0x449e</run_address>
         <size>0x10</size>
         <input_file_ref idref="fl-8b"/>
      </object_component>
      <object_component id="oc-890">
         <name>.text:l_lsr</name>
         <load_address>0x44ae</load_address>
         <run_address>0x44ae</run_address>
         <size>0x10</size>
         <input_file_ref idref="fl-8d"/>
      </object_component>
      <object_component id="oc-54d">
         <name>.text:BoardInitMcu</name>
         <load_address>0x44be</load_address>
         <run_address>0x44be</run_address>
         <size>0xe</size>
         <input_file_ref idref="fl-29"/>
      </object_component>
      <object_component id="oc-61b">
         <name>.text:strlen</name>
         <load_address>0x44cc</load_address>
         <run_address>0x44cc</run_address>
         <size>0xe</size>
         <input_file_ref idref="fl-a0"/>
      </object_component>
      <object_component id="oc-603">
         <name>.text:BoardIoIrqInit</name>
         <load_address>0x44da</load_address>
         <run_address>0x44da</run_address>
         <size>0xc</size>
         <input_file_ref idref="fl-29"/>
      </object_component>
      <object_component id="oc-742">
         <name>.text:EUSCI_B_SPI_enableInterrupt</name>
         <load_address>0x44e6</load_address>
         <run_address>0x44e6</run_address>
         <size>0xc</size>
         <input_file_ref idref="fl-f"/>
      </object_component>
      <object_component id="oc-693">
         <name>.text:SX1276SetSleep</name>
         <load_address>0x44f2</load_address>
         <run_address>0x44f2</run_address>
         <size>0xc</size>
         <input_file_ref idref="fl-27"/>
      </object_component>
      <object_component id="oc-644">
         <name>.text:SX1276SetStby</name>
         <load_address>0x44fe</load_address>
         <run_address>0x44fe</run_address>
         <size>0xc</size>
         <input_file_ref idref="fl-27"/>
      </object_component>
      <object_component id="oc-64a">
         <name>.text:SX1276WriteFifo</name>
         <load_address>0x450a</load_address>
         <run_address>0x450a</run_address>
         <size>0xc</size>
         <input_file_ref idref="fl-27"/>
      </object_component>
      <object_component id="oc-7d7">
         <name>.text:__mspabi_fltid</name>
         <load_address>0x4516</load_address>
         <run_address>0x4516</run_address>
         <size>0xc</size>
         <input_file_ref idref="fl-7d"/>
      </object_component>
      <object_component id="oc-43b">
         <name>.text:GpioToggle</name>
         <load_address>0x4522</load_address>
         <run_address>0x4522</run_address>
         <size>0xa</size>
         <input_file_ref idref="fl-2b"/>
      </object_component>
      <object_component id="oc-7d2">
         <name>.text</name>
         <load_address>0x452c</load_address>
         <run_address>0x452c</run_address>
         <size>0xa</size>
         <input_file_ref idref="fl-8a"/>
      </object_component>
      <object_component id="oc-60a">
         <name>.text:EUSCI_A_UART_enable</name>
         <load_address>0x4536</load_address>
         <run_address>0x4536</run_address>
         <size>0x6</size>
         <input_file_ref idref="fl-d"/>
      </object_component>
      <object_component id="oc-73c">
         <name>.text:EUSCI_B_SPI_enable</name>
         <load_address>0x453c</load_address>
         <run_address>0x453c</run_address>
         <size>0x6</size>
         <input_file_ref idref="fl-f"/>
      </object_component>
      <object_component id="oc-4f6">
         <name>.text:PMM_unlockLPM5</name>
         <load_address>0x4542</load_address>
         <run_address>0x4542</run_address>
         <size>0x6</size>
         <input_file_ref idref="fl-18"/>
      </object_component>
      <object_component id="oc-65d">
         <name>.text:SX1276GetStatus</name>
         <load_address>0x4548</load_address>
         <run_address>0x4548</run_address>
         <size>0x6</size>
         <input_file_ref idref="fl-27"/>
      </object_component>
      <object_component id="oc-7dd">
         <name>.text:__mspabi_fltud</name>
         <load_address>0x454e</load_address>
         <run_address>0x454e</run_address>
         <size>0x6</size>
         <input_file_ref idref="fl-7f"/>
      </object_component>
      <object_component id="oc-503">
         <name>.text:abort</name>
         <load_address>0x4554</load_address>
         <run_address>0x4554</run_address>
         <size>0x6</size>
         <input_file_ref idref="fl-97"/>
      </object_component>
      <object_component id="oc-687">
         <name>.text:SX1276CheckRfFrequency</name>
         <load_address>0x455a</load_address>
         <run_address>0x455a</run_address>
         <size>0x4</size>
         <input_file_ref idref="fl-27"/>
      </object_component>
      <object_component id="oc-46b">
         <name>.text:_system_pre_init</name>
         <load_address>0x455e</load_address>
         <run_address>0x455e</run_address>
         <size>0x4</size>
         <input_file_ref idref="fl-94"/>
      </object_component>
      <object_component id="oc-6d7">
         <name>.text:SX1276_CadDone</name>
         <load_address>0x4562</load_address>
         <run_address>0x4562</run_address>
         <size>0x2</size>
         <input_file_ref idref="fl-3"/>
      </object_component>
      <object_component id="oc-6d1">
         <name>.text:SX1276_FhssChangeChannel</name>
         <load_address>0x4564</load_address>
         <run_address>0x4564</run_address>
         <size>0x2</size>
         <input_file_ref idref="fl-3"/>
      </object_component>
      <object_component id="oc-6bf">
         <name>.text:SX1276_OnRxDone</name>
         <load_address>0x4566</load_address>
         <run_address>0x4566</run_address>
         <size>0x2</size>
         <input_file_ref idref="fl-3"/>
      </object_component>
      <object_component id="oc-6cb">
         <name>.text:SX1276_OnRxError</name>
         <load_address>0x4568</load_address>
         <run_address>0x4568</run_address>
         <size>0x2</size>
         <input_file_ref idref="fl-3"/>
      </object_component>
      <object_component id="oc-6c5">
         <name>.text:SX1276_OnRxTimeout</name>
         <load_address>0x456a</load_address>
         <run_address>0x456a</run_address>
         <size>0x2</size>
         <input_file_ref idref="fl-3"/>
      </object_component>
      <object_component id="oc-6b3">
         <name>.text:SX1276_OnTxDone</name>
         <load_address>0x456c</load_address>
         <run_address>0x456c</run_address>
         <size>0x2</size>
         <input_file_ref idref="fl-3"/>
      </object_component>
      <object_component id="oc-6b9">
         <name>.text:SX1276_OnTxTimeout</name>
         <load_address>0x456e</load_address>
         <run_address>0x456e</run_address>
         <size>0x2</size>
         <input_file_ref idref="fl-3"/>
      </object_component>
      <object_component id="oc-5c7">
         <name>.text:_system_post_cinit</name>
         <load_address>0x4570</load_address>
         <run_address>0x4570</run_address>
         <size>0x2</size>
         <input_file_ref idref="fl-93"/>
      </object_component>
      <object_component id="oc-883">
         <name>.text:__TI_frcdivd</name>
         <load_address>0x10000</load_address>
         <run_address>0x10000</run_address>
         <size>0x466</size>
         <input_file_ref idref="fl-75"/>
      </object_component>
      <object_component id="oc-681">
         <name>.text:SX1276SetTxConfig</name>
         <load_address>0x10466</load_address>
         <run_address>0x10466</run_address>
         <size>0x436</size>
         <input_file_ref idref="fl-27"/>
      </object_component>
      <object_component id="oc-67b">
         <name>.text:SX1276SetRxConfig</name>
         <load_address>0x1089c</load_address>
         <run_address>0x1089c</run_address>
         <size>0x3be</size>
         <input_file_ref idref="fl-27"/>
      </object_component>
      <object_component id="oc-699">
         <name>.text:SX1276SetRx</name>
         <load_address>0x10c5a</load_address>
         <run_address>0x10c5a</run_address>
         <size>0x37a</size>
         <input_file_ref idref="fl-27"/>
      </object_component>
      <object_component id="oc-4fc">
         <name>.text:task_lora_test</name>
         <load_address>0x10fd4</load_address>
         <run_address>0x10fd4</run_address>
         <size>0x32e</size>
         <input_file_ref idref="fl-3"/>
      </object_component>
      <object_component id="oc-68d">
         <name>.text:SX1276GetTimeOnAir</name>
         <load_address>0x11302</load_address>
         <run_address>0x11302</run_address>
         <size>0x32c</size>
         <input_file_ref idref="fl-27"/>
      </object_component>
      <object_component id="oc-7e3">
         <name>.text:__mspabi_addd</name>
         <load_address>0x1162e</load_address>
         <run_address>0x1162e</run_address>
         <size>0x2e0</size>
         <input_file_ref idref="fl-70"/>
      </object_component>
      <object_component id="oc-8ae">
         <name>.text:__TI_frcmpyd</name>
         <load_address>0x1190e</load_address>
         <run_address>0x1190e</run_address>
         <size>0x280</size>
         <input_file_ref idref="fl-82"/>
      </object_component>
      <object_component id="oc-7e9">
         <name>.text:__mspabi_mpyd</name>
         <load_address>0x11b8e</load_address>
         <run_address>0x11b8e</run_address>
         <size>0x266</size>
         <input_file_ref idref="fl-81"/>
      </object_component>
      <object_component id="oc-8a6">
         <name>.text:__TI_frcaddd</name>
         <load_address>0x11df4</load_address>
         <run_address>0x11df4</run_address>
         <size>0x248</size>
         <input_file_ref idref="fl-71"/>
      </object_component>
      <object_component id="oc-5fd">
         <name>.text:BoardIoInit</name>
         <load_address>0x1203c</load_address>
         <run_address>0x1203c</run_address>
         <size>0x222</size>
         <input_file_ref idref="fl-29"/>
      </object_component>
      <object_component id="oc-7a9">
         <name>.text:__mspabi_divd</name>
         <load_address>0x1225e</load_address>
         <run_address>0x1225e</run_address>
         <size>0x222</size>
         <input_file_ref idref="fl-74"/>
      </object_component>
      <object_component id="oc-7ef">
         <name>.text:ceil</name>
         <load_address>0x12480</load_address>
         <run_address>0x12480</run_address>
         <size>0x1c6</size>
         <input_file_ref idref="fl-95"/>
      </object_component>
      <object_component id="oc-7fb">
         <name>.text:floor</name>
         <load_address>0x12646</load_address>
         <run_address>0x12646</run_address>
         <size>0x1c4</size>
         <input_file_ref idref="fl-9a"/>
      </object_component>
      <object_component id="oc-8df">
         <name>.text:privateCSASourceClockFromDCO</name>
         <load_address>0x1280a</load_address>
         <run_address>0x1280a</run_address>
         <size>0x17c</size>
         <input_file_ref idref="fl-9"/>
      </object_component>
      <object_component id="oc-5ea">
         <name>.text:CS_setDCOFreq</name>
         <load_address>0x12986</load_address>
         <run_address>0x12986</run_address>
         <size>0x140</size>
         <input_file_ref idref="fl-9"/>
      </object_component>
      <object_component id="oc-801">
         <name>.text:round</name>
         <load_address>0x12ac6</load_address>
         <run_address>0x12ac6</run_address>
         <size>0x106</size>
         <input_file_ref idref="fl-9d"/>
      </object_component>
      <object_component id="oc-82b">
         <name>.text:privateCSAComputeCLKFrequency</name>
         <load_address>0x12bcc</load_address>
         <run_address>0x12bcc</run_address>
         <size>0xe0</size>
         <input_file_ref idref="fl-9"/>
      </object_component>
      <object_component id="oc-797">
         <name>.text:RxChainCalibration</name>
         <load_address>0x12cac</load_address>
         <run_address>0x12cac</run_address>
         <size>0xde</size>
         <input_file_ref idref="fl-27"/>
      </object_component>
      <object_component id="oc-7f5">
         <name>.text:__mspabi_cmpd</name>
         <load_address>0x12d8a</load_address>
         <run_address>0x12d8a</run_address>
         <size>0xd8</size>
         <input_file_ref idref="fl-73"/>
      </object_component>
      <object_component id="oc-908">
         <name>.text:__TI_renormd</name>
         <load_address>0x12e62</load_address>
         <run_address>0x12e62</run_address>
         <size>0xb2</size>
         <input_file_ref idref="fl-72"/>
      </object_component>
      <object_component id="oc-5f0">
         <name>.text:ClockSet</name>
         <load_address>0x12f14</load_address>
         <run_address>0x12f14</run_address>
         <size>0xa8</size>
         <input_file_ref idref="fl-2a"/>
      </object_component>
      <object_component id="oc-89e">
         <name>.text:__mspabi_fltlid</name>
         <load_address>0x12fbc</load_address>
         <run_address>0x12fbc</run_address>
         <size>0x9e</size>
         <input_file_ref idref="fl-7e"/>
      </object_component>
      <object_component id="oc-613">
         <name>.text:EUSCI_A_UART_init</name>
         <load_address>0x1305a</load_address>
         <run_address>0x1305a</run_address>
         <size>0x9a</size>
         <input_file_ref idref="fl-d"/>
      </object_component>
      <object_component id="oc-5f7">
         <name>.text:SpiInit</name>
         <load_address>0x130f4</load_address>
         <run_address>0x130f4</run_address>
         <size>0x8c</size>
         <input_file_ref idref="fl-2c"/>
      </object_component>
      <object_component id="oc-7a3">
         <name>.text:__mspabi_fltuld</name>
         <load_address>0x13180</load_address>
         <run_address>0x13180</run_address>
         <size>0x80</size>
         <input_file_ref idref="fl-80"/>
      </object_component>
      <object_component id="oc-76">
         <name>.text:decompress:lzss:__TI_decompress_lzss</name>
         <load_address>0x13200</load_address>
         <run_address>0x13200</run_address>
         <size>0x76</size>
         <input_file_ref idref="fl-55"/>
      </object_component>
      <object_component id="oc-553">
         <name>.text:initUART</name>
         <load_address>0x13276</load_address>
         <run_address>0x13276</run_address>
         <size>0x74</size>
         <input_file_ref idref="fl-2d"/>
      </object_component>
      <object_component id="oc-663">
         <name>.text:SX1276SetModem</name>
         <load_address>0x132ea</load_address>
         <run_address>0x132ea</run_address>
         <size>0x72</size>
         <input_file_ref idref="fl-27"/>
      </object_component>
      <object_component id="oc-5a5">
         <name>.text:SX1276Send</name>
         <load_address>0x1335c</load_address>
         <run_address>0x1335c</run_address>
         <size>0x70</size>
         <input_file_ref idref="fl-27"/>
      </object_component>
      <object_component id="oc-70f">
         <name>.text:CS_initClockSignal</name>
         <load_address>0x133cc</load_address>
         <run_address>0x133cc</run_address>
         <size>0x6a</size>
         <input_file_ref idref="fl-9"/>
      </object_component>
      <object_component id="oc-7c3">
         <name>.text:GetFskBandwidthRegValue</name>
         <load_address>0x13436</load_address>
         <run_address>0x13436</run_address>
         <size>0x6a</size>
         <input_file_ref idref="fl-27"/>
      </object_component>
      <object_component id="oc-7af">
         <name>.text:__mspabi_fixdul</name>
         <load_address>0x134a0</load_address>
         <run_address>0x134a0</run_address>
         <size>0x68</size>
         <input_file_ref idref="fl-7c"/>
      </object_component>
      <object_component id="oc-547">
         <name>.text:ClockInit</name>
         <load_address>0x13508</load_address>
         <run_address>0x13508</run_address>
         <size>0x64</size>
         <input_file_ref idref="fl-2a"/>
      </object_component>
      <object_component id="oc-657">
         <name>.text:SX1276Init</name>
         <load_address>0x1356c</load_address>
         <run_address>0x1356c</run_address>
         <size>0x62</size>
         <input_file_ref idref="fl-27"/>
      </object_component>
      <object_component id="oc-774">
         <name>.text:GpioSetInterrupt</name>
         <load_address>0x135ce</load_address>
         <run_address>0x135ce</run_address>
         <size>0x5a</size>
         <input_file_ref idref="fl-2b"/>
      </object_component>
      <object_component id="oc-675">
         <name>.text:SX1276Random</name>
         <load_address>0x13628</load_address>
         <run_address>0x13628</run_address>
         <size>0x5a</size>
         <input_file_ref idref="fl-27"/>
      </object_component>
      <object_component id="oc-837">
         <name>.text</name>
         <load_address>0x13682</load_address>
         <run_address>0x13682</run_address>
         <size>0x58</size>
         <input_file_ref idref="fl-79"/>
      </object_component>
      <object_component id="oc-736">
         <name>.text:EUSCI_B_SPI_initMaster</name>
         <load_address>0x136da</load_address>
         <run_address>0x136da</run_address>
         <size>0x56</size>
         <input_file_ref idref="fl-f"/>
      </object_component>
      <object_component id="oc-669">
         <name>.text:SX1276SetChannel</name>
         <load_address>0x13730</load_address>
         <run_address>0x13730</run_address>
         <size>0x54</size>
         <input_file_ref idref="fl-27"/>
      </object_component>
      <object_component id="oc-527">
         <name>.text:__TI_auto_init_nobinit_nopinit_hold_wdt:__TI_auto_init_nobinit_nopinit_hold_wdt</name>
         <load_address>0x13784</load_address>
         <run_address>0x13784</run_address>
         <size>0x54</size>
         <input_file_ref idref="fl-92"/>
      </object_component>
      <object_component id="oc-6a5">
         <name>.text:SX1276ReadRssi</name>
         <load_address>0x137d8</load_address>
         <run_address>0x137d8</run_address>
         <size>0x50</size>
         <input_file_ref idref="fl-27"/>
      </object_component>
      <object_component id="oc-859">
         <name>.text:GPIO_setAsInputPinWithPullDownResistor</name>
         <load_address>0x13828</load_address>
         <run_address>0x13828</run_address>
         <size>0x4a</size>
         <input_file_ref idref="fl-12"/>
      </object_component>
      <object_component id="oc-62a">
         <name>.text:SX1276ReadBuffer</name>
         <load_address>0x13872</load_address>
         <run_address>0x13872</run_address>
         <size>0x4a</size>
         <input_file_ref idref="fl-27"/>
      </object_component>
      <object_component id="oc-74c">
         <name>.text:GpioInit</name>
         <load_address>0x138bc</load_address>
         <run_address>0x138bc</run_address>
         <size>0x48</size>
         <input_file_ref idref="fl-2b"/>
      </object_component>
      <object_component id="oc-632">
         <name>.text:SX1276WriteBuffer</name>
         <load_address>0x13904</load_address>
         <run_address>0x13904</run_address>
         <size>0x46</size>
         <input_file_ref idref="fl-27"/>
      </object_component>
      <object_component id="oc-650">
         <name>.text:SX1276SetTx</name>
         <load_address>0x1394a</load_address>
         <run_address>0x1394a</run_address>
         <size>0x42</size>
         <input_file_ref idref="fl-27"/>
      </object_component>
      <object_component id="oc-8da">
         <name>.text</name>
         <load_address>0x1398c</load_address>
         <run_address>0x1398c</run_address>
         <size>0x40</size>
         <input_file_ref idref="fl-77"/>
      </object_component>
      <object_component id="oc-66f">
         <name>.text:SX1276IsChannelFree</name>
         <load_address>0x139cc</load_address>
         <run_address>0x139cc</run_address>
         <size>0x3e</size>
         <input_file_ref idref="fl-27"/>
      </object_component>
      <object_component id="oc-8fa">
         <name>.text:l_asr_const</name>
         <load_address>0x13a0a</load_address>
         <run_address>0x13a0a</run_address>
         <size>0x3e</size>
         <input_file_ref idref="fl-8c"/>
      </object_component>
      <object_component id="oc-874">
         <name>.text:l_lsl_const</name>
         <load_address>0x13a48</load_address>
         <run_address>0x13a48</run_address>
         <size>0x3e</size>
         <input_file_ref idref="fl-8b"/>
      </object_component>
      <object_component id="oc-87c">
         <name>.text:l_lsr_const</name>
         <load_address>0x13a86</load_address>
         <run_address>0x13a86</run_address>
         <size>0x3e</size>
         <input_file_ref idref="fl-8d"/>
      </object_component>
      <object_component id="oc-69f">
         <name>.text:SX1276StartCad</name>
         <load_address>0x13ac4</load_address>
         <run_address>0x13ac4</run_address>
         <size>0x38</size>
         <input_file_ref idref="fl-27"/>
      </object_component>
      <object_component id="oc-572">
         <name>.text:delay_ms</name>
         <load_address>0x13afc</load_address>
         <run_address>0x13afc</run_address>
         <size>0x38</size>
         <input_file_ref idref="fl-2e"/>
      </object_component>
      <object_component id="oc-581">
         <name>.text:SX1276ReceivePayload</name>
         <load_address>0x13b34</load_address>
         <run_address>0x13b34</run_address>
         <size>0x34</size>
         <input_file_ref idref="fl-27"/>
      </object_component>
      <object_component id="oc-6ab">
         <name>.text:SX1276SetMaxPayloadLength</name>
         <load_address>0x13b68</load_address>
         <run_address>0x13b68</run_address>
         <size>0x34</size>
         <input_file_ref idref="fl-27"/>
      </object_component>
      <object_component id="oc-590">
         <name>.text:SetSwitchMode</name>
         <load_address>0x13b9c</load_address>
         <run_address>0x13b9c</run_address>
         <size>0x34</size>
         <input_file_ref idref="fl-29"/>
      </object_component>
      <object_component id="oc-8c5">
         <name>.text:__mspabi_subd</name>
         <load_address>0x13bd0</load_address>
         <run_address>0x13bd0</run_address>
         <size>0x32</size>
         <input_file_ref idref="fl-9f"/>
      </object_component>
      <object_component id="oc-596">
         <name>.text:delay_us</name>
         <load_address>0x13c02</load_address>
         <run_address>0x13c02</run_address>
         <size>0x32</size>
         <input_file_ref idref="fl-29"/>
      </object_component>
      <object_component id="oc-560">
         <name>.text:uart_write</name>
         <load_address>0x13c34</load_address>
         <run_address>0x13c34</run_address>
         <size>0x32</size>
         <input_file_ref idref="fl-2d"/>
      </object_component>
      <object_component id="oc-42c">
         <name>.text:GPIO_getInterruptStatus</name>
         <load_address>0x13c66</load_address>
         <run_address>0x13c66</run_address>
         <size>0x30</size>
         <input_file_ref idref="fl-12"/>
      </object_component>
      <object_component id="oc-85f">
         <name>.text:GPIO_selectInterruptEdge</name>
         <load_address>0x13c96</load_address>
         <run_address>0x13c96</run_address>
         <size>0x2e</size>
         <input_file_ref idref="fl-12"/>
      </object_component>
      <object_component id="oc-8cb">
         <name>.text:__mspabi_negd</name>
         <load_address>0x13cc4</load_address>
         <run_address>0x13cc4</run_address>
         <size>0x2e</size>
         <input_file_ref idref="fl-9e"/>
      </object_component>
      <object_component id="oc-483">
         <name>.text:__mpu_init</name>
         <load_address>0x13cf2</load_address>
         <run_address>0x13cf2</run_address>
         <size>0x2c</size>
         <input_file_ref idref="fl-90"/>
      </object_component>
      <object_component id="oc-8e5">
         <name>.text</name>
         <load_address>0x13d1e</load_address>
         <run_address>0x13d1e</run_address>
         <size>0x2c</size>
         <input_file_ref idref="fl-76"/>
      </object_component>
      <object_component id="oc-566">
         <name>.text:SX1276Reset</name>
         <load_address>0x13d4a</load_address>
         <run_address>0x13d4a</run_address>
         <size>0x28</size>
         <input_file_ref idref="fl-27"/>
      </object_component>
      <object_component id="oc-3de">
         <name>.text:decompress:ZI:__TI_zero_init_nomemset:__TI_zero_init_nomemset</name>
         <load_address>0x13d72</load_address>
         <run_address>0x13d72</run_address>
         <size>0x24</size>
         <input_file_ref idref="fl-6f"/>
      </object_component>
      <object_component id="oc-8f5">
         <name>.text</name>
         <load_address>0x13d96</load_address>
         <run_address>0x13d96</run_address>
         <size>0x24</size>
         <input_file_ref idref="fl-86"/>
      </object_component>
      <object_component id="oc-621">
         <name>.text:EUSCI_A_UART_transmitData</name>
         <load_address>0x13dba</load_address>
         <run_address>0x13dba</run_address>
         <size>0x22</size>
         <input_file_ref idref="fl-d"/>
      </object_component>
      <object_component id="oc-4f0">
         <name>.text:WDT_A_hold</name>
         <load_address>0x13ddc</load_address>
         <run_address>0x13ddc</run_address>
         <size>0x20</size>
         <input_file_ref idref="fl-26"/>
      </object_component>
      <object_component id="oc-721">
         <name>.text:CS_getACLK</name>
         <load_address>0x13dfc</load_address>
         <run_address>0x13dfc</run_address>
         <size>0x1e</size>
         <input_file_ref idref="fl-9"/>
      </object_component>
      <object_component id="oc-441">
         <name>.text:GPIO_clearInterrupt</name>
         <load_address>0x13e1a</load_address>
         <run_address>0x13e1a</run_address>
         <size>0x1e</size>
         <input_file_ref idref="fl-12"/>
      </object_component>
      <object_component id="oc-865">
         <name>.text:GPIO_enableInterrupt</name>
         <load_address>0x13e38</load_address>
         <run_address>0x13e38</run_address>
         <size>0x1e</size>
         <input_file_ref idref="fl-12"/>
      </object_component>
      <object_component id="oc-59c">
         <name>.text:SX1276SetIRQFlagMask</name>
         <load_address>0x13e56</load_address>
         <run_address>0x13e56</run_address>
         <size>0x1c</size>
         <input_file_ref idref="fl-27"/>
      </object_component>
      <object_component id="oc-78b">
         <name>.text:SX1276SetOpMode</name>
         <load_address>0x13e72</load_address>
         <run_address>0x13e72</run_address>
         <size>0x1c</size>
         <input_file_ref idref="fl-27"/>
      </object_component>
      <object_component id="oc-58a">
         <name>.text:ACK_Configure</name>
         <load_address>0x13e8e</load_address>
         <run_address>0x13e8e</run_address>
         <size>0x1a</size>
         <input_file_ref idref="fl-28"/>
      </object_component>
      <object_component id="oc-715">
         <name>.text:CS_getSMCLK</name>
         <load_address>0x13ea8</load_address>
         <run_address>0x13ea8</run_address>
         <size>0x1a</size>
         <input_file_ref idref="fl-9"/>
      </object_component>
      <object_component id="oc-559">
         <name>.text:GpioWrite</name>
         <load_address>0x13ec2</load_address>
         <run_address>0x13ec2</run_address>
         <size>0x18</size>
         <input_file_ref idref="fl-2b"/>
      </object_component>
      <object_component id="oc-7ca">
         <name>.text:SX1276GetPaSelect</name>
         <load_address>0x13eda</load_address>
         <run_address>0x13eda</run_address>
         <size>0x18</size>
         <input_file_ref idref="fl-27"/>
      </object_component>
      <object_component id="oc-702">
         <name>.text</name>
         <load_address>0x13ef2</load_address>
         <run_address>0x13ef2</run_address>
         <size>0x18</size>
         <input_file_ref idref="fl-84"/>
      </object_component>
      <object_component id="oc-727">
         <name>.text:CS_getMCLK</name>
         <load_address>0x13f0a</load_address>
         <run_address>0x13f0a</run_address>
         <size>0x16</size>
         <input_file_ref idref="fl-9"/>
      </object_component>
      <object_component id="oc-783">
         <name>.text:SpiInOut_LoRa</name>
         <load_address>0x13f20</load_address>
         <run_address>0x13f20</run_address>
         <size>0x16</size>
         <input_file_ref idref="fl-2c"/>
      </object_component>
      <object_component id="oc-80c">
         <name>.text:memset</name>
         <load_address>0x13f36</load_address>
         <run_address>0x13f36</run_address>
         <size>0x16</size>
         <input_file_ref idref="fl-9c"/>
      </object_component>
      <object_component id="oc-92a">
         <name>.text</name>
         <load_address>0x13f4c</load_address>
         <run_address>0x13f4c</run_address>
         <size>0x16</size>
         <input_file_ref idref="fl-78"/>
      </object_component>
      <object_component id="oc-3c0">
         <name>.text:memcpy</name>
         <load_address>0x13f62</load_address>
         <run_address>0x13f62</run_address>
         <size>0x14</size>
         <input_file_ref idref="fl-9b"/>
      </object_component>
      <object_component id="oc-578">
         <name>.text:SX1276Write</name>
         <load_address>0x13f76</load_address>
         <run_address>0x13f76</run_address>
         <size>0x12</size>
         <input_file_ref idref="fl-27"/>
      </object_component>
      <object_component id="oc-7bd">
         <name>.text:__mspabi_fixdu</name>
         <load_address>0x13f88</load_address>
         <run_address>0x13f88</run_address>
         <size>0x12</size>
         <input_file_ref idref="fl-7b"/>
      </object_component>
      <object_component id="oc-7c">
         <name>.text:decompress:none:__TI_decompress_none</name>
         <load_address>0x13f9a</load_address>
         <run_address>0x13f9a</run_address>
         <size>0x12</size>
         <input_file_ref idref="fl-56"/>
      </object_component>
      <object_component id="oc-471">
         <name>.text:main</name>
         <load_address>0x13fac</load_address>
         <run_address>0x13fac</run_address>
         <size>0x12</size>
         <input_file_ref idref="fl-2"/>
      </object_component>
      <object_component id="oc-71b">
         <name>.text:CS_disableClockRequest</name>
         <load_address>0x13fbe</load_address>
         <run_address>0x13fbe</run_address>
         <size>0x10</size>
         <input_file_ref idref="fl-9"/>
      </object_component>
      <object_component id="oc-56c">
         <name>.text:SX1276Read</name>
         <load_address>0x13fce</load_address>
         <run_address>0x13fce</run_address>
         <size>0x10</size>
         <input_file_ref idref="fl-27"/>
      </object_component>
      <object_component id="oc-8b6">
         <name>.text:l_asr</name>
         <load_address>0x13fde</load_address>
         <run_address>0x13fde</run_address>
         <size>0x10</size>
         <input_file_ref idref="fl-8c"/>
      </object_component>
      <object_component id="oc-44d">
         <name>.text:EUSCI_B_SPI_getInterruptStatus</name>
         <load_address>0x13fee</load_address>
         <run_address>0x13fee</run_address>
         <size>0xa</size>
         <input_file_ref idref="fl-f"/>
      </object_component>
      <object_component id="oc-57e">
         <name>.bss:BR_buffer</name>
         <uninitialized>true</uninitialized>
         <run_address>0x1c00</run_address>
         <size>0x100</size>
         <input_file_ref idref="fl-3"/>
      </object_component>
      <object_component id="oc-794">
         <name>.bss</name>
         <uninitialized>true</uninitialized>
         <run_address>0x1f14</run_address>
         <size>0x4</size>
         <input_file_ref idref="fl-27"/>
      </object_component>
      <object_component id="oc-809">
         <name>.bss:RxTxBuffer</name>
         <uninitialized>true</uninitialized>
         <run_address>0x1d00</run_address>
         <size>0x100</size>
         <input_file_ref idref="fl-27"/>
      </object_component>
      <object_component id="oc-5a2">
         <name>.common:ACK_buffer</name>
         <uninitialized>true</uninitialized>
         <run_address>0x1f18</run_address>
         <size>0x2</size>
      </object_component>
      <object_component id="oc-453">
         <name>.common:SPI_RXData_LoRa</name>
         <uninitialized>true</uninitialized>
         <run_address>0x1f1a</run_address>
         <size>0x1</size>
      </object_component>
      <object_component id="oc-438">
         <name>.common:SD_PHY</name>
         <uninitialized>true</uninitialized>
         <run_address>0x1ec4</run_address>
         <size>0x50</size>
      </object_component>
      <object_component id="oc-628">
         <name>.common:SX1276</name>
         <uninitialized>true</uninitialized>
         <run_address>0x1e00</run_address>
         <size>0xc4</size>
      </object_component>
      <object_component id="oc-435">
         <name>.data</name>
         <load_address>0x1f48</load_address>
         <run_address>0x1f48</run_address>
         <size>0x2</size>
         <input_file_ref idref="fl-2"/>
      </object_component>
      <object_component id="oc-5ae">
         <name>.data:sx1276</name>
         <load_address>0x1f1c</load_address>
         <run_address>0x1f1c</run_address>
         <size>0x24</size>
         <input_file_ref idref="fl-3"/>
      </object_component>
      <object_component id="oc-587">
         <name>.data</name>
         <load_address>0x1f4b</load_address>
         <run_address>0x1f4b</run_address>
         <size>0x1</size>
         <input_file_ref idref="fl-3"/>
      </object_component>
      <object_component id="oc-8d7">
         <name>.data</name>
         <load_address>0x1f40</load_address>
         <run_address>0x1f40</run_address>
         <size>0x8</size>
         <input_file_ref idref="fl-9"/>
      </object_component>
      <object_component id="oc-5b1">
         <name>.data</name>
         <load_address>0x1f4a</load_address>
         <run_address>0x1f4a</run_address>
         <size>0x1</size>
         <input_file_ref idref="fl-2b"/>
      </object_component>
      <object_component id="oc-3b1">
         <name>.stack</name>
         <uninitialized>true</uninitialized>
         <run_address>0x2360</run_address>
         <size>0x4</size>
         <input_file_ref idref="fl-8f"/>
      </object_component>
      <object_component id="oc-9b2">
         <name>.stack</name>
         <uninitialized>true</uninitialized>
         <run_address>0x2360</run_address>
         <size>0x0</size>
      </object_component>
      <object_component id="oc-82">
         <name>.int30</name>
         <load_address>0xffcc</load_address>
         <run_address>0xffcc</run_address>
         <size>0x2</size>
         <input_file_ref idref="fl-57"/>
      </object_component>
      <object_component id="oc-83">
         <name>.int31</name>
         <load_address>0xffce</load_address>
         <run_address>0xffce</run_address>
         <size>0x2</size>
         <input_file_ref idref="fl-59"/>
      </object_component>
      <object_component id="oc-84">
         <name>.int32</name>
         <load_address>0xffd0</load_address>
         <run_address>0xffd0</run_address>
         <size>0x2</size>
         <input_file_ref idref="fl-2b"/>
      </object_component>
      <object_component id="oc-85">
         <name>.int33</name>
         <load_address>0xffd2</load_address>
         <run_address>0xffd2</run_address>
         <size>0x2</size>
         <input_file_ref idref="fl-5a"/>
      </object_component>
      <object_component id="oc-86">
         <name>.int34</name>
         <load_address>0xffd4</load_address>
         <run_address>0xffd4</run_address>
         <size>0x2</size>
         <input_file_ref idref="fl-5b"/>
      </object_component>
      <object_component id="oc-87">
         <name>.int35</name>
         <load_address>0xffd6</load_address>
         <run_address>0xffd6</run_address>
         <size>0x2</size>
         <input_file_ref idref="fl-5c"/>
      </object_component>
      <object_component id="oc-88">
         <name>.int36</name>
         <load_address>0xffd8</load_address>
         <run_address>0xffd8</run_address>
         <size>0x2</size>
         <input_file_ref idref="fl-5d"/>
      </object_component>
      <object_component id="oc-89">
         <name>.int37</name>
         <load_address>0xffda</load_address>
         <run_address>0xffda</run_address>
         <size>0x2</size>
         <input_file_ref idref="fl-5e"/>
      </object_component>
      <object_component id="oc-8a">
         <name>.int38</name>
         <load_address>0xffdc</load_address>
         <run_address>0xffdc</run_address>
         <size>0x2</size>
         <input_file_ref idref="fl-5f"/>
      </object_component>
      <object_component id="oc-8b">
         <name>.int39</name>
         <load_address>0xffde</load_address>
         <run_address>0xffde</run_address>
         <size>0x2</size>
         <input_file_ref idref="fl-60"/>
      </object_component>
      <object_component id="oc-8c">
         <name>.int40</name>
         <load_address>0xffe0</load_address>
         <run_address>0xffe0</run_address>
         <size>0x2</size>
         <input_file_ref idref="fl-61"/>
      </object_component>
      <object_component id="oc-8d">
         <name>.int41</name>
         <load_address>0xffe2</load_address>
         <run_address>0xffe2</run_address>
         <size>0x2</size>
         <input_file_ref idref="fl-62"/>
      </object_component>
      <object_component id="oc-8e">
         <name>.int42</name>
         <load_address>0xffe4</load_address>
         <run_address>0xffe4</run_address>
         <size>0x2</size>
         <input_file_ref idref="fl-63"/>
      </object_component>
      <object_component id="oc-8f">
         <name>.int43</name>
         <load_address>0xffe6</load_address>
         <run_address>0xffe6</run_address>
         <size>0x2</size>
         <input_file_ref idref="fl-64"/>
      </object_component>
      <object_component id="oc-90">
         <name>.int44</name>
         <load_address>0xffe8</load_address>
         <run_address>0xffe8</run_address>
         <size>0x2</size>
         <input_file_ref idref="fl-65"/>
      </object_component>
      <object_component id="oc-91">
         <name>.int45</name>
         <load_address>0xffea</load_address>
         <run_address>0xffea</run_address>
         <size>0x2</size>
         <input_file_ref idref="fl-66"/>
      </object_component>
      <object_component id="oc-92">
         <name>.int46</name>
         <load_address>0xffec</load_address>
         <run_address>0xffec</run_address>
         <size>0x2</size>
         <input_file_ref idref="fl-67"/>
      </object_component>
      <object_component id="oc-93">
         <name>.int47</name>
         <load_address>0xffee</load_address>
         <run_address>0xffee</run_address>
         <size>0x2</size>
         <input_file_ref idref="fl-2c"/>
      </object_component>
      <object_component id="oc-94">
         <name>.int48</name>
         <load_address>0xfff0</load_address>
         <run_address>0xfff0</run_address>
         <size>0x2</size>
         <input_file_ref idref="fl-68"/>
      </object_component>
      <object_component id="oc-95">
         <name>.int49</name>
         <load_address>0xfff2</load_address>
         <run_address>0xfff2</run_address>
         <size>0x2</size>
         <input_file_ref idref="fl-69"/>
      </object_component>
      <object_component id="oc-96">
         <name>.int50</name>
         <load_address>0xfff4</load_address>
         <run_address>0xfff4</run_address>
         <size>0x2</size>
         <input_file_ref idref="fl-6a"/>
      </object_component>
      <object_component id="oc-97">
         <name>.int51</name>
         <load_address>0xfff6</load_address>
         <run_address>0xfff6</run_address>
         <size>0x2</size>
         <input_file_ref idref="fl-6b"/>
      </object_component>
      <object_component id="oc-98">
         <name>.int52</name>
         <load_address>0xfff8</load_address>
         <run_address>0xfff8</run_address>
         <size>0x2</size>
         <input_file_ref idref="fl-6c"/>
      </object_component>
      <object_component id="oc-99">
         <name>.int53</name>
         <load_address>0xfffa</load_address>
         <run_address>0xfffa</run_address>
         <size>0x2</size>
         <input_file_ref idref="fl-6d"/>
      </object_component>
      <object_component id="oc-9a">
         <name>.int54</name>
         <load_address>0xfffc</load_address>
         <run_address>0xfffc</run_address>
         <size>0x2</size>
         <input_file_ref idref="fl-6e"/>
      </object_component>
      <object_component id="oc-3b4">
         <name>.reset</name>
         <load_address>0xfffe</load_address>
         <run_address>0xfffe</run_address>
         <size>0x2</size>
         <input_file_ref idref="fl-8f"/>
      </object_component>
      <object_component id="oc-439">
         <name>.debug_info</name>
         <load_address>0x0</load_address>
         <run_address>0x0</run_address>
         <size>0x4fe</size>
         <input_file_ref idref="fl-2"/>
      </object_component>
      <object_component id="oc-436">
         <name>.debug_info</name>
         <load_address>0x4fe</load_address>
         <run_address>0x4fe</run_address>
         <size>0xd7</size>
         <input_file_ref idref="fl-2"/>
      </object_component>
      <object_component id="oc-472">
         <name>.debug_info</name>
         <load_address>0x5d5</load_address>
         <run_address>0x5d5</run_address>
         <size>0x132</size>
         <input_file_ref idref="fl-2"/>
      </object_component>
      <object_component id="oc-4aa">
         <name>.debug_info</name>
         <load_address>0x707</load_address>
         <run_address>0x707</run_address>
         <size>0x7e9</size>
         <input_file_ref idref="fl-2"/>
      </object_component>
      <object_component id="oc-4a3">
         <name>.debug_info</name>
         <load_address>0xef0</load_address>
         <run_address>0xef0</run_address>
         <size>0x177</size>
         <input_file_ref idref="fl-2"/>
      </object_component>
      <object_component id="oc-4c3">
         <name>.debug_info</name>
         <load_address>0x1067</load_address>
         <run_address>0x1067</run_address>
         <size>0x17f</size>
         <input_file_ref idref="fl-2"/>
      </object_component>
      <object_component id="oc-72e">
         <name>.debug_info</name>
         <load_address>0x11e6</load_address>
         <run_address>0x11e6</run_address>
         <size>0x63</size>
         <input_file_ref idref="fl-2"/>
      </object_component>
      <object_component id="oc-4b4">
         <name>.debug_info</name>
         <load_address>0x1249</load_address>
         <run_address>0x1249</run_address>
         <size>0x206</size>
         <input_file_ref idref="fl-2"/>
      </object_component>
      <object_component id="oc-4af">
         <name>.debug_info</name>
         <load_address>0x144f</load_address>
         <run_address>0x144f</run_address>
         <size>0x26b</size>
         <input_file_ref idref="fl-2"/>
      </object_component>
      <object_component id="oc-4e3">
         <name>.debug_info</name>
         <load_address>0x16ba</load_address>
         <run_address>0x16ba</run_address>
         <size>0xee</size>
         <input_file_ref idref="fl-2"/>
      </object_component>
      <object_component id="oc-4dc">
         <name>.debug_info</name>
         <load_address>0x17a8</load_address>
         <run_address>0x17a8</run_address>
         <size>0x174</size>
         <input_file_ref idref="fl-2"/>
      </object_component>
      <object_component id="oc-4cf">
         <name>.debug_info</name>
         <load_address>0x191c</load_address>
         <run_address>0x191c</run_address>
         <size>0x8a</size>
         <input_file_ref idref="fl-2"/>
      </object_component>
[...]
         <value>0x4444</value>
         <object_component_ref idref="oc-3d8"/>
      </symbol>
      <symbol id="sm-825">
         <name>SpiInit</name>
         <value>0x130f4</value>
         <object_component_ref idref="oc-5f7"/>
      </symbol>
      <symbol id="sm-826">
         <name>SpiInOut_LoRa</name>
         <value>0x13f20</value>
         <object_component_ref idref="oc-783"/>
      </symbol>
      <symbol id="sm-843">
         <name>uart_write</name>
         <value>0x13c34</value>
         <object_component_ref idref="oc-560"/>
      </symbol>
      <symbol id="sm-844">
         <name>initUART</name>
         <value>0x13276</value>
         <object_component_ref idref="oc-553"/>
      </symbol>
      <symbol id="sm-854">
         <name>delay_ms</name>
         <value>0x13afc</value>
         <object_component_ref idref="oc-572"/>
      </symbol>
      <symbol id="sm-877">
         <name>__TI_decompress_lzss</name>
         <value>0x13200</value>
         <object_component_ref idref="oc-76"/>
      </symbol>
      <symbol id="sm-888">
         <name>__TI_decompress_none</name>
         <value>0x13f9a</value>
         <object_component_ref idref="oc-7c"/>
      </symbol>
      <symbol id="sm-88b">
         <name>__TI_int30</name>
         <value>0xffcc</value>
         <object_component_ref idref="oc-82"/>
      </symbol>
      <symbol id="sm-893">
         <name>__TI_ISR_TRAP</name>
         <value>0x4496</value>
         <object_component_ref idref="oc-3cd"/>
      </symbol>
      <symbol id="sm-896">
         <name>__TI_int31</name>
         <value>0xffce</value>
         <object_component_ref idref="oc-83"/>
      </symbol>
      <symbol id="sm-899">
         <name>__TI_int33</name>
         <value>0xffd2</value>
         <object_component_ref idref="oc-85"/>
      </symbol>
      <symbol id="sm-89c">
         <name>__TI_int34</name>
         <value>0xffd4</value>
         <object_component_ref idref="oc-86"/>
      </symbol>
      <symbol id="sm-89f">
         <name>__TI_int35</name>
         <value>0xffd6</value>
         <object_component_ref idref="oc-87"/>
      </symbol>
      <symbol id="sm-8a2">
         <name>__TI_int36</name>
         <value>0xffd8</value>
         <object_component_ref idref="oc-88"/>
      </symbol>
      <symbol id="sm-8a5">
         <name>__TI_int37</name>
         <value>0xffda</value>
         <object_component_ref idref="oc-89"/>
      </symbol>
      <symbol id="sm-8a8">
         <name>__TI_int38</name>
         <value>0xffdc</value>
         <object_component_ref idref="oc-8a"/>
      </symbol>
      <symbol id="sm-8ab">
         <name>__TI_int39</name>
         <value>0xffde</value>
         <object_component_ref idref="oc-8b"/>
      </symbol>
      <symbol id="sm-8ae">
         <name>__TI_int40</name>
         <value>0xffe0</value>
         <object_component_ref idref="oc-8c"/>
      </symbol>
      <symbol id="sm-8b1">
         <name>__TI_int41</name>
         <value>0xffe2</value>
         <object_component_ref idref="oc-8d"/>
      </symbol>
      <symbol id="sm-8b4">
         <name>__TI_int42</name>
         <value>0xffe4</value>
         <object_component_ref idref="oc-8e"/>
      </symbol>
      <symbol id="sm-8b7">
         <name>__TI_int43</name>
         <value>0xffe6</value>
         <object_component_ref idref="oc-8f"/>
      </symbol>
      <symbol id="sm-8ba">
         <name>__TI_int44</name>
         <value>0xffe8</value>
         <object_component_ref idref="oc-90"/>
      </symbol>
      <symbol id="sm-8bd">
         <name>__TI_int45</name>
         <value>0xffea</value>
         <object_component_ref idref="oc-91"/>
      </symbol>
      <symbol id="sm-8c0">
         <name>__TI_int46</name>
         <value>0xffec</value>
         <object_component_ref idref="oc-92"/>
      </symbol>
      <symbol id="sm-8c3">
         <name>__TI_int48</name>
         <value>0xfff0</value>
         <object_component_ref idref="oc-94"/>
      </symbol>
      <symbol id="sm-8c6">
         <name>__TI_int49</name>
         <value>0xfff2</value>
         <object_component_ref idref="oc-95"/>
      </symbol>
      <symbol id="sm-8c9">
         <name>__TI_int50</name>
         <value>0xfff4</value>
         <object_component_ref idref="oc-96"/>
      </symbol>
      <symbol id="sm-8cc">
         <name>__TI_int51</name>
         <value>0xfff6</value>
         <object_component_ref idref="oc-97"/>
      </symbol>
      <symbol id="sm-8cf">
         <name>__TI_int52</name>
         <value>0xfff8</value>
         <object_component_ref idref="oc-98"/>
      </symbol>
      <symbol id="sm-8d2">
         <name>__TI_int53</name>
         <value>0xfffa</value>
         <object_component_ref idref="oc-99"/>
      </symbol>
      <symbol id="sm-8d5">
         <name>__TI_int54</name>
         <value>0xfffc</value>
         <object_component_ref idref="oc-9a"/>
      </symbol>
      <symbol id="sm-8e8">
         <name>__TI_zero_init_nomemset</name>
         <value>0x13d72</value>
         <object_component_ref idref="oc-3de"/>
      </symbol>
      <symbol id="sm-90f">
         <name>__mspabi_addd</name>
         <value>0x1162e</value>
         <object_component_ref idref="oc-7e3"/>
      </symbol>
      <symbol id="sm-930">
         <name>__TI_frcaddd</name>
         <value>0x11df4</value>
         <object_component_ref idref="oc-8a6"/>
      </symbol>
      <symbol id="sm-944">
         <name>__TI_renormd</name>
         <value>0x12e62</value>
         <object_component_ref idref="oc-908"/>
      </symbol>
      <symbol id="sm-95e">
         <name>__mspabi_cmpd</name>
         <value>0x12d8a</value>
         <object_component_ref idref="oc-7f5"/>
      </symbol>
      <symbol id="sm-97f">
         <name>__mspabi_divd</name>
         <value>0x1225e</value>
         <object_component_ref idref="oc-7a9"/>
      </symbol>
      <symbol id="sm-99a">
         <name>__TI_frcdivd</name>
         <value>0x10000</value>
         <object_component_ref idref="oc-883"/>
      </symbol>
      <symbol id="sm-9a6">
         <name>__mspabi_remi</name>
         <value>0x13d1e</value>
         <object_component_ref idref="oc-8e5"/>
      </symbol>
      <symbol id="sm-9a7">
         <name>__mspabi_divi</name>
         <value>0x13d1e</value>
         <object_component_ref idref="oc-8e5"/>
      </symbol>
      <symbol id="sm-9b3">
         <name>__mspabi_remli</name>
         <value>0x1398c</value>
         <object_component_ref idref="oc-8da"/>
      </symbol>
      <symbol id="sm-9b4">
         <name>__mspabi_divli</name>
         <value>0x1398c</value>
         <object_component_ref idref="oc-8da"/>
      </symbol>
      <symbol id="sm-9be">
         <name>__mspabi_remu</name>
         <value>0x13f4c</value>
         <object_component_ref idref="oc-92a"/>
      </symbol>
      <symbol id="sm-9bf">
         <name>__mspabi_divu</name>
         <value>0x13f4c</value>
         <object_component_ref idref="oc-92a"/>
      </symbol>
      <symbol id="sm-9cd">
         <name>__mspabi_remul</name>
         <value>0x13682</value>
         <object_component_ref idref="oc-837"/>
      </symbol>
      <symbol id="sm-9ce">
         <name>__mspabi_divul</name>
         <value>0x13682</value>
         <object_component_ref idref="oc-837"/>
      </symbol>
      <symbol id="sm-9da">
         <name>__mspabi_fixdu</name>
         <value>0x13f88</value>
         <object_component_ref idref="oc-7bd"/>
      </symbol>
      <symbol id="sm-9ea">
         <name>__mspabi_fixdul</name>
         <value>0x134a0</value>
         <object_component_ref idref="oc-7af"/>
      </symbol>
      <symbol id="sm-9f3">
         <name>__mspabi_fltid</name>
         <value>0x4516</value>
         <object_component_ref idref="oc-7d7"/>
      </symbol>
      <symbol id="sm-a0b">
         <name>__mspabi_fltlid</name>
         <value>0x12fbc</value>
         <object_component_ref idref="oc-89e"/>
      </symbol>
      <symbol id="sm-a14">
         <name>__mspabi_fltud</name>
         <value>0x454e</value>
         <object_component_ref idref="oc-7dd"/>
      </symbol>
      <symbol id="sm-a29">
         <name>__mspabi_fltuld</name>
         <value>0x13180</value>
         <object_component_ref idref="oc-7a3"/>
      </symbol>
      <symbol id="sm-a4a">
         <name>__mspabi_mpyd</name>
         <value>0x11b8e</value>
         <object_component_ref idref="oc-7e9"/>
      </symbol>
      <symbol id="sm-a5a">
         <name>__TI_frcmpyd</name>
         <value>0x1190e</value>
         <object_component_ref idref="oc-8ae"/>
      </symbol>
      <symbol id="sm-a63">
         <name>__mspabi_mpyi_f5hw</name>
         <value>0x13ef2</value>
         <object_component_ref idref="oc-702"/>
      </symbol>
      <symbol id="sm-a6c">
         <name>__mspabi_mpyl_f5hw</name>
         <value>0x13d96</value>
         <object_component_ref idref="oc-8f5"/>
      </symbol>
      <symbol id="sm-a78">
         <name>__mspabi_slli</name>
         <value>0x452c</value>
         <object_component_ref idref="oc-7d2"/>
      </symbol>
      <symbol id="sm-a88">
         <name>__mspabi_slll_9</name>
         <value>0x13a60</value>
         <object_component_ref idref="oc-874"/>
      </symbol>
      <symbol id="sm-a89">
         <name>__mspabi_slll_8</name>
         <value>0x13a64</value>
         <object_component_ref idref="oc-874"/>
      </symbol>
      <symbol id="sm-a8a">
         <name>__mspabi_slll_7</name>
         <value>0x13a68</value>
         <object_component_ref idref="oc-874"/>
      </symbol>
      <symbol id="sm-a8b">
         <name>__mspabi_slll_6</name>
         <value>0x13a6c</value>
         <object_component_ref idref="oc-874"/>
      </symbol>
      <symbol id="sm-a8c">
         <name>__mspabi_slll_5</name>
         <value>0x13a70</value>
         <object_component_ref idref="oc-874"/>
      </symbol>
      <symbol id="sm-a8d">
         <name>__mspabi_slll_4</name>
         <value>0x13a74</value>
         <object_component_ref idref="oc-874"/>
      </symbol>
      <symbol id="sm-a8e">
         <name>__mspabi_slll_3</name>
         <value>0x13a78</value>
         <object_component_ref idref="oc-874"/>
      </symbol>
      <symbol id="sm-a8f">
         <name>__mspabi_slll_2</name>
         <value>0x13a7c</value>
         <object_component_ref idref="oc-874"/>
      </symbol>
      <symbol id="sm-a90">
         <name>__mspabi_slll_1</name>
         <value>0x13a80</value>
         <object_component_ref idref="oc-874"/>
      </symbol>
      <symbol id="sm-a91">
         <name>__mspabi_slll</name>
         <value>0x449e</value>
         <object_component_ref idref="oc-7b7"/>
      </symbol>
      <symbol id="sm-a92">
         <name>__mspabi_slll_15</name>
         <value>0x13a48</value>
         <object_component_ref idref="oc-874"/>
      </symbol>
      <symbol id="sm-a93">
         <name>__mspabi_slll_14</name>
         <value>0x13a4c</value>
         <object_component_ref idref="oc-874"/>
      </symbol>
      <symbol id="sm-a94">
         <name>__mspabi_slll_13</name>
         <value>0x13a50</value>
         <object_component_ref idref="oc-874"/>
      </symbol>
      <symbol id="sm-a95">
         <name>__mspabi_slll_12</name>
         <value>0x13a54</value>
         <object_component_ref idref="oc-874"/>
      </symbol>
      <symbol id="sm-a96">
         <name>__mspabi_slll_11</name>
         <value>0x13a58</value>
         <object_component_ref idref="oc-874"/>
      </symbol>
      <symbol id="sm-a97">
         <name>__mspabi_slll_10</name>
         <value>0x13a5c</value>
         <object_component_ref idref="oc-874"/>
      </symbol>
      <symbol id="sm-aa7">
         <name>__mspabi_sral</name>
         <value>0x13fde</value>
         <object_component_ref idref="oc-8b6"/>
      </symbol>
      <symbol id="sm-aa8">
         <name>__mspabi_sral_15</name>
         <value>0x13a0a</value>
         <object_component_ref idref="oc-8fa"/>
      </symbol>
      <symbol id="sm-aa9">
         <name>__mspabi_sral_14</name>
         <value>0x13a0e</value>
         <object_component_ref idref="oc-8fa"/>
      </symbol>
      <symbol id="sm-aaa">
         <name>__mspabi_sral_13</name>
         <value>0x13a12</value>
         <object_component_ref idref="oc-8fa"/>
      </symbol>
      <symbol id="sm-aab">
         <name>__mspabi_sral_12</name>
         <value>0x13a16</value>
         <object_component_ref idref="oc-8fa"/>
      </symbol>
      <symbol id="sm-aac">
         <name>__mspabi_sral_11</name>
         <value>0x13a1a</value>
         <object_component_ref idref="oc-8fa"/>
      </symbol>
      <symbol id="sm-aad">
         <name>__mspabi_sral_10</name>
         <value>0x13a1e</value>
         <object_component_ref idref="oc-8fa"/>
      </symbol>
      <symbol id="sm-aae">
         <name>__mspabi_sral_8</name>
         <value>0x13a26</value>
         <object_component_ref idref="oc-8fa"/>
      </symbol>
      <symbol id="sm-aaf">
         <name>__mspabi_sral_9</name>
         <value>0x13a22</value>
         <object_component_ref idref="oc-8fa"/>
      </symbol>
      <symbol id="sm-ab0">
         <name>__mspabi_sral_6</name>
         <value>0x13a2e</value>
         <object_component_ref idref="oc-8fa"/>
      </symbol>
      <symbol id="sm-ab1">
         <name>__mspabi_sral_7</name>
         <value>0x13a2a</value>
         <object_component_ref idref="oc-8fa"/>
      </symbol>
      <symbol id="sm-ab2">
         <name>__mspabi_sral_4</name>
         <value>0x13a36</value>
         <object_component_ref idref="oc-8fa"/>
      </symbol>
      <symbol id="sm-ab3">
         <name>__mspabi_sral_5</name>
         <value>0x13a32</value>
         <object_component_ref idref="oc-8fa"/>
      </symbol>
      <symbol id="sm-ab4">
         <name>__mspabi_sral_2</name>
         <value>0x13a3e</value>
         <object_component_ref idref="oc-8fa"/>
      </symbol>
      <symbol id="sm-ab5">
         <name>__mspabi_sral_3</name>
         <value>0x13a3a</value>
         <object_component_ref idref="oc-8fa"/>
      </symbol>
      <symbol id="sm-ab6">
         <name>__mspabi_sral_1</name>
         <value>0x13a42</value>
         <object_component_ref idref="oc-8fa"/>
      </symbol>
      <symbol id="sm-ac6">
         <name>__mspabi_srll_8</name>
         <value>0x13aa2</value>
         <object_component_ref idref="oc-87c"/>
      </symbol>
      <symbol id="sm-ac7">
         <name>__mspabi_srll_9</name>
         <value>0x13a9e</value>
         <object_component_ref idref="oc-87c"/>
      </symbol>
      <symbol id="sm-ac8">
         <name>__mspabi_srll_6</name>
         <value>0x13aaa</value>
         <object_component_ref idref="oc-87c"/>
      </symbol>
      <symbol id="sm-ac9">
         <name>__mspabi_srll_7</name>
         <value>0x13aa6</value>
         <object_component_ref idref="oc-87c"/>
      </symbol>
      <symbol id="sm-aca">
         <name>__mspabi_srll_4</name>
         <value>0x13ab2</value>
         <object_component_ref idref="oc-87c"/>
      </symbol>
      <symbol id="sm-acb">
         <name>__mspabi_srll_5</name>
         <value>0x13aae</value>
         <object_component_ref idref="oc-87c"/>
      </symbol>
      <symbol id="sm-acc">
         <name>__mspabi_srll_2</name>
         <value>0x13aba</value>
         <object_component_ref idref="oc-87c"/>
      </symbol>
      <symbol id="sm-acd">
         <name>__mspabi_srll_3</name>
         <value>0x13ab6</value>
         <object_component_ref idref="oc-87c"/>
      </symbol>
      <symbol id="sm-ace">
         <name>__mspabi_srll_1</name>
         <value>0x13abe</value>
         <object_component_ref idref="oc-87c"/>
      </symbol>
      <symbol id="sm-acf">
         <name>__mspabi_srll_15</name>
         <value>0x13a86</value>
         <object_component_ref idref="oc-87c"/>
      </symbol>
      <symbol id="sm-ad0">
         <name>__mspabi_srll_14</name>
         <value>0x13a8a</value>
         <object_component_ref idref="oc-87c"/>
      </symbol>
      <symbol id="sm-ad1">
         <name>__mspabi_srll_13</name>
         <value>0x13a8e</value>
         <object_component_ref idref="oc-87c"/>
      </symbol>
      <symbol id="sm-ad2">
         <name>__mspabi_srll_12</name>
         <value>0x13a92</value>
         <object_component_ref idref="oc-87c"/>
      </symbol>
      <symbol id="sm-ad3">
         <name>__mspabi_srll_11</name>
         <value>0x13a96</value>
         <object_component_ref idref="oc-87c"/>
      </symbol>
      <symbol id="sm-ad4">
         <name>__mspabi_srll_10</name>
         <value>0x13a9a</value>
         <object_component_ref idref="oc-87c"/>
      </symbol>
      <symbol id="sm-ad5">
         <name>__mspabi_srll</name>
         <value>0x44ae</value>
         <object_component_ref idref="oc-890"/>
      </symbol>
      <symbol id="sm-ae6">
         <name>_c_int00_noargs_mpu</name>
         <value>0x4476</value>
         <object_component_ref idref="oc-408"/>
      </symbol>
      <symbol id="sm-ae7">
         <name>_stack</name>
         <value>0x2360</value>
         <object_component_ref idref="oc-3b1"/>
      </symbol>
      <symbol id="sm-ae8">
         <name>_reset_vector</name>
         <value>0xfffe</value>
         <object_component_ref idref="oc-3b4"/>
      </symbol>
      <symbol id="sm-af1">
         <name>__mpu_init</name>
         <value>0x13cf2</value>
         <object_component_ref idref="oc-483"/>
      </symbol>
      <symbol id="sm-b15">
         <name>__TI_auto_init_nobinit_nopinit_hold_wdt</name>
         <value>0x13784</value>
         <object_component_ref idref="oc-527"/>
      </symbol>
      <symbol id="sm-b1e">
         <name>_system_post_cinit</name>
         <value>0x4570</value>
         <object_component_ref idref="oc-5c7"/>
      </symbol>
      <symbol id="sm-b27">
         <name>_system_pre_init</name>
         <value>0x455e</value>
         <object_component_ref idref="oc-46b"/>
      </symbol>
      <symbol id="sm-b54">
         <name>ceil</name>
         <value>0x12480</value>
         <object_component_ref idref="oc-7ef"/>
      </symbol>
      <symbol id="sm-b55">
         <name>ceill</name>
         <value>0x12480</value>
         <object_component_ref idref="oc-7ef"/>
      </symbol>
      <symbol id="sm-b60">
         <name>C$$EXIT</name>
         <value>0x4554</value>
         <object_component_ref idref="oc-503"/>
      </symbol>
      <symbol id="sm-b61">
         <name>abort</name>
         <value>0x4554</value>
         <object_component_ref idref="oc-503"/>
      </symbol>
      <symbol id="sm-b83">
         <name>floorl</name>
         <value>0x12646</value>
         <object_component_ref idref="oc-7fb"/>
      </symbol>
      <symbol id="sm-b84">
         <name>floor</name>
         <value>0x12646</value>
         <object_component_ref idref="oc-7fb"/>
      </symbol>
      <symbol id="sm-b92">
         <name>memcpy</name>
         <value>0x13f62</value>
         <object_component_ref idref="oc-3c0"/>
      </symbol>
      <symbol id="sm-ba0">
         <name>memset</name>
         <value>0x13f36</value>
         <object_component_ref idref="oc-80c"/>
      </symbol>
      <symbol id="sm-bb3">
         <name>roundl</name>
         <value>0x12ac6</value>
         <object_component_ref idref="oc-801"/>
      </symbol>
      <symbol id="sm-bb4">
         <name>round</name>
         <value>0x12ac6</value>
         <object_component_ref idref="oc-801"/>
      </symbol>
      <symbol id="sm-bbd">
         <name>__mspabi_negd</name>
         <value>0x13cc4</value>
         <object_component_ref idref="oc-8cb"/>
      </symbol>
      <symbol id="sm-bc6">
         <name>__mspabi_subd</name>
         <value>0x13bd0</value>
         <object_component_ref idref="oc-8c5"/>
      </symbol>
      <symbol id="sm-bd3">
         <name>strlen</name>
         <value>0x44cc</value>
         <object_component_ref idref="oc-61b"/>
      </symbol>
   </symbol_table>
   <title>Link successful</title>
</link_info>
