******************************************************************************
                  MSP430 Linker PC v20.2.2                     
******************************************************************************
>> Linked Thu May  4 16:35:10 2023

OUTPUT FILE NAME:   <SD_PHY.out>
ENTRY POINT SYMBOL: "_c_int00_noargs_mpu"  address: 00004962


MEMORY CONFIGURATION

         name            origin    length      used     unused   attr    fill
----------------------  --------  ---------  --------  --------  ----  --------
  SFR                   00000000   00000010  00000000  00000010  RWIX
  PERIPHERALS_8BIT      00000010   000000f0  00000000  000000f0  RWIX
  PERIPHERALS_16BIT     00000100   00000100  00000000  00000100  RWIX
  INFOD                 00001800   00000080  00000000  00000080  RWIX
  INFOC                 00001880   00000080  00000000  00000080  RWIX
  INFOB                 00001900   00000080  00000000  00000080  RWIX
  INFOA                 00001980   00000080  00000000  00000080  RWIX
  RAM                   00001c00   00000800  0000040e  000003f2  RWIX
  FRAM                  00004400   0000bb80  00000d50  0000ae30  RWIX
  JTAGSIGNATURE         0000ff80   00000004  00000004  00000000  RWIX  ffff 
  BSLSIGNATURE          0000ff84   00000004  00000004  00000000  RWIX  ffff 
  IPESIGNATURE          0000ff88   00000008  00000008  00000000  RWIX  ffff 
  INT00                 0000ff90   00000002  00000000  00000002  RWIX
  INT01                 0000ff92   00000002  00000000  00000002  RWIX
  INT02                 0000ff94   00000002  00000000  00000002  RWIX
  INT03                 0000ff96   00000002  00000000  00000002  RWIX
  INT04                 0000ff98   00000002  00000000  00000002  RWIX
  INT05                 0000ff9a   00000002  00000000  00000002  RWIX
  INT06                 0000ff9c   00000002  00000000  00000002  RWIX
  INT07                 0000ff9e   00000002  00000000  00000002  RWIX
  INT08                 0000ffa0   00000002  00000000  00000002  RWIX
  INT09                 0000ffa2   00000002  00000000  00000002  RWIX
  INT10                 0000ffa4   00000002  00000000  00000002  RWIX
  INT11                 0000ffa6   00000002  00000000  00000002  RWIX
  INT12                 0000ffa8   00000002  00000000  00000002  RWIX
  INT13                 0000ffaa   00000002  00000000  00000002  RWIX
  INT14                 0000ffac   00000002  00000000  00000002  RWIX
  INT15                 0000ffae   00000002  00000000  00000002  RWIX
  INT16                 0000ffb0   00000002  00000000  00000002  RWIX
  INT17                 0000ffb2   00000002  00000000  00000002  RWIX
  INT18                 0000ffb4   00000002  00000000  00000002  RWIX
  INT19                 0000ffb6   00000002  00000000  00000002  RWIX
  INT20                 0000ffb8   00000002  00000000  00000002  RWIX
  INT21                 0000ffba   00000002  00000000  00000002  RWIX
  INT22                 0000ffbc   00000002  00000000  00000002  RWIX
  INT23                 0000ffbe   00000002  00000000  00000002  RWIX
  INT24                 0000ffc0   00000002  00000000  00000002  RWIX
  INT25                 0000ffc2   00000002  00000000  00000002  RWIX
  INT26                 0000ffc4   00000002  00000000  00000002  RWIX
  INT27                 0000ffc6   00000002  00000000  00000002  RWIX
  INT28                 0000ffc8   00000002  00000000  00000002  RWIX
  INT29                 0000ffca   00000002  00000000  00000002  RWIX
  INT30                 0000ffcc   00000002  00000002  00000000  RWIX
  INT31                 0000ffce   00000002  00000002  00000000  RWIX
  INT32                 0000ffd0   00000002  00000002  00000000  RWIX
  INT33                 0000ffd2   00000002  00000002  00000000  RWIX
  INT34                 0000ffd4   00000002  00000002  00000000  RWIX
  INT35                 0000ffd6   00000002  00000002  00000000  RWIX
  INT36                 0000ffd8   00000002  00000002  00000000  RWIX
  INT37                 0000ffda   00000002  00000002  00000000  RWIX
  INT38                 0000ffdc   00000002  00000002  00000000  RWIX
  INT39                 0000ffde   00000002  00000002  00000000  RWIX
  INT40                 0000ffe0   00000002  00000002  00000000  RWIX
  INT41                 0000ffe2   00000002  00000002  00000000  RWIX
  INT42                 0000ffe4   00000002  00000002  00000000  RWIX
  INT43                 0000ffe6   00000002  00000002  00000000  RWIX
  INT44                 0000ffe8   00000002  00000002  00000000  RWIX
  INT45                 0000ffea   00000002  00000002  00000000  RWIX
  INT46                 0000ffec   00000002  00000002  00000000  RWIX
  INT47                 0000ffee   00000002  00000002  00000000  RWIX
  INT48                 0000fff0   00000002  00000002  00000000  RWIX
  INT49                 0000fff2   00000002  00000002  00000000  RWIX
  INT50                 0000fff4   00000002  00000002  00000000  RWIX
  INT51                 0000fff6   00000002  00000002  00000000  RWIX
  INT52                 0000fff8   00000002  00000002  00000000  RWIX
  INT53                 0000fffa   00000002  00000002  00000000  RWIX
  INT54                 0000fffc   00000002  00000002  00000000  RWIX
  RESET                 0000fffe   00000002  00000002  00000000  RWIX
  FRAM2                 00010000   00003ff8  00003ff8  00000000  RWIX


SECTION ALLOCATION MAP

 output                                  attributes/
section   page    origin      length       input sections
--------  ----  ----------  ----------   ----------------
.TI.persistent 
*          0    00004400    00000000     UNINITIALIZED

.cio       0    00004400    00000120     UNINITIALIZED
                  00004400    00000120     rts430x_lc_rd_eabi.lib : trgmsg.c.obj (.cio)

.sysmem    0    00004520    00000000     UNINITIALIZED

.ipestruct 
*          0    00004800    00000000     UNINITIALIZED

.ipe       0    00004800    00000000     UNINITIALIZED

.ipe_const 
*          0    00004800    00000000     UNINITIALIZED

.ipe:_isr 
*          0    00004800    00000000     UNINITIALIZED

.ipe_vars 
*          0    00004800    00000000     UNINITIALIZED

.cinit     0    00005104    0000004c     
                  00005104    0000002a     (.cinit..data.load) [load image, compression = lzss]
                  0000512e    0000000c     (__TI_handler_table)
                  0000513a    00000006     (.cinit..bss.load) [load image, compression = zero_init]
                  00005140    00000010     (__TI_cinit_table)

.binit     0    00004400    00000000     

.init_array 
*          0    00004400    00000000     UNINITIALIZED

.text:_isr 
*          0    00004800    0000018a     
                  00004800    000000e2     timer.obj (.text:_isr:TIMER0_A0_ISR)
                  000048e2    0000004e     gpio.obj (.text:_isr:PORT4_IRQHandler)
                  00004930    00000032     spi.obj (.text:_isr:EUSCIB0_IRQHandler)
                  00004962    00000020     rts430x_lc_rd_eabi.lib : boot.c.obj (.text:_isr:_c_int00_noargs_mpu)
                  00004982    00000008                            : isr_trap.asm.obj (.text:_isr:__TI_ISR_TRAP)

.bss       0    00001c00    0000032c     UNINITIALIZED
                  00001c00    00000100     tasks.obj (.bss:BR_buffer)
                  00001d00    00000100     sx1276.obj (.bss:RxTxBuffer)
                  00001e00    000000c4     (.common:SX1276)
                  00001ec4    00000050     (.common:SD_PHY)
                  00001f14    00000008     (.common:parmbuf)
                  00001f1c    00000004     sx1276.obj (.bss)
                  00001f20    00000002     (.common:ACK_buffer)
                  00001f22    00000002     (.common:random_num)
                  00001f24    00000002     (.common:send_buffer)
                  00001f26    00000001     (.common:SPI_RXData_LoRa)
                  00001f27    00000001     (.common:done_flag)
                  00001f28    00000001     (.common:duty_flag)
                  00001f29    00000001     (.common:sleep_flag)
                  00001f2a    00000001     (.common:timerstart_sleep)
                  00001f2b    00000001     (.common:timerstart_wait)

.data      0    00001f2c    00000042     UNINITIALIZED
                  00001f2c    00000024     tasks.obj (.data:sx1276)
                  00001f50    00000008     cs.obj (.data)
                  00001f58    00000004     rts430x_lc_rd_eabi.lib : _lock.c.obj (.data:_lock)
                  00001f5c    00000004                            : _lock.c.obj (.data:_unlock)
                  00001f60    00000004                            : rand.c.obj (.data)
                  00001f64    00000004     timer.obj (.data)
                  00001f68    00000003     tasks.obj (.data)
                  00001f6b    00000001     gpio.obj (.data)
                  00001f6c    00000002     main.obj (.data)

.stack     0    00002360    000000a0     UNINITIALIZED
                  00002360    00000004     rts430x_lc_rd_eabi.lib : boot.c.obj (.stack)
                  00002364    0000009c     --HOLE--

.text.1    0    0000498a    0000046c     
                  0000498a    0000002e     crc.obj (.text:crc8)
                  000049b8    0000002c     MSPMPU_INIT_LIB_CCS_msp430_large_code_restricted_data.lib : mpu_init.o (.text:__mpu_init)
                  000049e4    0000002c     rts430x_lc_rd_eabi.lib : div16s.asm.obj (.text)
                  00004a10    00000028     sx1276.obj (.text:SX1276Reset)
                  00004a38    00000024     rts430x_lc_rd_eabi.lib : copy_zero_init.c.obj (.text:decompress:ZI:__TI_zero_init_nomemset:__TI_zero_init_nomemset)
                  00004a5c    00000024                            : mult32_f5hw.asm.obj (.text)
                  00004a80    00000022     eusci_a_uart.obj (.text:EUSCI_A_UART_transmitData)
                  00004aa2    00000022     timer.obj (.text:endtimer_sleep)
                  00004ac4    00000020     ack.obj (.text:ACK_Configure)
                  00004ae4    00000020     wdt_a.obj (.text:WDT_A_hold)
                  00004b04    00000020     timer.obj (.text:settimer_wait)
                  00004b24    0000001e     cs.obj (.text:CS_getACLK)
                  00004b42    0000001e     gpio.obj (.text:GPIO_clearInterrupt)
                  00004b60    0000001e     gpio.obj (.text:GPIO_enableInterrupt)
                  00004b7e    0000001c     sx1276.obj (.text:SX1276SetIRQFlagMask)
                  00004b9a    0000001c     sx1276.obj (.text:SX1276SetOpMode)
                  00004bb6    00000018     gpio.obj (.text:GpioWrite)
                  00004bce    00000018     sx1276.obj (.text:SX1276GetPaSelect)
                  00004be6    00000018     rts430x_lc_rd_eabi.lib : time.c.obj (.text:__time32)
                  00004bfe    00000018                            : mult16_f5hw.asm.obj (.text)
                  00004c16    00000016     cs.obj (.text:CS_getMCLK)
                  00004c2c    00000016     spi.obj (.text:SpiInOut_LoRa)
                  00004c42    00000016     rts430x_lc_rd_eabi.lib : memset.c.obj (.text:memset)
                  00004c58    00000016                            : div16u.asm.obj (.text)
                  00004c6e    00000016                            : rand.c.obj (.text:srand)
                  00004c84    00000014                            : memcpy.c.obj (.text:memcpy)
                  00004c98    00000012     sx1276.obj (.text:SX1276Write)
                  00004caa    00000012     rts430x_lc_rd_eabi.lib : fixdu.c.obj (.text:__mspabi_fixdu)
                  00004cbc    00000012                            : copy_decompress_none.c.obj (.text:decompress:none:__TI_decompress_none)
                  00004cce    00000012     main.obj (.text:main)
                  00004ce0    00000010     cs.obj (.text:CS_disableClockRequest)
                  00004cf0    00000010     sx1276.obj (.text:SX1276Read)
                  00004d00    00000010     rts430x_lc_rd_eabi.lib : asr32.asm.obj (.text:l_asr)
                  00004d10    00000010                            : lsl32.asm.obj (.text:l_lsl)
                  00004d20    00000010                            : lsr32.asm.obj (.text:l_lsr)
                  00004d30    0000000e     board.obj (.text:BoardInitMcu)
                  00004d3e    0000000e     rts430x_lc_rd_eabi.lib : strlen.c.obj (.text:strlen)
                  00004d4c    0000000c     board.obj (.text:BoardIoIrqInit)
                  00004d58    0000000c     eusci_b_spi.obj (.text:EUSCI_B_SPI_enableInterrupt)
                  00004d64    0000000c     sx1276.obj (.text:SX1276SetSleep)
                  00004d70    0000000c     sx1276.obj (.text:SX1276SetStby)
                  00004d7c    0000000c     sx1276.obj (.text:SX1276WriteFifo)
                  00004d88    0000000c     rts430x_lc_rd_eabi.lib : fltid.c.obj (.text:__mspabi_fltid)
                  00004d94    0000000a     eusci_b_spi.obj (.text:EUSCI_B_SPI_getInterruptStatus)
                  00004d9e    0000000a     gpio.obj (.text:GpioToggle)
                  00004da8    0000000a     rts430x_lc_rd_eabi.lib : lsl16.asm.obj (.text)
                  00004db2    00000006     eusci_a_uart.obj (.text:EUSCI_A_UART_enable)
                  00004db8    00000006     eusci_b_spi.obj (.text:EUSCI_B_SPI_enable)
                  00004dbe    00000006     pmm.obj (.text:PMM_unlockLPM5)
                  00004dc4    00000006     sx1276.obj (.text:SX1276GetStatus)
                  00004dca    00000006     rts430x_lc_rd_eabi.lib : fltud.c.obj (.text:__mspabi_fltud)
                  00004dd0    00000006                            : exit.c.obj (.text:abort)
                  00004dd6    00000006     timer.obj (.text:settimer_sleep)
                  00004ddc    00000004     sx1276.obj (.text:SX1276CheckRfFrequency)
                  00004de0    00000004     rts430x_lc_rd_eabi.lib : pre_init.c.obj (.text:_system_pre_init)
                  00004de4    00000002     tasks.obj (.text:SX1276_CadDone)
                  00004de6    00000002     tasks.obj (.text:SX1276_FhssChangeChannel)
                  00004de8    00000002     tasks.obj (.text:SX1276_OnRxDone)
                  00004dea    00000002     tasks.obj (.text:SX1276_OnRxError)
                  00004dec    00000002     tasks.obj (.text:SX1276_OnRxTimeout)
                  00004dee    00000002     tasks.obj (.text:SX1276_OnTxDone)
                  00004df0    00000002     tasks.obj (.text:SX1276_OnTxTimeout)
                  00004df2    00000002     rts430x_lc_rd_eabi.lib : _lock.c.obj (.text:_nop)
                  00004df4    00000002                            : startup.c.obj (.text:_system_post_cinit)

$fill000   0    0000ff80    00000004     
                  0000ff80    00000004     --HOLE-- [fill = ffff]

$fill001   0    0000ff84    00000004     
                  0000ff84    00000004     --HOLE-- [fill = ffff]

$fill002   0    0000ff88    00000008     
                  0000ff88    00000008     --HOLE-- [fill = ffff]

AES256     0    0000ffcc    00000002     
                  0000ffcc    00000002     rts430x_lc_rd_eabi.lib : int30.asm.obj (.int30)

RTC        0    0000ffce    00000002     
                  0000ffce    00000002     rts430x_lc_rd_eabi.lib : int31.asm.obj (.int31)

PORT4      0    0000ffd0    00000002     
                  0000ffd0    00000002     gpio.obj (.int32)

PORT3      0    0000ffd2    00000002     
                  0000ffd2    00000002     rts430x_lc_rd_eabi.lib : int33.asm.obj (.int33)

TIMER3_A1 
*          0    0000ffd4    00000002     
                  0000ffd4    00000002     rts430x_lc_rd_eabi.lib : int34.asm.obj (.int34)

TIMER3_A0 
*          0    0000ffd6    00000002     
                  0000ffd6    00000002     rts430x_lc_rd_eabi.lib : int35.asm.obj (.int35)

PORT2      0    0000ffd8    00000002     
                  0000ffd8    00000002     rts430x_lc_rd_eabi.lib : int36.asm.obj (.int36)

TIMER2_A1 
*          0    0000ffda    00000002     
                  0000ffda    00000002     rts430x_lc_rd_eabi.lib : int37.asm.obj (.int37)

TIMER2_A0 
*          0    0000ffdc    00000002     
                  0000ffdc    00000002     rts430x_lc_rd_eabi.lib : int38.asm.obj (.int38)

PORT1      0    0000ffde    00000002     
                  0000ffde    00000002     rts430x_lc_rd_eabi.lib : int39.asm.obj (.int39)

TIMER1_A1 
*          0    0000ffe0    00000002     
                  0000ffe0    00000002     rts430x_lc_rd_eabi.lib : int40.asm.obj (.int40)

TIMER1_A0 
*          0    0000ffe2    00000002     
                  0000ffe2    00000002     rts430x_lc_rd_eabi.lib : int41.asm.obj (.int41)

DMA        0    0000ffe4    00000002     
                  0000ffe4    00000002     rts430x_lc_rd_eabi.lib : int42.asm.obj (.int42)

USCI_A1    0    0000ffe6    00000002     
                  0000ffe6    00000002     rts430x_lc_rd_eabi.lib : int43.asm.obj (.int43)

TIMER0_A1 
*          0    0000ffe8    00000002     
                  0000ffe8    00000002     rts430x_lc_rd_eabi.lib : int44.asm.obj (.int44)

TIMER0_A0 
*          0    0000ffea    00000002     
                  0000ffea    00000002     timer.obj (.int45)

ADC12      0    0000ffec    00000002     
                  0000ffec    00000002     rts430x_lc_rd_eabi.lib : int46.asm.obj (.int46)

USCI_B0    0    0000ffee    00000002     
                  0000ffee    00000002     spi.obj (.int47)

USCI_A0    0    0000fff0    00000002     
                  0000fff0    00000002     rts430x_lc_rd_eabi.lib : int48.asm.obj (.int48)

WDT        0    0000fff2    00000002     
                  0000fff2    00000002     rts430x_lc_rd_eabi.lib : int49.asm.obj (.int49)

TIMER0_B1 
*          0    0000fff4    00000002     
                  0000fff4    00000002     rts430x_lc_rd_eabi.lib : int50.asm.obj (.int50)

TIMER0_B0 
*          0    0000fff6    00000002     
                  0000fff6    00000002     rts430x_lc_rd_eabi.lib : int51.asm.obj (.int51)

COMP_E     0    0000fff8    00000002     
                  0000fff8    00000002     rts430x_lc_rd_eabi.lib : int52.asm.obj (.int52)

UNMI       0    0000fffa    00000002     
                  0000fffa    00000002     rts430x_lc_rd_eabi.lib : int53.asm.obj (.int53)

SYSNMI     0    0000fffc    00000002     
                  0000fffc    00000002     rts430x_lc_rd_eabi.lib : int54.asm.obj (.int54)

.reset     0    0000fffe    00000002     
                  0000fffe    00000002     rts430x_lc_rd_eabi.lib : boot.c.obj (.reset)

.const     0    00004df6    0000030e     
                  00004df6    000000b8     tasks.obj (.const:.string)
                  00004eae    00000084     sx1276.obj (.const:FskBandwidths)
                  00004f32    00000054     board.obj (.const:sx1276Radio)
                  00004f86    00000044     timer.obj (.const:.string)
                  00004fca    00000040     sx1276.obj (.const:RadioRegsInit)
                  0000500a    0000001c     gpio.obj (.const:GPIO_PORT_TO_BASE)
                  00005026    00000012     spi.obj (.const:$P$T0$1)
                  00005038    00000010     uart.obj (.const:$P$T1$2)
                  00005048    0000000e     timer.obj (.const:$P$T0$1)
                  00005056    0000000e     board.obj (.const:PIN_MSP_P1_0)
                  00005064    0000000e     board.obj (.const:PIN_MSP_P1_3)
                  00005072    0000000e     board.obj (.const:PIN_MSP_P1_6)
                  00005080    0000000e     board.obj (.const:PIN_MSP_P1_7)
                  0000508e    0000000e     board.obj (.const:PIN_MSP_P2_2)
                  0000509c    0000000e     board.obj (.const:PIN_MSP_P3_0)
                  000050aa    0000000e     board.obj (.const:PIN_MSP_P3_1)
                  000050b8    0000000e     board.obj (.const:PIN_MSP_P3_4)
                  000050c6    0000000e     board.obj (.const:PIN_MSP_P3_5)
                  000050d4    0000000e     board.obj (.const:PIN_MSP_P3_6)
                  000050e2    0000000e     board.obj (.const:PIN_MSP_P4_3)
                  000050f0    0000000e     board.obj (.const:PIN_MSP_P4_6)
                  000050fe    00000005     uart.obj (.const:.string:$P$T0$1)
                  00005103    00000001     gpio.obj (.const)

.text.2    0    00010000    00003ff8     
                  00010000    00000466     rts430x_lc_rd_eabi.lib : frcdivd.c.obj (.text:__TI_frcdivd)
                  00010466    00000436     sx1276.obj (.text:SX1276SetTxConfig)
                  0001089c    000003fa     tasks.obj (.text:task_lora_test)
                  00010c96    000003be     sx1276.obj (.text:SX1276SetRxConfig)
                  00011054    0000037a     sx1276.obj (.text:SX1276SetRx)
                  000113ce    0000032c     sx1276.obj (.text:SX1276GetTimeOnAir)
                  000116fa    000002e0     rts430x_lc_rd_eabi.lib : addd.c.obj (.text:__mspabi_addd)
                  000119da    00000280                            : frcmpyd.c.obj (.text:__TI_frcmpyd)
                  00011c5a    00000266                            : mpyd.c.obj (.text:__mspabi_mpyd)
                  00011ec0    00000248                            : frcaddd.c.obj (.text:__TI_frcaddd)
                  00012108    00000222     board.obj (.text:BoardIoInit)
                  0001232a    00000222     rts430x_lc_rd_eabi.lib : divd.c.obj (.text:__mspabi_divd)
                  0001254c    000001c6                            : s_ceil.c.obj (.text:ceil)
                  00012712    000001c4                            : s_floor.c.obj (.text:floor)
                  000128d6    0000017c     cs.obj (.text:privateCSASourceClockFromDCO)
                  00012a52    00000140     cs.obj (.text:CS_setDCOFreq)
                  00012b92    00000106     rts430x_lc_rd_eabi.lib : s_round.c.obj (.text:round)
                  00012c98    000000e0     cs.obj (.text:privateCSAComputeCLKFrequency)
                  00012d78    000000de     sx1276.obj (.text:RxChainCalibration)
                  00012e56    000000d8     rts430x_lc_rd_eabi.lib : cmpd.c.obj (.text:__mspabi_cmpd)
                  00012f2e    000000b2                            : renormd.c.obj (.text:__TI_renormd)
                  00012fe0    000000a8     clock.obj (.text:ClockSet)
                  00013088    0000009e     rts430x_lc_rd_eabi.lib : fltlid.c.obj (.text:__mspabi_fltlid)
                  00013126    0000009a     eusci_a_uart.obj (.text:EUSCI_A_UART_init)
                  000131c0    0000008c     spi.obj (.text:SpiInit)
                  0001324c    00000080     rts430x_lc_rd_eabi.lib : fltuld.c.obj (.text:__mspabi_fltuld)
                  000132cc    0000007c     timer_a.obj (.text:Timer_A_initUpMode)
                  00013348    00000076     rts430x_lc_rd_eabi.lib : copy_decompress_lzss.c.obj (.text:decompress:lzss:__TI_decompress_lzss)
                  000133be    00000074     uart.obj (.text:initUART)
                  00013432    00000072     sx1276.obj (.text:SX1276SetModem)
                  000134a4    00000070     sx1276.obj (.text:SX1276Send)
                  00013514    0000006a     cs.obj (.text:CS_initClockSignal)
                  0001357e    0000006a     sx1276.obj (.text:GetFskBandwidthRegValue)
                  000135e8    00000068     rts430x_lc_rd_eabi.lib : fixdul.c.obj (.text:__mspabi_fixdul)
                  00013650    00000064     clock.obj (.text:ClockInit)
                  000136b4    00000062     sx1276.obj (.text:SX1276Init)
                  00013716    0000005c     uart.obj (.text:uart_printNum)
                  00013772    0000005a     gpio.obj (.text:GpioSetInterrupt)
                  000137cc    0000005a     sx1276.obj (.text:SX1276Random)
                  00013826    00000058     rts430x_lc_rd_eabi.lib : div32u.asm.obj (.text)
                  0001387e    00000056     eusci_b_spi.obj (.text:EUSCI_B_SPI_initMaster)
                  000138d4    00000056     rts430x_lc_rd_eabi.lib : hosttime.c.obj (.text:HOSTtime)
                  0001392a    00000054     sx1276.obj (.text:SX1276SetChannel)
                  0001397e    00000054     rts430x_lc_rd_eabi.lib : autoinit.c.obj (.text:__TI_auto_init_nobinit_nopinit_hold_wdt:__TI_auto_init_nobinit_nopinit_hold_wdt)
                  000139d2    00000050     sx1276.obj (.text:SX1276ReadRssi)
                  00013a22    0000004a     gpio.obj (.text:GPIO_setAsInputPinWithPullDownResistor)
                  00013a6c    0000004a     sx1276.obj (.text:SX1276ReadBuffer)
                  00013ab6    00000048     gpio.obj (.text:GpioInit)
                  00013afe    00000048     timer.obj (.text:timerinitial)
                  00013b46    00000046     sx1276.obj (.text:SX1276WriteBuffer)
                  00013b8c    00000042     sx1276.obj (.text:SX1276SetTx)
                  00013bce    00000040     rts430x_lc_rd_eabi.lib : rand.c.obj (.text:rand)
                  00013c0e    00000040                            : div32s.asm.obj (.text)
                  00013c4e    0000003e     sx1276.obj (.text:SX1276IsChannelFree)
                  00013c8c    0000003e     rts430x_lc_rd_eabi.lib : asr32.asm.obj (.text:l_asr_const)
                  00013cca    0000003e                            : lsl32.asm.obj (.text:l_lsl_const)
                  00013d08    0000003e                            : lsr32.asm.obj (.text:l_lsr_const)
                  00013d46    00000038     sx1276.obj (.text:SX1276StartCad)
                  00013d7e    00000038     utils.obj (.text:delay_ms)
                  00013db6    00000036     rts430x_lc_rd_eabi.lib : trgmsg.c.obj (.text:__TI_writemsg)
                  00013dec    00000036     crc.obj (.text:crc8_check)
                  00013e22    00000034     sx1276.obj (.text:SX1276ReceivePayload)
                  00013e56    00000034     sx1276.obj (.text:SX1276SetMaxPayloadLength)
                  00013e8a    00000032     rts430x_lc_rd_eabi.lib : trgmsg.c.obj (.text:__TI_readmsg)
                  00013ebc    00000032                            : subd.c.obj (.text:__mspabi_subd)
                  00013eee    00000032     board.obj (.text:delay_us)
                  00013f20    00000032     uart.obj (.text:uart_write)
                  00013f52    00000030     gpio.obj (.text:GPIO_getInterruptStatus)
                  00013f82    0000002e     gpio.obj (.text:GPIO_selectInterruptEdge)
                  00013fb0    0000002e     rts430x_lc_rd_eabi.lib : negd.c.obj (.text:__mspabi_negd)
                  00013fde    0000001a     cs.obj (.text:CS_getSMCLK)

MODULE SUMMARY

       Module                       code    ro data   rw data
       ------                       ----    -------   -------
    .\
       main.obj                     18      0         85     
    +--+----------------------------+-------+---------+---------+
       Total:                       18      0         85     
                                                             
    .\app\
       tasks.obj                    1032    184       304    
    +--+----------------------------+-------+---------+---------+
       Total:                       1032    184       304    
                                                             
    .\driverlib\MSP430FR5xx_6xx\
       cs.obj                       1124    0         8      
       gpio.obj                     228     28        0      
       eusci_a_uart.obj             194     0         0      
       timer_a.obj                  124     0         0      
       eusci_b_spi.obj              114     0         0      
       wdt_a.obj                    32      0         0      
       pmm.obj                      6       0         0      
    +--+----------------------------+-------+---------+---------+
       Total:                       1822    28        8      
                                                             
    .\sx1276\
       sx1276.obj                   5276    196       456    
    +--+----------------------------+-------+---------+---------+
       Total:                       5276    196       456    
                                                             
    .\system\
       board.obj                    622     252       0      
       timer.obj                    370     84        4      
       uart.obj                     258     21        0      
       gpio.obj                     274     3         1      
       clock.obj                    268     0         0      
       spi.obj                      212     20        0      
       crc.obj                      100     0         0      
       ack.obj                      32      0         0      
    +--+----------------------------+-------+---------+---------+
       Total:                       2136    380       5      
                                                             
    .\utils\
       utils.obj                    56      0         0      
    +--+----------------------------+-------+---------+---------+
       Total:                       56      0         0      
                                                             
    D:\CCS\Install\ccs\ccs_base\msp430\lib\FR59xx\MSPMPU_INIT_LIB_CCS_msp430_large_code_restricted_data.lib
       mpu_init.o                   44      0         0      
    +--+----------------------------+-------+---------+---------+
       Total:                       44      0         0      
                                                             
    D:\CCS\Install\ccs\tools\compiler\ti-cgt-msp430_20.2.2.LTS\lib\rts430x_lc_rd_eabi.lib
       frcdivd.c.obj                1126    0         0      
       addd.c.obj                   736     0         0      
       frcmpyd.c.obj                640     0         0      
       mpyd.c.obj                   614     0         0      
       frcaddd.c.obj                584     0         0      
       divd.c.obj                   546     0         0      
       s_ceil.c.obj                 454     0         0      
       s_floor.c.obj                452     0         0      
       trgmsg.c.obj                 104     0         288    
       s_round.c.obj                262     0         0      
       cmpd.c.obj                   216     0         0      
       renormd.c.obj                178     0         0      
       fltlid.c.obj                 158     0         0      
       fltuld.c.obj                 128     0         0      
       copy_decompress_lzss.c.obj   118     0         0      
       fixdul.c.obj                 104     0         0      
       rand.c.obj                   86      0         4      
       div32u.asm.obj               88      0         0      
       hosttime.c.obj               86      0         0      
       autoinit.c.obj               84      0         0      
       asr32.asm.obj                78      0         0      
       lsl32.asm.obj                78      0         0      
       lsr32.asm.obj                78      0         0      
       div32s.asm.obj               64      0         0      
       subd.c.obj                   50      0         0      
       negd.c.obj                   46      0         0      
       div16s.asm.obj               44      0         0      
       copy_zero_init.c.obj         36      0         0      
       mult32_f5hw.asm.obj          36      0         0      
       boot.c.obj                   32      2         0      
       mult16_f5hw.asm.obj          24      0         0      
       time.c.obj                   24      0         0      
       div16u.asm.obj               22      0         0      
       memset.c.obj                 22      0         0      
       memcpy.c.obj                 20      0         0      
       copy_decompress_none.c.obj   18      0         0      
       fixdu.c.obj                  18      0         0      
       strlen.c.obj                 14      0         0      
       fltid.c.obj                  12      0         0      
       _lock.c.obj                  2       0         8      
       lsl16.asm.obj                10      0         0      
       hostopen.c.obj               0       0         8      
       isr_trap.asm.obj             8       0         0      
       exit.c.obj                   6       0         0      
       fltud.c.obj                  6       0         0      
       pre_init.c.obj               4       0         0      
       int30.asm.obj                0       2         0      
       int31.asm.obj                0       2         0      
       int33.asm.obj                0       2         0      
       int34.asm.obj                0       2         0      
       int35.asm.obj                0       2         0      
       int36.asm.obj                0       2         0      
       int37.asm.obj                0       2         0      
       int38.asm.obj                0       2         0      
       int39.asm.obj                0       2         0      
       int40.asm.obj                0       2         0      
       int41.asm.obj                0       2         0      
       int42.asm.obj                0       2         0      
       int43.asm.obj                0       2         0      
       int44.asm.obj                0       2         0      
       int46.asm.obj                0       2         0      
       int48.asm.obj                0       2         0      
       int49.asm.obj                0       2         0      
       int50.asm.obj                0       2         0      
       int51.asm.obj                0       2         0      
       int52.asm.obj                0       2         0      
       int53.asm.obj                0       2         0      
       int54.asm.obj                0       2         0      
       startup.c.obj                2       0         0      
    +--+----------------------------+-------+---------+---------+
       Total:                       7518    46        308    
                                                             
       Stack:                       0       0         160    
       Linker Generated:            0       76        0      
    +--+----------------------------+-------+---------+---------+
       Grand Total:                 17902   910       1326   


LINKER GENERATED COPY TABLES

__TI_cinit_table @ 00005140 records: 2, size/record: 8, table size: 16
	.data: load addr=00005104, load size=0000002a bytes, run addr=00001f2c, run size=00000042 bytes, compression=lzss
	.bss: load addr=0000513a, load size=00000006 bytes, run addr=00001c00, run size=0000032c bytes, compression=zero_init


LINKER GENERATED HANDLER TABLE

__TI_handler_table @ 0000512e records: 3, size/record: 4, table size: 12
	index: 0, handler: __TI_zero_init
	index: 1, handler: __TI_decompress_lzss
	index: 2, handler: __TI_decompress_none


GLOBAL SYMBOLS: SORTED ALPHABETICALLY BY Name 

address   name                                   
-------   ----                                   
00004ac4  ACK_Configure                          
00001f20  ACK_buffer                             
00000800  ADC12CTL0                              
00000801  ADC12CTL0_H                            
00000800  ADC12CTL0_L                            
00000802  ADC12CTL1                              
00000803  ADC12CTL1_H                            
00000802  ADC12CTL1_L                            
00000804  ADC12CTL2                              
00000805  ADC12CTL2_H                            
00000804  ADC12CTL2_L                            
00000806  ADC12CTL3                              
00000807  ADC12CTL3_H                            
00000806  ADC12CTL3_L                            
0000080a  ADC12HI                                
0000080b  ADC12HI_H                              
0000080a  ADC12HI_L                              
00000812  ADC12IER0                              
00000813  ADC12IER0_H                            
00000812  ADC12IER0_L                            
00000814  ADC12IER1                              
00000815  ADC12IER1_H                            
00000814  ADC12IER1_L                            
00000816  ADC12IER2                              
00000817  ADC12IER2_H                            
00000816  ADC12IER2_L                            
0000080c  ADC12IFGR0                             
0000080d  ADC12IFGR0_H                           
0000080c  ADC12IFGR0_L                           
0000080e  ADC12IFGR1                             
0000080f  ADC12IFGR1_H                           
0000080e  ADC12IFGR1_L                           
00000810  ADC12IFGR2                             
00000811  ADC12IFGR2_H                           
00000810  ADC12IFGR2_L                           
00000818  ADC12IV                                
00000819  ADC12IV_H                              
00000818  ADC12IV_L                              
00000808  ADC12LO                                
00000809  ADC12LO_H                              
00000808  ADC12LO_L                              
00000820  ADC12MCTL0                             
00000821  ADC12MCTL0_H                           
00000820  ADC12MCTL0_L                           
00000822  ADC12MCTL1                             
00000834  ADC12MCTL10                            
00000835  ADC12MCTL10_H                          
00000834  ADC12MCTL10_L                          
00000836  ADC12MCTL11                            
00000837  ADC12MCTL11_H                          
00000836  ADC12MCTL11_L                          
00000838  ADC12MCTL12                            
00000839  ADC12MCTL12_H                          
00000838  ADC12MCTL12_L                          
0000083a  ADC12MCTL13                            
0000083b  ADC12MCTL13_H                          
0000083a  ADC12MCTL13_L                          
0000083c  ADC12MCTL14                            
0000083d  ADC12MCTL14_H                          
0000083c  ADC12MCTL14_L                          
0000083e  ADC12MCTL15                            
0000083f  ADC12MCTL15_H                          
0000083e  ADC12MCTL15_L                          
00000840  ADC12MCTL16                            
00000841  ADC12MCTL16_H                          
00000840  ADC12MCTL16_L                          
00000842  ADC12MCTL17                            
00000843  ADC12MCTL17_H                          
00000842  ADC12MCTL17_L                          
00000844  ADC12MCTL18                            
00000845  ADC12MCTL18_H                          
00000844  ADC12MCTL18_L                          
00000846  ADC12MCTL19                            
00000847  ADC12MCTL19_H                          
00000846  ADC12MCTL19_L                          
00000823  ADC12MCTL1_H                           
00000822  ADC12MCTL1_L                           
00000824  ADC12MCTL2                             
00000848  ADC12MCTL20                            
00000849  ADC12MCTL20_H                          
00000848  ADC12MCTL20_L                          
0000084a  ADC12MCTL21                            
0000084b  ADC12MCTL21_H                          
0000084a  ADC12MCTL21_L                          
0000084c  ADC12MCTL22                            
0000084d  ADC12MCTL22_H                          
0000084c  ADC12MCTL22_L                          
0000084e  ADC12MCTL23                            
0000084f  ADC12MCTL23_H                          
0000084e  ADC12MCTL23_L                          
00000850  ADC12MCTL24                            
00000851  ADC12MCTL24_H                          
00000850  ADC12MCTL24_L                          
00000852  ADC12MCTL25                            
00000853  ADC12MCTL25_H                          
00000852  ADC12MCTL25_L                          
00000854  ADC12MCTL26                            
00000855  ADC12MCTL26_H                          
00000854  ADC12MCTL26_L                          
00000856  ADC12MCTL27                            
00000857  ADC12MCTL27_H                          
00000856  ADC12MCTL27_L                          
00000858  ADC12MCTL28                            
00000859  ADC12MCTL28_H                          
00000858  ADC12MCTL28_L                          
0000085a  ADC12MCTL29                            
0000085b  ADC12MCTL29_H                          
0000085a  ADC12MCTL29_L                          
00000825  ADC12MCTL2_H                           
00000824  ADC12MCTL2_L                           
00000826  ADC12MCTL3                             
0000085c  ADC12MCTL30                            
0000085d  ADC12MCTL30_H                          
0000085c  ADC12MCTL30_L                          
0000085e  ADC12MCTL31                            
0000085f  ADC12MCTL31_H                          
0000085e  ADC12MCTL31_L                          
00000827  ADC12MCTL3_H                           
00000826  ADC12MCTL3_L                           
00000828  ADC12MCTL4                             
00000829  ADC12MCTL4_H                           
00000828  ADC12MCTL4_L                           
0000082a  ADC12MCTL5                             
0000082b  ADC12MCTL5_H                           
0000082a  ADC12MCTL5_L                           
0000082c  ADC12MCTL6                             
0000082d  ADC12MCTL6_H                           
0000082c  ADC12MCTL6_L                           
0000082e  ADC12MCTL7                             
0000082f  ADC12MCTL7_H                           
0000082e  ADC12MCTL7_L                           
00000830  ADC12MCTL8                             
00000831  ADC12MCTL8_H                           
00000830  ADC12MCTL8_L                           
00000832  ADC12MCTL9                             
00000833  ADC12MCTL9_H                           
00000832  ADC12MCTL9_L                           
00000860  ADC12MEM0                              
00000861  ADC12MEM0_H                            
00000860  ADC12MEM0_L                            
00000862  ADC12MEM1                              
00000874  ADC12MEM10                             
00000875  ADC12MEM10_H                           
00000874  ADC12MEM10_L                           
00000876  ADC12MEM11                             
00000877  ADC12MEM11_H                           
00000876  ADC12MEM11_L                           
00000878  ADC12MEM12                             
00000879  ADC12MEM12_H                           
00000878  ADC12MEM12_L                           
0000087a  ADC12MEM13                             
0000087b  ADC12MEM13_H                           
0000087a  ADC12MEM13_L                           
0000087c  ADC12MEM14                             
0000087d  ADC12MEM14_H                           
0000087c  ADC12MEM14_L                           
0000087e  ADC12MEM15                             
0000087f  ADC12MEM15_H                           
0000087e  ADC12MEM15_L                           
00000880  ADC12MEM16                             
00000881  ADC12MEM16_H                           
00000880  ADC12MEM16_L                           
00000882  ADC12MEM17                             
00000883  ADC12MEM17_H                           
00000882  ADC12MEM17_L                           
00000884  ADC12MEM18                             
00000885  ADC12MEM18_H                           
00000884  ADC12MEM18_L                           
00000886  ADC12MEM19                             
00000887  ADC12MEM19_H                           
00000886  ADC12MEM19_L                           
00000863  ADC12MEM1_H                            
00000862  ADC12MEM1_L                            
00000864  ADC12MEM2                              
00000888  ADC12MEM20                             
00000889  ADC12MEM20_H                           
00000888  ADC12MEM20_L                           
0000088a  ADC12MEM21                             
0000088b  ADC12MEM21_H                           
0000088a  ADC12MEM21_L                           
0000088c  ADC12MEM22                             
0000088d  ADC12MEM22_H                           
0000088c  ADC12MEM22_L                           
0000088e  ADC12MEM23                             
0000088f  ADC12MEM23_H                           
0000088e  ADC12MEM23_L                           
00000890  ADC12MEM24                             
00000891  ADC12MEM24_H                           
00000890  ADC12MEM24_L                           
00000892  ADC12MEM25                             
00000893  ADC12MEM25_H                           
00000892  ADC12MEM25_L                           
00000894  ADC12MEM26                             
00000895  ADC12MEM26_H                           
00000894  ADC12MEM26_L                           
00000896  ADC12MEM27                             
00000897  ADC12MEM27_H                           
00000896  ADC12MEM27_L                           
00000898  ADC12MEM28                             
00000899  ADC12MEM28_H                           
00000898  ADC12MEM28_L                           
0000089a  ADC12MEM29                             
0000089b  ADC12MEM29_H                           
0000089a  ADC12MEM29_L                           
00000865  ADC12MEM2_H                            
00000864  ADC12MEM2_L                            
00000866  ADC12MEM3                              
0000089c  ADC12MEM30                             
0000089d  ADC12MEM30_H                           
0000089c  ADC12MEM30_L                           
0000089e  ADC12MEM31                             
0000089f  ADC12MEM31_H                           
0000089e  ADC12MEM31_L                           
00000867  ADC12MEM3_H                            
00000866  ADC12MEM3_L                            
00000868  ADC12MEM4                              
00000869  ADC12MEM4_H                            
00000868  ADC12MEM4_L                            
0000086a  ADC12MEM5                              
0000086b  ADC12MEM5_H                            
0000086a  ADC12MEM5_L                            
0000086c  ADC12MEM6                              
0000086d  ADC12MEM6_H                            
0000086c  ADC12MEM6_L                            
0000086e  ADC12MEM7                              
0000086f  ADC12MEM7_H                            
0000086e  ADC12MEM7_L                            
00000870  ADC12MEM8                              
00000871  ADC12MEM8_H                            
00000870  ADC12MEM8_L                            
00000872  ADC12MEM9                              
00000873  ADC12MEM9_H                            
00000872  ADC12MEM9_L                            
000009c0  AESACTL0                               
000009c1  AESACTL0_H                             
000009c0  AESACTL0_L                             
000009c2  AESACTL1                               
000009c3  AESACTL1_H                             
000009c2  AESACTL1_L                             
000009c8  AESADIN                                
000009c9  AESADIN_H                              
000009c8  AESADIN_L                              
000009ca  AESADOUT                               
000009cb  AESADOUT_H                             
000009ca  AESADOUT_L                             
000009c6  AESAKEY                                
000009c7  AESAKEY_H                              
000009c6  AESAKEY_L                              
000009c4  AESASTAT                               
000009c5  AESASTAT_H                             
000009c4  AESASTAT_L                             
000009cc  AESAXDIN                               
000009cd  AESAXDIN_H                             
000009cc  AESAXDIN_L                             
000009ce  AESAXIN                                
000009cf  AESAXIN_H                              
000009ce  AESAXIN_L                              
000004be  BCD2BIN                                
000004bc  BIN2BCD                                
00004d30  BoardInitMcu                           
00012108  BoardIoInit                            
00004d4c  BoardIoIrqInit                         
00004dd0  C$$EXIT                                
00013de8  C$$IO$$                                
0000043e  CAPTIO0CTL                             
0000043f  CAPTIO0CTL_H                           
0000043e  CAPTIO0CTL_L                           
0000047e  CAPTIO1CTL                             
0000047f  CAPTIO1CTL_H                           
0000047e  CAPTIO1CTL_L                           
000008c0  CECTL0                                 
000008c1  CECTL0_H                               
000008c0  CECTL0_L                               
000008c2  CECTL1                                 
000008c3  CECTL1_H                               
000008c2  CECTL1_L                               
000008c4  CECTL2                                 
000008c5  CECTL2_H                               
000008c4  CECTL2_L                               
000008c6  CECTL3                                 
000008c7  CECTL3_H                               
000008c6  CECTL3_L                               
000008cc  CEINT                                  
000008cd  CEINT_H                                
000008cc  CEINT_L                                
000008ce  CEIV                                   
000008cf  CEIV_H                                 
000008ce  CEIV_L                                 
00000150  CRCDI                                  
00000152  CRCDIRB                                
00000153  CRCDIRB_H                              
00000152  CRCDIRB_L                              
00000151  CRCDI_H                                
00000150  CRCDI_L                                
00000154  CRCINIRES                              
00000155  CRCINIRES_H                            
00000154  CRCINIRES_L                            
00000156  CRCRESR                                
00000157  CRCRESR_H                              
00000156  CRCRESR_L                              
00000160  CSCTL0                                 
00000161  CSCTL0_H                               
00000160  CSCTL0_L                               
00000162  CSCTL1                                 
00000163  CSCTL1_H                               
00000162  CSCTL1_L                               
00000164  CSCTL2                                 
00000165  CSCTL2_H                               
00000164  CSCTL2_L                               
00000166  CSCTL3                                 
00000167  CSCTL3_H                               
00000166  CSCTL3_L                               
00000168  CSCTL4                                 
00000169  CSCTL4_H                               
00000168  CSCTL4_L                               
0000016a  CSCTL5                                 
0000016b  CSCTL5_H                               
0000016a  CSCTL5_L                               
0000016c  CSCTL6                                 
0000016d  CSCTL6_H                               
0000016c  CSCTL6_L                               
00004ce0  CS_disableClockRequest                 
00004b24  CS_getACLK                             
00004c16  CS_getMCLK                             
00013fde  CS_getSMCLK                            
00013514  CS_initClockSignal                     
00012a52  CS_setDCOFreq                          
00013650  ClockInit                              
00012fe0  ClockSet                               
00000510  DMA0CTL                                
00000516  DMA0DA                                 
00000518  DMA0DAH                                
00000516  DMA0DAL                                
00000512  DMA0SA                                 
00000514  DMA0SAH                                
00000512  DMA0SAL                                
0000051a  DMA0SZ                                 
00000520  DMA1CTL                                
00000526  DMA1DA                                 
00000528  DMA1DAH                                
00000526  DMA1DAL                                
00000522  DMA1SA                                 
00000524  DMA1SAH                                
00000522  DMA1SAL                                
0000052a  DMA1SZ                                 
00000530  DMA2CTL                                
00000536  DMA2DA                                 
00000538  DMA2DAH                                
00000536  DMA2DAL                                
00000532  DMA2SA                                 
00000534  DMA2SAH                                
00000532  DMA2SAL                                
0000053a  DMA2SZ                                 
00000500  DMACTL0                                
00000502  DMACTL1                                
00000504  DMACTL2                                
00000506  DMACTL3                                
00000508  DMACTL4                                
0000050e  DMAIV                                  
00004930  EUSCIB0_IRQHandler                     
00004db2  EUSCI_A_UART_enable                    
00013126  EUSCI_A_UART_init                      
00004a80  EUSCI_A_UART_transmitData              
00004db8  EUSCI_B_SPI_enable                     
00004d58  EUSCI_B_SPI_enableInterrupt            
00004d94  EUSCI_B_SPI_getInterruptStatus         
0001387e  EUSCI_B_SPI_initMaster                 
00000140  FRCTL0                                 
00000141  FRCTL0_H                               
00000140  FRCTL0_L                               
00004eae  FskBandwidths                          
00000144  GCCTL0                                 
00000145  GCCTL0_H                               
00000144  GCCTL0_L                               
00000146  GCCTL1                                 
00000147  GCCTL1_H                               
00000146  GCCTL1_L                               
00004b42  GPIO_clearInterrupt                    
00004b60  GPIO_enableInterrupt                   
00013f52  GPIO_getInterruptStatus                
00013f82  GPIO_selectInterruptEdge               
00013a22  GPIO_setAsInputPinWithPullDownResistor 
00013ab6  GpioInit                               
00013772  GpioSetInterrupt                       
00004d9e  GpioToggle                             
00004bb6  GpioWrite                              
000138d4  HOSTtime                               
000004c4  MAC                                    
000004da  MAC32H                                 
000004db  MAC32H_H                               
000004da  MAC32H_L                               
000004d8  MAC32L                                 
000004d9  MAC32L_H                               
000004d8  MAC32L_L                               
000004c6  MACS                                   
000004de  MACS32H                                
000004df  MACS32H_H                              
000004de  MACS32H_L                              
000004dc  MACS32L                                
000004dd  MACS32L_H                              
000004dc  MACS32L_L                              
000004c7  MACS_H                                 
000004c6  MACS_L                                 
000004c5  MAC_H                                  
000004c4  MAC_L                                  
00001f6c  MCU_State                              
000005a0  MPUCTL0                                
000005a1  MPUCTL0_H                              
000005a0  MPUCTL0_L                              
000005a2  MPUCTL1                                
000005a3  MPUCTL1_H                              
000005a2  MPUCTL1_L                              
000005aa  MPUIPC0                                
000005ab  MPUIPC0_H                              
000005aa  MPUIPC0_L                              
000005ae  MPUIPSEGB1                             
000005af  MPUIPSEGB1_H                           
000005ae  MPUIPSEGB1_L                           
000005ac  MPUIPSEGB2                             
000005ad  MPUIPSEGB2_H                           
000005ac  MPUIPSEGB2_L                           
000005a8  MPUSAM                                 
000005a9  MPUSAM_H                               
000005a8  MPUSAM_L                               
000005a6  MPUSEGB1                               
000005a7  MPUSEGB1_H                             
000005a6  MPUSEGB1_L                             
000005a4  MPUSEGB2                               
000005a5  MPUSEGB2_H                             
000005a4  MPUSEGB2_L                             
000004c0  MPY                                    
000004ec  MPY32CTL0                              
000004ed  MPY32CTL0_H                            
000004ec  MPY32CTL0_L                            
000004d2  MPY32H                                 
000004d3  MPY32H_H                               
000004d2  MPY32H_L                               
000004d0  MPY32L                                 
000004d1  MPY32L_H                               
000004d0  MPY32L_L                               
000004c2  MPYS                                   
000004d6  MPYS32H                                
000004d7  MPYS32H_H                              
000004d6  MPYS32H_L                              
000004d4  MPYS32L                                
000004d5  MPYS32L_H                              
000004d4  MPYS32L_L                              
000004c3  MPYS_H                                 
000004c2  MPYS_L                                 
000004c1  MPY_H                                  
000004c0  MPY_L                                  
000004c8  OP2                                    
000004e2  OP2H                                   
000004e3  OP2H_H                                 
000004e2  OP2H_L                                 
000004e0  OP2L                                   
000004e1  OP2L_H                                 
000004e0  OP2L_L                                 
000004c9  OP2_H                                  
000004c8  OP2_L                                  
0000020e  P1IV                                   
0000021e  P2IV                                   
0000022e  P3IV                                   
0000023e  P4IV                                   
00000204  PADIR                                  
00000205  PADIR_H                                
00000204  PADIR_L                                
0000021a  PAIE                                   
00000218  PAIES                                  
00000219  PAIES_H                                
00000218  PAIES_L                                
0000021b  PAIE_H                                 
0000021a  PAIE_L                                 
0000021c  PAIFG                                  
0000021d  PAIFG_H                                
0000021c  PAIFG_L                                
00000200  PAIN                                   
00000201  PAIN_H                                 
00000200  PAIN_L                                 
00000202  PAOUT                                  
00000203  PAOUT_H                                
00000202  PAOUT_L                                
00000206  PAREN                                  
00000207  PAREN_H                                
00000206  PAREN_L                                
0000020a  PASEL0                                 
0000020b  PASEL0_H                               
0000020a  PASEL0_L                               
0000020c  PASEL1                                 
0000020d  PASEL1_H                               
0000020c  PASEL1_L                               
00000216  PASELC                                 
00000217  PASELC_H                               
00000216  PASELC_L                               
00000224  PBDIR                                  
00000225  PBDIR_H                                
00000224  PBDIR_L                                
0000023a  PBIE                                   
00000238  PBIES                                  
00000239  PBIES_H                                
00000238  PBIES_L                                
0000023b  PBIE_H                                 
0000023a  PBIE_L                                 
0000023c  PBIFG                                  
0000023d  PBIFG_H                                
0000023c  PBIFG_L                                
00000220  PBIN                                   
00000221  PBIN_H                                 
00000220  PBIN_L                                 
00000222  PBOUT                                  
00000223  PBOUT_H                                
00000222  PBOUT_L                                
00000226  PBREN                                  
00000227  PBREN_H                                
00000226  PBREN_L                                
0000022a  PBSEL0                                 
0000022b  PBSEL0_H                               
0000022a  PBSEL0_L                               
0000022c  PBSEL1                                 
0000022d  PBSEL1_H                               
0000022c  PBSEL1_L                               
00000236  PBSELC                                 
00000237  PBSELC_H                               
00000236  PBSELC_L                               
00000324  PJDIR                                  
00000325  PJDIR_H                                
00000324  PJDIR_L                                
00000320  PJIN                                   
00000321  PJIN_H                                 
00000320  PJIN_L                                 
00000322  PJOUT                                  
00000323  PJOUT_H                                
00000322  PJOUT_L                                
00000326  PJREN                                  
00000327  PJREN_H                                
00000326  PJREN_L                                
0000032a  PJSEL0                                 
0000032b  PJSEL0_H                               
0000032a  PJSEL0_L                               
0000032c  PJSEL1                                 
0000032d  PJSEL1_H                               
0000032c  PJSEL1_L                               
00000336  PJSELC                                 
00000337  PJSELC_H                               
00000336  PJSELC_L                               
00000130  PM5CTL0                                
00000131  PM5CTL0_H                              
00000130  PM5CTL0_L                              
00000120  PMMCTL0                                
00000121  PMMCTL0_H                              
00000120  PMMCTL0_L                              
0000012a  PMMIFG                                 
0000012b  PMMIFG_H                               
0000012a  PMMIFG_L                               
00004dbe  PMM_unlockLPM5                         
000048e2  PORT4_IRQHandler                       
000001b0  REFCTL0                                
000001b1  REFCTL0_H                              
000001b0  REFCTL0_L                              
000004e4  RES0                                   
000004e5  RES0_H                                 
000004e4  RES0_L                                 
000004e6  RES1                                   
000004e7  RES1_H                                 
000004e6  RES1_L                                 
000004e8  RES2                                   
000004e9  RES2_H                                 
000004e8  RES2_L                                 
000004ea  RES3                                   
000004eb  RES3_H                                 
000004ea  RES3_L                                 
000004cc  RESHI                                  
000004cd  RESHI_H                                
000004cc  RESHI_L                                
000004ca  RESLO                                  
000004cb  RESLO_H                                
000004ca  RESLO_L                                
000004ba  RTCADOWDAY                             
000004bb  RTCADOWDAY_H                           
000004ba  RTCADOWDAY_L                           
000004b8  RTCAMINHR                              
000004b9  RTCAMINHR_H                            
000004b8  RTCAMINHR_L                            
000004a0  RTCCTL01                               
000004a1  RTCCTL01_H                             
000004a0  RTCCTL01_L                             
000004a2  RTCCTL23                               
000004a3  RTCCTL23_H                             
000004a2  RTCCTL23_L                             
000004b4  RTCDATE                                
000004b5  RTCDATE_H                              
000004b4  RTCDATE_L                              
000004ae  RTCIV                                  
000004ac  RTCPS                                  
000004a8  RTCPS0CTL                              
000004a9  RTCPS0CTL_H                            
000004a8  RTCPS0CTL_L                            
000004aa  RTCPS1CTL                              
000004ab  RTCPS1CTL_H                            
000004aa  RTCPS1CTL_L                            
000004ad  RTCPS_H                                
000004ac  RTCPS_L                                
000004b0  RTCTIM0                                
000004b1  RTCTIM0_H                              
000004b0  RTCTIM0_L                              
000004b2  RTCTIM1                                
000004b3  RTCTIM1_H                              
000004b2  RTCTIM1_L                              
000004b6  RTCYEAR                                
000004b7  RTCYEAR_H                              
000004b6  RTCYEAR_L                              
00004fca  RadioRegsInit                          
00001ec4  SD_PHY                                 
00000100  SFRIE1                                 
00000101  SFRIE1_H                               
00000100  SFRIE1_L                               
00000102  SFRIFG1                                
00000103  SFRIFG1_H                              
00000102  SFRIFG1_L                              
00000104  SFRRPCR                                
00000105  SFRRPCR_H                              
00000104  SFRRPCR_L                              
00001f26  SPI_RXData_LoRa                        
000004ce  SUMEXT                                 
000004cf  SUMEXT_H                               
000004ce  SUMEXT_L                               
00001e00  SX1276                                 
00004ddc  SX1276CheckRfFrequency                 
00004bce  SX1276GetPaSelect                      
00004dc4  SX1276GetStatus                        
000113ce  SX1276GetTimeOnAir                     
000136b4  SX1276Init                             
00013c4e  SX1276IsChannelFree                    
000137cc  SX1276Random                           
00004cf0  SX1276Read                             
00013a6c  SX1276ReadBuffer                       
000139d2  SX1276ReadRssi                         
00013e22  SX1276ReceivePayload                   
00004a10  SX1276Reset                            
000134a4  SX1276Send                             
0001392a  SX1276SetChannel                       
00004b7e  SX1276SetIRQFlagMask                   
00013e56  SX1276SetMaxPayloadLength              
00013432  SX1276SetModem                         
00004b9a  SX1276SetOpMode                        
00011054  SX1276SetRx                            
00010c96  SX1276SetRxConfig                      
00004d64  SX1276SetSleep                         
00004d70  SX1276SetStby                          
00013b8c  SX1276SetTx                            
00010466  SX1276SetTxConfig                      
00013d46  SX1276StartCad                         
00004c98  SX1276Write                            
00013b46  SX1276WriteBuffer                      
00004d7c  SX1276WriteFifo                        
00004de4  SX1276_CadDone                         
00004de6  SX1276_FhssChangeChannel               
00004de8  SX1276_OnRxDone                        
00004dea  SX1276_OnRxError                       
00004dec  SX1276_OnRxTimeout                     
00004dee  SX1276_OnTxDone                        
00004df0  SX1276_OnTxTimeout                     
00000180  SYSCTL                                 
00000181  SYSCTL_H                               
00000180  SYSCTL_L                               
00000186  SYSJMBC                                
00000187  SYSJMBC_H                              
00000186  SYSJMBC_L                              
00000188  SYSJMBI0                               
00000189  SYSJMBI0_H                             
00000188  SYSJMBI0_L                             
0000018a  SYSJMBI1                               
0000018b  SYSJMBI1_H                             
0000018a  SYSJMBI1_L                             
0000018c  SYSJMBO0                               
0000018d  SYSJMBO0_H                             
0000018c  SYSJMBO0_L                             
0000018e  SYSJMBO1                               
0000018f  SYSJMBO1_H                             
0000018e  SYSJMBO1_L                             
0000019e  SYSRSTIV                               
0000019f  SYSRSTIV_H                             
0000019e  SYSRSTIV_L                             
0000019c  SYSSNIV                                
0000019d  SYSSNIV_H                              
0000019c  SYSSNIV_L                              
0000019a  SYSUNIV                                
0000019b  SYSUNIV_H                              
0000019a  SYSUNIV_L                              
00004c2c  SpiInOut_LoRa                          
000131c0  SpiInit                                
00000352  TA0CCR0                                
00000354  TA0CCR1                                
00000356  TA0CCR2                                
00000342  TA0CCTL0                               
00000344  TA0CCTL1                               
00000346  TA0CCTL2                               
00000340  TA0CTL                                 
00000360  TA0EX0                                 
0000036e  TA0IV                                  
00000350  TA0R                                   
00000392  TA1CCR0                                
00000394  TA1CCR1                                
00000396  TA1CCR2                                
00000382  TA1CCTL0                               
00000384  TA1CCTL1                               
00000386  TA1CCTL2                               
00000380  TA1CTL                                 
000003a0  TA1EX0                                 
000003ae  TA1IV                                  
00000390  TA1R                                   
00000412  TA2CCR0                                
00000414  TA2CCR1                                
00000402  TA2CCTL0                               
00000404  TA2CCTL1                               
00000400  TA2CTL                                 
00000420  TA2EX0                                 
0000042e  TA2IV                                  
00000410  TA2R                                   
00000452  TA3CCR0                                
00000454  TA3CCR1                                
00000442  TA3CCTL0                               
00000444  TA3CCTL1                               
00000440  TA3CTL                                 
00000460  TA3EX0                                 
0000046e  TA3IV                                  
00000450  TA3R                                   
000003d2  TB0CCR0                                
000003d4  TB0CCR1                                
000003d6  TB0CCR2                                
000003d8  TB0CCR3                                
000003da  TB0CCR4                                
000003dc  TB0CCR5                                
000003de  TB0CCR6                                
000003c2  TB0CCTL0                               
000003c4  TB0CCTL1                               
000003c6  TB0CCTL2                               
000003c8  TB0CCTL3                               
000003ca  TB0CCTL4                               
000003cc  TB0CCTL5                               
000003ce  TB0CCTL6                               
000003c0  TB0CTL                                 
000003e0  TB0EX0                                 
000003ee  TB0IV                                  
000003d0  TB0R                                   
00004800  TIMER0_A0_ISR                          
000132cc  Timer_A_initUpMode                     
000005d0  UCA0ABCTL                              
000005c6  UCA0BRW                                
000005c7  UCA0BRW_H                              
000005c6  UCA0BRW_L                              
000005c0  UCA0CTLW0                              
000005c1  UCA0CTLW0_H                            
000005c0  UCA0CTLW0_L                            
000005c2  UCA0CTLW1                              
000005c3  UCA0CTLW1_H                            
000005c2  UCA0CTLW1_L                            
000005da  UCA0IE                                 
000005db  UCA0IE_H                               
000005da  UCA0IE_L                               
000005dc  UCA0IFG                                
000005dd  UCA0IFG_H                              
000005dc  UCA0IFG_L                              
000005d2  UCA0IRCTL                              
000005d3  UCA0IRCTL_H                            
000005d2  UCA0IRCTL_L                            
000005de  UCA0IV                                 
000005c8  UCA0MCTLW                              
000005c9  UCA0MCTLW_H                            
000005c8  UCA0MCTLW_L                            
000005cc  UCA0RXBUF                              
000005cd  UCA0RXBUF_H                            
000005cc  UCA0RXBUF_L                            
000005ca  UCA0STATW                              
000005ce  UCA0TXBUF                              
000005cf  UCA0TXBUF_H                            
000005ce  UCA0TXBUF_L                            
000005f0  UCA1ABCTL                              
000005e6  UCA1BRW                                
000005e7  UCA1BRW_H                              
000005e6  UCA1BRW_L                              
000005e0  UCA1CTLW0                              
000005e1  UCA1CTLW0_H                            
000005e0  UCA1CTLW0_L                            
000005e2  UCA1CTLW1                              
000005e3  UCA1CTLW1_H                            
000005e2  UCA1CTLW1_L                            
000005fa  UCA1IE                                 
000005fb  UCA1IE_H                               
000005fa  UCA1IE_L                               
000005fc  UCA1IFG                                
000005fd  UCA1IFG_H                              
000005fc  UCA1IFG_L                              
000005f2  UCA1IRCTL                              
000005f3  UCA1IRCTL_H                            
000005f2  UCA1IRCTL_L                            
000005fe  UCA1IV                                 
000005e8  UCA1MCTLW                              
000005e9  UCA1MCTLW_H                            
000005e8  UCA1MCTLW_L                            
000005ec  UCA1RXBUF                              
000005ed  UCA1RXBUF_H                            
000005ec  UCA1RXBUF_L                            
000005ea  UCA1STATW                              
000005ee  UCA1TXBUF                              
000005ef  UCA1TXBUF_H                            
000005ee  UCA1TXBUF_L                            
0000065e  UCB0ADDMASK                            
0000065f  UCB0ADDMASK_H                          
0000065e  UCB0ADDMASK_L                          
0000065c  UCB0ADDRX                              
0000065d  UCB0ADDRX_H                            
0000065c  UCB0ADDRX_L                            
00000646  UCB0BRW                                
00000647  UCB0BRW_H                              
00000646  UCB0BRW_L                              
00000640  UCB0CTLW0                              
00000641  UCB0CTLW0_H                            
00000640  UCB0CTLW0_L                            
00000642  UCB0CTLW1                              
00000643  UCB0CTLW1_H                            
00000642  UCB0CTLW1_L                            
00000654  UCB0I2COA0                             
00000655  UCB0I2COA0_H                           
00000654  UCB0I2COA0_L                           
00000656  UCB0I2COA1                             
00000657  UCB0I2COA1_H                           
00000656  UCB0I2COA1_L                           
00000658  UCB0I2COA2                             
00000659  UCB0I2COA2_H                           
00000658  UCB0I2COA2_L                           
0000065a  UCB0I2COA3                             
0000065b  UCB0I2COA3_H                           
0000065a  UCB0I2COA3_L                           
00000660  UCB0I2CSA                              
00000661  UCB0I2CSA_H                            
00000660  UCB0I2CSA_L                            
0000066a  UCB0IE                                 
0000066b  UCB0IE_H                               
0000066a  UCB0IE_L                               
0000066c  UCB0IFG                                
0000066d  UCB0IFG_H                              
0000066c  UCB0IFG_L                              
0000066e  UCB0IV                                 
0000064c  UCB0RXBUF                              
0000064d  UCB0RXBUF_H                            
0000064c  UCB0RXBUF_L                            
00000648  UCB0STATW                              
00000649  UCB0STATW_H                            
00000648  UCB0STATW_L                            
0000064a  UCB0TBCNT                              
0000064b  UCB0TBCNT_H                            
0000064a  UCB0TBCNT_L                            
0000064e  UCB0TXBUF                              
0000064f  UCB0TXBUF_H                            
0000064e  UCB0TXBUF_L                            
0000015c  WDTCTL                                 
0000015d  WDTCTL_H                               
0000015c  WDTCTL_L                               
00004ae4  WDT_A_hold                             
00004400  _CIOBUF_                               
00002400  __STACK_END                            
000000a0  __STACK_SIZE                           
00005140  __TI_CINIT_Base                        
00005150  __TI_CINIT_Limit                       
0000512e  __TI_Handler_Table_Base                
0000513a  __TI_Handler_Table_Limit               
00004982  __TI_ISR_TRAP                          
0001397e  __TI_auto_init_nobinit_nopinit_hold_wdt
00013348  __TI_decompress_lzss                   
00004cbc  __TI_decompress_none                   
00011ec0  __TI_frcaddd                           
00010000  __TI_frcdivd                           
000119da  __TI_frcmpyd                           
0000ffcc  __TI_int30                             
0000ffce  __TI_int31                             
0000ffd0  __TI_int32                             
0000ffd2  __TI_int33                             
0000ffd4  __TI_int34                             
0000ffd6  __TI_int35                             
0000ffd8  __TI_int36                             
0000ffda  __TI_int37                             
0000ffdc  __TI_int38                             
0000ffde  __TI_int39                             
0000ffe0  __TI_int40                             
0000ffe2  __TI_int41                             
0000ffe4  __TI_int42                             
0000ffe6  __TI_int43                             
0000ffe8  __TI_int44                             
0000ffea  __TI_int45                             
0000ffec  __TI_int46                             
0000ffee  __TI_int47                             
0000fff0  __TI_int48                             
0000fff2  __TI_int49                             
0000fff4  __TI_int50                             
0000fff6  __TI_int51                             
0000fff8  __TI_int52                             
0000fffa  __TI_int53                             
0000fffc  __TI_int54                             
ffffffff  __TI_pprof_out_hndl                    
[...]
0000085a  ADC12MCTL29_L                          
0000085b  ADC12MCTL29_H                          
0000085c  ADC12MCTL30                            
0000085c  ADC12MCTL30_L                          
0000085d  ADC12MCTL30_H                          
0000085e  ADC12MCTL31                            
0000085e  ADC12MCTL31_L                          
0000085f  ADC12MCTL31_H                          
00000860  ADC12MEM0                              
00000860  ADC12MEM0_L                            
00000861  ADC12MEM0_H                            
00000862  ADC12MEM1                              
00000862  ADC12MEM1_L                            
00000863  ADC12MEM1_H                            
00000864  ADC12MEM2                              
00000864  ADC12MEM2_L                            
00000865  ADC12MEM2_H                            
00000866  ADC12MEM3                              
00000866  ADC12MEM3_L                            
00000867  ADC12MEM3_H                            
00000868  ADC12MEM4                              
00000868  ADC12MEM4_L                            
00000869  ADC12MEM4_H                            
0000086a  ADC12MEM5                              
0000086a  ADC12MEM5_L                            
0000086b  ADC12MEM5_H                            
0000086c  ADC12MEM6                              
0000086c  ADC12MEM6_L                            
0000086d  ADC12MEM6_H                            
0000086e  ADC12MEM7                              
0000086e  ADC12MEM7_L                            
0000086f  ADC12MEM7_H                            
00000870  ADC12MEM8                              
00000870  ADC12MEM8_L                            
00000871  ADC12MEM8_H                            
00000872  ADC12MEM9                              
00000872  ADC12MEM9_L                            
00000873  ADC12MEM9_H                            
00000874  ADC12MEM10                             
00000874  ADC12MEM10_L                           
00000875  ADC12MEM10_H                           
00000876  ADC12MEM11                             
00000876  ADC12MEM11_L                           
00000877  ADC12MEM11_H                           
00000878  ADC12MEM12                             
00000878  ADC12MEM12_L                           
00000879  ADC12MEM12_H                           
0000087a  ADC12MEM13                             
0000087a  ADC12MEM13_L                           
0000087b  ADC12MEM13_H                           
0000087c  ADC12MEM14                             
0000087c  ADC12MEM14_L                           
0000087d  ADC12MEM14_H                           
0000087e  ADC12MEM15                             
0000087e  ADC12MEM15_L                           
0000087f  ADC12MEM15_H                           
00000880  ADC12MEM16                             
00000880  ADC12MEM16_L                           
00000881  ADC12MEM16_H                           
00000882  ADC12MEM17                             
00000882  ADC12MEM17_L                           
00000883  ADC12MEM17_H                           
00000884  ADC12MEM18                             
00000884  ADC12MEM18_L                           
00000885  ADC12MEM18_H                           
00000886  ADC12MEM19                             
00000886  ADC12MEM19_L                           
00000887  ADC12MEM19_H                           
00000888  ADC12MEM20                             
00000888  ADC12MEM20_L                           
00000889  ADC12MEM20_H                           
0000088a  ADC12MEM21                             
0000088a  ADC12MEM21_L                           
0000088b  ADC12MEM21_H                           
0000088c  ADC12MEM22                             
0000088c  ADC12MEM22_L                           
0000088d  ADC12MEM22_H                           
0000088e  ADC12MEM23                             
0000088e  ADC12MEM23_L                           
0000088f  ADC12MEM23_H                           
00000890  ADC12MEM24                             
00000890  ADC12MEM24_L                           
00000891  ADC12MEM24_H                           
00000892  ADC12MEM25                             
00000892  ADC12MEM25_L                           
00000893  ADC12MEM25_H                           
00000894  ADC12MEM26                             
00000894  ADC12MEM26_L                           
00000895  ADC12MEM26_H                           
00000896  ADC12MEM27                             
00000896  ADC12MEM27_L                           
00000897  ADC12MEM27_H                           
00000898  ADC12MEM28                             
00000898  ADC12MEM28_L                           
00000899  ADC12MEM28_H                           
0000089a  ADC12MEM29                             
0000089a  ADC12MEM29_L                           
0000089b  ADC12MEM29_H                           
0000089c  ADC12MEM30                             
0000089c  ADC12MEM30_L                           
0000089d  ADC12MEM30_H                           
0000089e  ADC12MEM31                             
0000089e  ADC12MEM31_L                           
0000089f  ADC12MEM31_H                           
000008c0  CECTL0                                 
000008c0  CECTL0_L                               
000008c1  CECTL0_H                               
000008c2  CECTL1                                 
000008c2  CECTL1_L                               
000008c3  CECTL1_H                               
000008c4  CECTL2                                 
000008c4  CECTL2_L                               
000008c5  CECTL2_H                               
000008c6  CECTL3                                 
000008c6  CECTL3_L                               
000008c7  CECTL3_H                               
000008cc  CEINT                                  
000008cc  CEINT_L                                
000008cd  CEINT_H                                
000008ce  CEIV                                   
000008ce  CEIV_L                                 
000008cf  CEIV_H                                 
000009c0  AESACTL0                               
000009c0  AESACTL0_L                             
000009c1  AESACTL0_H                             
000009c2  AESACTL1                               
000009c2  AESACTL1_L                             
000009c3  AESACTL1_H                             
000009c4  AESASTAT                               
000009c4  AESASTAT_L                             
000009c5  AESASTAT_H                             
000009c6  AESAKEY                                
000009c6  AESAKEY_L                              
000009c7  AESAKEY_H                              
000009c8  AESADIN                                
000009c8  AESADIN_L                              
000009c9  AESADIN_H                              
000009ca  AESADOUT                               
000009ca  AESADOUT_L                             
000009cb  AESADOUT_H                             
000009cc  AESAXDIN                               
000009cc  AESAXDIN_L                             
000009cd  AESAXDIN_H                             
000009ce  AESAXIN                                
000009ce  AESAXIN_L                              
000009cf  AESAXIN_H                              
00001513  mpu_sam_value                          
00001e00  SX1276                                 
00001ec4  SD_PHY                                 
00001f14  parmbuf                                
00001f20  ACK_buffer                             
00001f22  random_num                             
00001f24  send_buffer                            
00001f26  SPI_RXData_LoRa                        
00001f27  done_flag                              
00001f28  duty_flag                              
00001f29  sleep_flag                             
00001f2a  timerstart_sleep                       
00001f2b  timerstart_wait                        
00001f2c  sx1276                                 
00001f58  _lock                                  
00001f5c  _unlock                                
00001f68  tag                                    
00001f6a  packet_size                            
00001f6b  transmit_cnt_2                         
00001f6c  MCU_State                              
00002360  _stack                                 
00002400  __STACK_END                            
00004400  _CIOBUF_                               
00004400  fram_rw_start                          
00004800  TIMER0_A0_ISR                          
00004800  fram_ipe_end                           
00004800  fram_ipe_start                         
00004800  fram_rx_start                          
000048e2  PORT4_IRQHandler                       
00004930  EUSCIB0_IRQHandler                     
00004962  _c_int00_noargs_mpu                    
00004982  __TI_ISR_TRAP                          
0000498a  crc8                                   
000049b8  __mpu_init                             
000049e4  __mspabi_divi                          
000049e4  __mspabi_remi                          
00004a10  SX1276Reset                            
00004a38  __TI_zero_init_nomemset                
00004a5c  __mspabi_mpyl_f5hw                     
00004a80  EUSCI_A_UART_transmitData              
00004aa2  endtimer_sleep                         
00004ac4  ACK_Configure                          
00004ae4  WDT_A_hold                             
00004b04  settimer_wait                          
00004b24  CS_getACLK                             
00004b42  GPIO_clearInterrupt                    
00004b60  GPIO_enableInterrupt                   
00004b7e  SX1276SetIRQFlagMask                   
00004b9a  SX1276SetOpMode                        
00004bb6  GpioWrite                              
00004bce  SX1276GetPaSelect                      
00004be6  __time32                               
00004be6  time                                   
00004bfe  __mspabi_mpyi_f5hw                     
00004c16  CS_getMCLK                             
00004c2c  SpiInOut_LoRa                          
00004c42  memset                                 
00004c58  __mspabi_divu                          
00004c58  __mspabi_remu                          
00004c6e  srand                                  
00004c84  memcpy                                 
00004c98  SX1276Write                            
00004caa  __mspabi_fixdu                         
00004cbc  __TI_decompress_none                   
00004cce  main                                   
00004ce0  CS_disableClockRequest                 
00004cf0  SX1276Read                             
00004d00  __mspabi_sral                          
00004d10  __mspabi_slll                          
00004d20  __mspabi_srll                          
00004d30  BoardInitMcu                           
00004d3e  strlen                                 
00004d4c  BoardIoIrqInit                         
00004d58  EUSCI_B_SPI_enableInterrupt            
00004d64  SX1276SetSleep                         
00004d70  SX1276SetStby                          
00004d7c  SX1276WriteFifo                        
00004d88  __mspabi_fltid                         
00004d94  EUSCI_B_SPI_getInterruptStatus         
00004d9e  GpioToggle                             
00004da8  __mspabi_slli                          
00004db2  EUSCI_A_UART_enable                    
00004db8  EUSCI_B_SPI_enable                     
00004dbe  PMM_unlockLPM5                         
00004dc4  SX1276GetStatus                        
00004dca  __mspabi_fltud                         
00004dd0  C$$EXIT                                
00004dd0  abort                                  
00004dd6  settimer_sleep                         
00004ddc  SX1276CheckRfFrequency                 
00004de0  _system_pre_init                       
00004de4  SX1276_CadDone                         
00004de6  SX1276_FhssChangeChannel               
00004de8  SX1276_OnRxDone                        
00004dea  SX1276_OnRxError                       
00004dec  SX1276_OnRxTimeout                     
00004dee  SX1276_OnTxDone                        
00004df0  SX1276_OnTxTimeout                     
00004df2  _nop                                   
00004df4  _system_post_cinit                     
00004eae  FskBandwidths                          
00004f32  sx1276Radio                            
00004fca  RadioRegsInit                          
0000512e  __TI_Handler_Table_Base                
0000513a  __TI_Handler_Table_Limit               
00005140  __TI_CINIT_Base                        
00005150  __TI_CINIT_Limit                       
0000a501  mpu_ctl0_value                         
0000ffcc  __TI_int30                             
0000ffce  __TI_int31                             
0000ffd0  __TI_int32                             
0000ffd2  __TI_int33                             
0000ffd4  __TI_int34                             
0000ffd6  __TI_int35                             
0000ffd8  __TI_int36                             
0000ffda  __TI_int37                             
0000ffdc  __TI_int38                             
0000ffde  __TI_int39                             
0000ffe0  __TI_int40                             
0000ffe2  __TI_int41                             
0000ffe4  __TI_int42                             
0000ffe6  __TI_int43                             
0000ffe8  __TI_int44                             
0000ffea  __TI_int45                             
0000ffec  __TI_int46                             
0000ffee  __TI_int47                             
0000fff0  __TI_int48                             
0000fff2  __TI_int49                             
0000fff4  __TI_int50                             
0000fff6  __TI_int51                             
0000fff8  __TI_int52                             
0000fffa  __TI_int53                             
0000fffc  __TI_int54                             
0000fffe  _reset_vector                          
00010000  __TI_frcdivd                           
00010466  SX1276SetTxConfig                      
0001089c  task_lora_test                         
00010c96  SX1276SetRxConfig                      
00011054  SX1276SetRx                            
000113ce  SX1276GetTimeOnAir                     
000116fa  __mspabi_addd                          
000119da  __TI_frcmpyd                           
00011c5a  __mspabi_mpyd                          
00011ec0  __TI_frcaddd                           
00012108  BoardIoInit                            
0001232a  __mspabi_divd                          
0001254c  ceil                                   
0001254c  ceill                                  
00012712  floor                                  
00012712  floorl                                 
00012a52  CS_setDCOFreq                          
00012b92  round                                  
00012b92  roundl                                 
00012e56  __mspabi_cmpd                          
00012f2e  __TI_renormd                           
00012fe0  ClockSet                               
00013088  __mspabi_fltlid                        
00013126  EUSCI_A_UART_init                      
000131c0  SpiInit                                
0001324c  __mspabi_fltuld                        
000132cc  Timer_A_initUpMode                     
00013348  __TI_decompress_lzss                   
000133be  initUART                               
00013432  SX1276SetModem                         
000134a4  SX1276Send                             
00013514  CS_initClockSignal                     
000135e8  __mspabi_fixdul                        
00013650  ClockInit                              
000136b4  SX1276Init                             
00013716  uart_printNum                          
00013772  GpioSetInterrupt                       
000137cc  SX1276Random                           
00013826  __mspabi_divul                         
00013826  __mspabi_remul                         
0001387e  EUSCI_B_SPI_initMaster                 
000138d4  HOSTtime                               
0001392a  SX1276SetChannel                       
0001397e  __TI_auto_init_nobinit_nopinit_hold_wdt
000139d2  SX1276ReadRssi                         
00013a22  GPIO_setAsInputPinWithPullDownResistor 
00013a6c  SX1276ReadBuffer                       
00013ab6  GpioInit                               
00013afe  timerinitial                           
00013b46  SX1276WriteBuffer                      
00013b8c  SX1276SetTx                            
00013bce  rand                                   
00013c0e  __mspabi_divli                         
00013c0e  __mspabi_remli                         
00013c4e  SX1276IsChannelFree                    
00013c8c  __mspabi_sral_15                       
00013c90  __mspabi_sral_14                       
00013c94  __mspabi_sral_13                       
00013c98  __mspabi_sral_12                       
00013c9c  __mspabi_sral_11                       
00013ca0  __mspabi_sral_10                       
00013ca4  __mspabi_sral_9                        
00013ca8  __mspabi_sral_8                        
00013cac  __mspabi_sral_7                        
00013cb0  __mspabi_sral_6                        
00013cb4  __mspabi_sral_5                        
00013cb8  __mspabi_sral_4                        
00013cbc  __mspabi_sral_3                        
00013cc0  __mspabi_sral_2                        
00013cc4  __mspabi_sral_1                        
00013cca  __mspabi_slll_15                       
00013cce  __mspabi_slll_14                       
00013cd2  __mspabi_slll_13                       
00013cd6  __mspabi_slll_12                       
00013cda  __mspabi_slll_11                       
00013cde  __mspabi_slll_10                       
00013ce2  __mspabi_slll_9                        
00013ce6  __mspabi_slll_8                        
00013cea  __mspabi_slll_7                        
00013cee  __mspabi_slll_6                        
00013cf2  __mspabi_slll_5                        
00013cf6  __mspabi_slll_4                        
00013cfa  __mspabi_slll_3                        
00013cfe  __mspabi_slll_2                        
00013d02  __mspabi_slll_1                        
00013d08  __mspabi_srll_15                       
00013d0c  __mspabi_srll_14                       
00013d10  __mspabi_srll_13                       
00013d14  __mspabi_srll_12                       
00013d18  __mspabi_srll_11                       
00013d1c  __mspabi_srll_10                       
00013d20  __mspabi_srll_9                        
00013d24  __mspabi_srll_8                        
00013d28  __mspabi_srll_7                        
00013d2c  __mspabi_srll_6                        
00013d30  __mspabi_srll_5                        
00013d34  __mspabi_srll_4                        
00013d38  __mspabi_srll_3                        
00013d3c  __mspabi_srll_2                        
00013d40  __mspabi_srll_1                        
00013d46  SX1276StartCad                         
00013d7e  delay_ms                               
00013db6  __TI_writemsg                          
00013de8  C$$IO$$                                
00013dec  crc8_check                             
00013e22  SX1276ReceivePayload                   
00013e56  SX1276SetMaxPayloadLength              
00013e8a  __TI_readmsg                           
00013ebc  __mspabi_subd                          
00013eee  delay_us                               
00013f20  uart_write                             
00013f52  GPIO_getInterruptStatus                
00013f82  GPIO_selectInterruptEdge               
00013fb0  __mspabi_negd                          
00013fde  CS_getSMCLK                            
ffffffff  __TI_pprof_out_hndl                    
ffffffff  __TI_prof_data_size                    
ffffffff  __TI_prof_data_start                   
ffffffff  __c_args__                             

[1036 symbols]
