<?xml version="1.0" encoding="ISO-8859-1" ?>
<link_info>
   <banner>MSP430 Linker PC v20.2.2.LTS</banner>
   <copyright>Copyright (c) 2003-2018 Texas Instruments Incorporated</copyright>
   <link_time>0x644a26b1</link_time>
   <link_errors>0x0</link_errors>
   <output_file>SD_PHY.out</output_file>
   <entry_point>
      <name>_c_int00_noargs_mpu</name>
      <address>0x450c</address>
   </entry_point>
   <input_file_list>
      <input_file id="fl-2">
         <path>.\</path>
         <kind>object</kind>
         <file>main.obj</file>
         <name>main.obj</name>
      </input_file>
      <input_file id="fl-3">
         <path>.\app\</path>
         <kind>object</kind>
         <file>tasks.obj</file>
         <name>tasks.obj</name>
      </input_file>
      <input_file id="fl-4">
         <path>.\driverlib\MSP430FR5xx_6xx\</path>
         <kind>object</kind>
         <file>adc12_b.obj</file>
         <name>adc12_b.obj</name>
      </input_file>
      <input_file id="fl-5">
         <path>.\driverlib\MSP430FR5xx_6xx\</path>
         <kind>object</kind>
         <file>aes256.obj</file>
         <name>aes256.obj</name>
      </input_file>
      <input_file id="fl-6">
         <path>.\driverlib\MSP430FR5xx_6xx\</path>
         <kind>object</kind>
         <file>comp_e.obj</file>
         <name>comp_e.obj</name>
      </input_file>
      <input_file id="fl-7">
         <path>.\driverlib\MSP430FR5xx_6xx\</path>
         <kind>object</kind>
         <file>crc.obj</file>
         <name>crc.obj</name>
      </input_file>
      <input_file id="fl-8">
         <path>.\driverlib\MSP430FR5xx_6xx\</path>
         <kind>object</kind>
         <file>crc32.obj</file>
         <name>crc32.obj</name>
      </input_file>
      <input_file id="fl-9">
         <path>.\driverlib\MSP430FR5xx_6xx\</path>
         <kind>object</kind>
         <file>cs.obj</file>
         <name>cs.obj</name>
      </input_file>
      <input_file id="fl-a">
         <path>.\driverlib\MSP430FR5xx_6xx\</path>
         <kind>object</kind>
         <file>dma.obj</file>
         <name>dma.obj</name>
      </input_file>
      <input_file id="fl-b">
         <path>.\driverlib\MSP430FR5xx_6xx\</path>
         <kind>object</kind>
         <file>esi.obj</file>
         <name>esi.obj</name>
      </input_file>
      <input_file id="fl-c">
         <path>.\driverlib\MSP430FR5xx_6xx\</path>
         <kind>object</kind>
         <file>eusci_a_spi.obj</file>
         <name>eusci_a_spi.obj</name>
      </input_file>
      <input_file id="fl-d">
         <path>.\driverlib\MSP430FR5xx_6xx\</path>
         <kind>object</kind>
         <file>eusci_a_uart.obj</file>
         <name>eusci_a_uart.obj</name>
      </input_file>
      <input_file id="fl-e">
         <path>.\driverlib\MSP430FR5xx_6xx\</path>
         <kind>object</kind>
         <file>eusci_b_i2c.obj</file>
         <name>eusci_b_i2c.obj</name>
      </input_file>
      <input_file id="fl-f">
         <path>.\driverlib\MSP430FR5xx_6xx\</path>
         <kind>object</kind>
         <file>eusci_b_spi.obj</file>
         <name>eusci_b_spi.obj</name>
      </input_file>
      <input_file id="fl-10">
         <path>.\driverlib\MSP430FR5xx_6xx\</path>
         <kind>object</kind>
         <file>framctl.obj</file>
         <name>framctl.obj</name>
      </input_file>
      <input_file id="fl-11">
         <path>.\driverlib\MSP430FR5xx_6xx\</path>
         <kind>object</kind>
         <file>framctl_a.obj</file>
         <name>framctl_a.obj</name>
      </input_file>
      <input_file id="fl-12">
         <path>.\driverlib\MSP430FR5xx_6xx\</path>
         <kind>object</kind>
         <file>gpio.obj</file>
         <name>gpio.obj</name>
      </input_file>
      <input_file id="fl-13">
         <path>.\driverlib\MSP430FR5xx_6xx\</path>
         <kind>object</kind>
         <file>hspll.obj</file>
         <name>hspll.obj</name>
      </input_file>
      <input_file id="fl-14">
         <path>.\driverlib\MSP430FR5xx_6xx\</path>
         <kind>object</kind>
         <file>lcd_c.obj</file>
         <name>lcd_c.obj</name>
      </input_file>
      <input_file id="fl-15">
         <path>.\driverlib\MSP430FR5xx_6xx\</path>
         <kind>object</kind>
         <file>mpu.obj</file>
         <name>mpu.obj</name>
      </input_file>
      <input_file id="fl-16">
         <path>.\driverlib\MSP430FR5xx_6xx\</path>
         <kind>object</kind>
         <file>mpy32.obj</file>
         <name>mpy32.obj</name>
      </input_file>
      <input_file id="fl-17">
         <path>.\driverlib\MSP430FR5xx_6xx\</path>
         <kind>object</kind>
         <file>mtif.obj</file>
         <name>mtif.obj</name>
      </input_file>
      <input_file id="fl-18">
         <path>.\driverlib\MSP430FR5xx_6xx\</path>
         <kind>object</kind>
         <file>pmm.obj</file>
         <name>pmm.obj</name>
      </input_file>
      <input_file id="fl-19">
         <path>.\driverlib\MSP430FR5xx_6xx\</path>
         <kind>object</kind>
         <file>ram.obj</file>
         <name>ram.obj</name>
      </input_file>
      <input_file id="fl-1a">
         <path>.\driverlib\MSP430FR5xx_6xx\</path>
         <kind>object</kind>
         <file>ref_a.obj</file>
         <name>ref_a.obj</name>
      </input_file>
      <input_file id="fl-1b">
         <path>.\driverlib\MSP430FR5xx_6xx\</path>
         <kind>object</kind>
         <file>rtc_b.obj</file>
         <name>rtc_b.obj</name>
      </input_file>
      <input_file id="fl-1c">
         <path>.\driverlib\MSP430FR5xx_6xx\</path>
         <kind>object</kind>
         <file>rtc_c.obj</file>
         <name>rtc_c.obj</name>
      </input_file>
      <input_file id="fl-1d">
         <path>.\driverlib\MSP430FR5xx_6xx\</path>
         <kind>object</kind>
         <file>saph.obj</file>
         <name>saph.obj</name>
      </input_file>
      <input_file id="fl-1e">
         <path>.\driverlib\MSP430FR5xx_6xx\</path>
         <kind>object</kind>
         <file>saph_a.obj</file>
         <name>saph_a.obj</name>
      </input_file>
      <input_file id="fl-1f">
         <path>.\driverlib\MSP430FR5xx_6xx\</path>
         <kind>object</kind>
         <file>sdhs.obj</file>
         <name>sdhs.obj</name>
      </input_file>
      <input_file id="fl-20">
         <path>.\driverlib\MSP430FR5xx_6xx\</path>
         <kind>object</kind>
         <file>sfr.obj</file>
         <name>sfr.obj</name>
      </input_file>
      <input_file id="fl-21">
         <path>.\driverlib\MSP430FR5xx_6xx\</path>
         <kind>object</kind>
         <file>sysctl.obj</file>
         <name>sysctl.obj</name>
      </input_file>
      <input_file id="fl-22">
         <path>.\driverlib\MSP430FR5xx_6xx\</path>
         <kind>object</kind>
         <file>timer_a.obj</file>
         <name>timer_a.obj</name>
      </input_file>
      <input_file id="fl-23">
         <path>.\driverlib\MSP430FR5xx_6xx\</path>
         <kind>object</kind>
         <file>timer_b.obj</file>
         <name>timer_b.obj</name>
      </input_file>
      <input_file id="fl-24">
         <path>.\driverlib\MSP430FR5xx_6xx\</path>
         <kind>object</kind>
         <file>tlv.obj</file>
         <name>tlv.obj</name>
      </input_file>
      <input_file id="fl-25">
         <path>.\driverlib\MSP430FR5xx_6xx\</path>
         <kind>object</kind>
         <file>uups.obj</file>
         <name>uups.obj</name>
      </input_file>
      <input_file id="fl-26">
         <path>.\driverlib\MSP430FR5xx_6xx\</path>
         <kind>object</kind>
         <file>wdt_a.obj</file>
         <name>wdt_a.obj</name>
      </input_file>
      <input_file id="fl-27">
         <path>.\sx1276\</path>
         <kind>object</kind>
         <file>sx1276.obj</file>
         <name>sx1276.obj</name>
      </input_file>
      <input_file id="fl-28">
         <path>.\system\</path>
         <kind>object</kind>
         <file>ack.obj</file>
         <name>ack.obj</name>
      </input_file>
      <input_file id="fl-29">
         <path>.\system\</path>
         <kind>object</kind>
         <file>board.obj</file>
         <name>board.obj</name>
      </input_file>
      <input_file id="fl-2a">
         <path>.\system\</path>
         <kind>object</kind>
         <file>clock.obj</file>
         <name>clock.obj</name>
      </input_file>
      <input_file id="fl-2b">
         <path>.\system\</path>
         <kind>object</kind>
         <file>gpio.obj</file>
         <name>gpio.obj</name>
      </input_file>
      <input_file id="fl-2c">
         <path>.\system\</path>
         <kind>object</kind>
         <file>spi.obj</file>
         <name>spi.obj</name>
      </input_file>
      <input_file id="fl-2d">
         <path>.\system\</path>
         <kind>object</kind>
         <file>timer.obj</file>
         <name>timer.obj</name>
      </input_file>
      <input_file id="fl-2e">
         <path>.\system\</path>
         <kind>object</kind>
         <file>uart.obj</file>
         <name>uart.obj</name>
      </input_file>
      <input_file id="fl-2f">
         <path>.\utils\</path>
         <kind>object</kind>
         <file>utils.obj</file>
         <name>utils.obj</name>
      </input_file>
      <input_file id="fl-36">
         <kind>object</kind>
         <file>&lt;internal&gt;</file>
         <name>&lt;internal&gt;</name>
      </input_file>
      <input_file id="fl-56">
         <path>D:\CCS\Install\ccs\tools\compiler\ti-cgt-msp430_20.2.2.LTS\lib\</path>
         <kind>archive</kind>
         <file>rts430x_lc_rd_eabi.lib</file>
         <name>copy_decompress_lzss.c.obj</name>
      </input_file>
      <input_file id="fl-57">
         <path>D:\CCS\Install\ccs\tools\compiler\ti-cgt-msp430_20.2.2.LTS\lib\</path>
         <kind>archive</kind>
         <file>rts430x_lc_rd_eabi.lib</file>
         <name>copy_decompress_none.c.obj</name>
      </input_file>
      <input_file id="fl-58">
         <path>D:\CCS\Install\ccs\tools\compiler\ti-cgt-msp430_20.2.2.LTS\lib\</path>
         <kind>archive</kind>
         <file>rts430x_lc_rd_eabi.lib</file>
         <name>int30.asm.obj</name>
      </input_file>
      <input_file id="fl-59">
         <path>D:\CCS\Install\ccs\tools\compiler\ti-cgt-msp430_20.2.2.LTS\lib\</path>
         <kind>archive</kind>
         <file>rts430x_lc_rd_eabi.lib</file>
         <name>isr_trap.asm.obj</name>
      </input_file>
      <input_file id="fl-5a">
         <path>D:\CCS\Install\ccs\tools\compiler\ti-cgt-msp430_20.2.2.LTS\lib\</path>
         <kind>archive</kind>
         <file>rts430x_lc_rd_eabi.lib</file>
         <name>int31.asm.obj</name>
      </input_file>
      <input_file id="fl-5b">
         <path>D:\CCS\Install\ccs\tools\compiler\ti-cgt-msp430_20.2.2.LTS\lib\</path>
         <kind>archive</kind>
         <file>rts430x_lc_rd_eabi.lib</file>
         <name>int33.asm.obj</name>
      </input_file>
      <input_file id="fl-5c">
         <path>D:\CCS\Install\ccs\tools\compiler\ti-cgt-msp430_20.2.2.LTS\lib\</path>
         <kind>archive</kind>
         <file>rts430x_lc_rd_eabi.lib</file>
         <name>int34.asm.obj</name>
      </input_file>
      <input_file id="fl-5d">
         <path>D:\CCS\Install\ccs\tools\compiler\ti-cgt-msp430_20.2.2.LTS\lib\</path>
         <kind>archive</kind>
         <file>rts430x_lc_rd_eabi.lib</file>
         <name>int35.asm.obj</name>
      </input_file>
      <input_file id="fl-5e">
         <path>D:\CCS\Install\ccs\tools\compiler\ti-cgt-msp430_20.2.2.LTS\lib\</path>
         <kind>archive</kind>
         <file>rts430x_lc_rd_eabi.lib</file>
         <name>int36.asm.obj</name>
      </input_file>
      <input_file id="fl-5f">
         <path>D:\CCS\Install\ccs\tools\compiler\ti-cgt-msp430_20.2.2.LTS\lib\</path>
         <kind>archive</kind>
         <file>rts430x_lc_rd_eabi.lib</file>
         <name>int37.asm.obj</name>
      </input_file>
      <input_file id="fl-60">
         <path>D:\CCS\Install\ccs\tools\compiler\ti-cgt-msp430_20.2.2.LTS\lib\</path>
         <kind>archive</kind>
         <file>rts430x_lc_rd_eabi.lib</file>
         <name>int38.asm.obj</name>
      </input_file>
      <input_file id="fl-61">
         <path>D:\CCS\Install\ccs\tools\compiler\ti-cgt-msp430_20.2.2.LTS\lib\</path>
         <kind>archive</kind>
         <file>rts430x_lc_rd_eabi.lib</file>
         <name>int39.asm.obj</name>
      </input_file>
      <input_file id="fl-62">
         <path>D:\CCS\Install\ccs\tools\compiler\ti-cgt-msp430_20.2.2.LTS\lib\</path>
         <kind>archive</kind>
         <file>rts430x_lc_rd_eabi.lib</file>
         <name>int40.asm.obj</name>
      </input_file>
      <input_file id="fl-63">
         <path>D:\CCS\Install\ccs\tools\compiler\ti-cgt-msp430_20.2.2.LTS\lib\</path>
         <kind>archive</kind>
         <file>rts430x_lc_rd_eabi.lib</file>
         <name>int41.asm.obj</name>
      </input_file>
      <input_file id="fl-64">
         <path>D:\CCS\Install\ccs\tools\compiler\ti-cgt-msp430_20.2.2.LTS\lib\</path>
         <kind>archive</kind>
         <file>rts430x_lc_rd_eabi.lib</file>
         <name>int42.asm.obj</name>
      </input_file>
      <input_file id="fl-65">
         <path>D:\CCS\Install\ccs\tools\compiler\ti-cgt-msp430_20.2.2.LTS\lib\</path>
         <kind>archive</kind>
         <file>rts430x_lc_rd_eabi.lib</file>
         <name>int43.asm.obj</name>
      </input_file>
      <input_file id="fl-66">
         <path>D:\CCS\Install\ccs\tools\compiler\ti-cgt-msp430_20.2.2.LTS\lib\</path>
         <kind>archive</kind>
         <file>rts430x_lc_rd_eabi.lib</file>
         <name>int44.asm.obj</name>
      </input_file>
      <input_file id="fl-67">
         <path>D:\CCS\Install\ccs\tools\compiler\ti-cgt-msp430_20.2.2.LTS\lib\</path>
         <kind>archive</kind>
         <file>rts430x_lc_rd_eabi.lib</file>
         <name>int46.asm.obj</name>
      </input_file>
      <input_file id="fl-68">
         <path>D:\CCS\Install\ccs\tools\compiler\ti-cgt-msp430_20.2.2.LTS\lib\</path>
         <kind>archive</kind>
         <file>rts430x_lc_rd_eabi.lib</file>
         <name>int48.asm.obj</name>
      </input_file>
      <input_file id="fl-69">
         <path>D:\CCS\Install\ccs\tools\compiler\ti-cgt-msp430_20.2.2.LTS\lib\</path>
         <kind>archive</kind>
         <file>rts430x_lc_rd_eabi.lib</file>
         <name>int49.asm.obj</name>
      </input_file>
      <input_file id="fl-6a">
         <path>D:\CCS\Install\ccs\tools\compiler\ti-cgt-msp430_20.2.2.LTS\lib\</path>
         <kind>archive</kind>
         <file>rts430x_lc_rd_eabi.lib</file>
         <name>int50.asm.obj</name>
      </input_file>
      <input_file id="fl-6b">
         <path>D:\CCS\Install\ccs\tools\compiler\ti-cgt-msp430_20.2.2.LTS\lib\</path>
         <kind>archive</kind>
         <file>rts430x_lc_rd_eabi.lib</file>
         <name>int51.asm.obj</name>
      </input_file>
      <input_file id="fl-6c">
         <path>D:\CCS\Install\ccs\tools\compiler\ti-cgt-msp430_20.2.2.LTS\lib\</path>
         <kind>archive</kind>
         <file>rts430x_lc_rd_eabi.lib</file>
         <name>int52.asm.obj</name>
      </input_file>
      <input_file id="fl-6d">
         <path>D:\CCS\Install\ccs\tools\compiler\ti-cgt-msp430_20.2.2.LTS\lib\</path>
         <kind>archive</kind>
         <file>rts430x_lc_rd_eabi.lib</file>
         <name>int53.asm.obj</name>
      </input_file>
      <input_file id="fl-6e">
         <path>D:\CCS\Install\ccs\tools\compiler\ti-cgt-msp430_20.2.2.LTS\lib\</path>
         <kind>archive</kind>
         <file>rts430x_lc_rd_eabi.lib</file>
         <name>int54.asm.obj</name>
      </input_file>
      <input_file id="fl-6f">
         <path>D:\CCS\Install\ccs\tools\compiler\ti-cgt-msp430_20.2.2.LTS\lib\</path>
         <kind>archive</kind>
         <file>rts430x_lc_rd_eabi.lib</file>
         <name>copy_zero_init.c.obj</name>
      </input_file>
      <input_file id="fl-70">
         <path>D:\CCS\Install\ccs\tools\compiler\ti-cgt-msp430_20.2.2.LTS\lib\</path>
         <kind>archive</kind>
         <file>rts430x_lc_rd_eabi.lib</file>
         <name>addd.c.obj</name>
      </input_file>
      <input_file id="fl-71">
         <path>D:\CCS\Install\ccs\tools\compiler\ti-cgt-msp430_20.2.2.LTS\lib\</path>
         <kind>archive</kind>
         <file>rts430x_lc_rd_eabi.lib</file>
         <name>frcaddd.c.obj</name>
      </input_file>
      <input_file id="fl-72">
         <path>D:\CCS\Install\ccs\tools\compiler\ti-cgt-msp430_20.2.2.LTS\lib\</path>
         <kind>archive</kind>
         <file>rts430x_lc_rd_eabi.lib</file>
         <name>renormd.c.obj</name>
      </input_file>
      <input_file id="fl-73">
         <path>D:\CCS\Install\ccs\tools\compiler\ti-cgt-msp430_20.2.2.LTS\lib\</path>
         <kind>archive</kind>
         <file>rts430x_lc_rd_eabi.lib</file>
         <name>cmpd.c.obj</name>
      </input_file>
      <input_file id="fl-74">
         <path>D:\CCS\Install\ccs\tools\compiler\ti-cgt-msp430_20.2.2.LTS\lib\</path>
         <kind>archive</kind>
         <file>rts430x_lc_rd_eabi.lib</file>
         <name>divd.c.obj</name>
      </input_file>
      <input_file id="fl-75">
         <path>D:\CCS\Install\ccs\tools\compiler\ti-cgt-msp430_20.2.2.LTS\lib\</path>
         <kind>archive</kind>
         <file>rts430x_lc_rd_eabi.lib</file>
         <name>frcdivd.c.obj</name>
      </input_file>
      <input_file id="fl-76">
         <path>D:\CCS\Install\ccs\tools\compiler\ti-cgt-msp430_20.2.2.LTS\lib\</path>
         <kind>archive</kind>
         <file>rts430x_lc_rd_eabi.lib</file>
         <name>div16s.asm.obj</name>
      </input_file>
      <input_file id="fl-77">
         <path>D:\CCS\Install\ccs\tools\compiler\ti-cgt-msp430_20.2.2.LTS\lib\</path>
         <kind>archive</kind>
         <file>rts430x_lc_rd_eabi.lib</file>
         <name>div32s.asm.obj</name>
      </input_file>
      <input_file id="fl-78">
         <path>D:\CCS\Install\ccs\tools\compiler\ti-cgt-msp430_20.2.2.LTS\lib\</path>
         <kind>archive</kind>
         <file>rts430x_lc_rd_eabi.lib</file>
         <name>div16u.asm.obj</name>
      </input_file>
      <input_file id="fl-79">
         <path>D:\CCS\Install\ccs\tools\compiler\ti-cgt-msp430_20.2.2.LTS\lib\</path>
         <kind>archive</kind>
         <file>rts430x_lc_rd_eabi.lib</file>
         <name>div32u.asm.obj</name>
      </input_file>
      <input_file id="fl-7a">
         <path>D:\CCS\Install\ccs\tools\compiler\ti-cgt-msp430_20.2.2.LTS\lib\</path>
         <kind>archive</kind>
         <file>rts430x_lc_rd_eabi.lib</file>
         <name>fixdli.c.obj</name>
      </input_file>
      <input_file id="fl-7b">
         <path>D:\CCS\Install\ccs\tools\compiler\ti-cgt-msp430_20.2.2.LTS\lib\</path>
         <kind>archive</kind>
         <file>rts430x_lc_rd_eabi.lib</file>
         <name>fixdu.c.obj</name>
      </input_file>
      <input_file id="fl-7c">
         <path>D:\CCS\Install\ccs\tools\compiler\ti-cgt-msp430_20.2.2.LTS\lib\</path>
         <kind>archive</kind>
         <file>rts430x_lc_rd_eabi.lib</file>
         <name>fixdul.c.obj</name>
      </input_file>
      <input_file id="fl-7d">
         <path>D:\CCS\Install\ccs\tools\compiler\ti-cgt-msp430_20.2.2.LTS\lib\</path>
         <kind>archive</kind>
         <file>rts430x_lc_rd_eabi.lib</file>
         <name>fltid.c.obj</name>
      </input_file>
      <input_file id="fl-7e">
         <path>D:\CCS\Install\ccs\tools\compiler\ti-cgt-msp430_20.2.2.LTS\lib\</path>
         <kind>archive</kind>
         <file>rts430x_lc_rd_eabi.lib</file>
         <name>fltlid.c.obj</name>
      </input_file>
      <input_file id="fl-7f">
         <path>D:\CCS\Install\ccs\tools\compiler\ti-cgt-msp430_20.2.2.LTS\lib\</path>
         <kind>archive</kind>
         <file>rts430x_lc_rd_eabi.lib</file>
         <name>fltud.c.obj</name>
      </input_file>
      <input_file id="fl-80">
         <path>D:\CCS\Install\ccs\tools\compiler\ti-cgt-msp430_20.2.2.LTS\lib\</path>
         <kind>archive</kind>
         <file>rts430x_lc_rd_eabi.lib</file>
         <name>fltuld.c.obj</name>
      </input_file>
      <input_file id="fl-81">
         <path>D:\CCS\Install\ccs\tools\compiler\ti-cgt-msp430_20.2.2.LTS\lib\</path>
         <kind>archive</kind>
         <file>rts430x_lc_rd_eabi.lib</file>
         <name>mpyd.c.obj</name>
      </input_file>
      <input_file id="fl-82">
         <path>D:\CCS\Install\ccs\tools\compiler\ti-cgt-msp430_20.2.2.LTS\lib\</path>
         <kind>archive</kind>
         <file>rts430x_lc_rd_eabi.lib</file>
         <name>frcmpyd.c.obj</name>
      </input_file>
      <input_file id="fl-83">
         <path>D:\CCS\Install\ccs\tools\compiler\ti-cgt-msp430_20.2.2.LTS\lib\</path>
         <kind>archive</kind>
         <file>rts430x_lc_rd_eabi.lib</file>
         <name>mult16.asm.obj</name>
      </input_file>
      <input_file id="fl-84">
         <path>D:\CCS\Install\ccs\tools\compiler\ti-cgt-msp430_20.2.2.LTS\lib\</path>
         <kind>archive</kind>
         <file>rts430x_lc_rd_eabi.lib</file>
         <name>mult16_f5hw.asm.obj</name>
      </input_file>
      <input_file id="fl-85">
         <path>D:\CCS\Install\ccs\tools\compiler\ti-cgt-msp430_20.2.2.LTS\lib\</path>
         <kind>archive</kind>
         <file>rts430x_lc_rd_eabi.lib</file>
         <name>mult32.asm.obj</name>
      </input_file>
      <input_file id="fl-86">
         <path>D:\CCS\Install\ccs\tools\compiler\ti-cgt-msp430_20.2.2.LTS\lib\</path>
         <kind>archive</kind>
         <file>rts430x_lc_rd_eabi.lib</file>
         <name>mult32_f5hw.asm.obj</name>
      </input_file>
      <input_file id="fl-87">
         <path>D:\CCS\Install\ccs\tools\compiler\ti-cgt-msp430_20.2.2.LTS\lib\</path>
         <kind>archive</kind>
         <file>rts430x_lc_rd_eabi.lib</file>
         <name>mult64_f5hw.asm.obj</name>
      </input_file>
      <input_file id="fl-88">
         <path>D:\CCS\Install\ccs\tools\compiler\ti-cgt-msp430_20.2.2.LTS\lib\</path>
         <kind>archive</kind>
         <file>rts430x_lc_rd_eabi.lib</file>
         <name>mult1632_f5hw.asm.obj</name>
      </input_file>
      <input_file id="fl-89">
         <path>D:\CCS\Install\ccs\tools\compiler\ti-cgt-msp430_20.2.2.LTS\lib\</path>
         <kind>archive</kind>
         <file>rts430x_lc_rd_eabi.lib</file>
         <name>mult3264_f5hw.asm.obj</name>
      </input_file>
      <input_file id="fl-8a">
         <path>D:\CCS\Install\ccs\tools\compiler\ti-cgt-msp430_20.2.2.LTS\lib\</path>
         <kind>archive</kind>
         <file>rts430x_lc_rd_eabi.lib</file>
         <name>lsl16.asm.obj</name>
      </input_file>
      <input_file id="fl-8b">
         <path>D:\CCS\Install\ccs\tools\compiler\ti-cgt-msp430_20.2.2.LTS\lib\</path>
         <kind>archive</kind>
         <file>rts430x_lc_rd_eabi.lib</file>
         <name>lsl32.asm.obj</name>
      </input_file>
      <input_file id="fl-8c">
         <path>D:\CCS\Install\ccs\tools\compiler\ti-cgt-msp430_20.2.2.LTS\lib\</path>
         <kind>archive</kind>
         <file>rts430x_lc_rd_eabi.lib</file>
         <name>asr32.asm.obj</name>
      </input_file>
      <input_file id="fl-8d">
         <path>D:\CCS\Install\ccs\tools\compiler\ti-cgt-msp430_20.2.2.LTS\lib\</path>
         <kind>archive</kind>
         <file>rts430x_lc_rd_eabi.lib</file>
         <name>lsr32.asm.obj</name>
      </input_file>
      <input_file id="fl-8e">
         <path>D:\CCS\Install\ccs\tools\compiler\ti-cgt-msp430_20.2.2.LTS\lib\</path>
         <kind>archive</kind>
         <file>rts430x_lc_rd_eabi.lib</file>
         <name>lsr64.c.obj</name>
      </input_file>
      <input_file id="fl-8f">
         <path>D:\CCS\Install\ccs\tools\compiler\ti-cgt-msp430_20.2.2.LTS\lib\</path>
         <kind>archive</kind>
         <file>rts430x_lc_rd_eabi.lib</file>
         <name>boot.c.obj</name>
      </input_file>
      <input_file id="fl-90">
         <path>D:\CCS\Install\ccs\ccs_base\msp430\lib\FR59xx\</path>
         <kind>archive</kind>
         <file>MSPMPU_INIT_LIB_CCS_msp430_large_code_restricted_data.lib</file>
         <name>mpu_init.o</name>
      </input_file>
      <input_file id="fl-91">
         <path>D:\CCS\Install\ccs\tools\compiler\ti-cgt-msp430_20.2.2.LTS\lib\</path>
         <kind>archive</kind>
         <file>rts430x_lc_rd_eabi.lib</file>
         <name>args_main.c.obj</name>
      </input_file>
      <input_file id="fl-92">
         <path>D:\CCS\Install\ccs\tools\compiler\ti-cgt-msp430_20.2.2.LTS\lib\</path>
         <kind>archive</kind>
         <file>rts430x_lc_rd_eabi.lib</file>
         <name>autoinit.c.obj</name>
      </input_file>
      <input_file id="fl-93">
         <path>D:\CCS\Install\ccs\tools\compiler\ti-cgt-msp430_20.2.2.LTS\lib\</path>
         <kind>archive</kind>
         <file>rts430x_lc_rd_eabi.lib</file>
         <name>startup.c.obj</name>
      </input_file>
      <input_file id="fl-94">
         <path>D:\CCS\Install\ccs\tools\compiler\ti-cgt-msp430_20.2.2.LTS\lib\</path>
         <kind>archive</kind>
         <file>rts430x_lc_rd_eabi.lib</file>
         <name>pre_init.c.obj</name>
      </input_file>
      <input_file id="fl-95">
         <path>D:\CCS\Install\ccs\tools\compiler\ti-cgt-msp430_20.2.2.LTS\lib\</path>
         <kind>archive</kind>
         <file>rts430x_lc_rd_eabi.lib</file>
         <name>s_ceil.c.obj</name>
      </input_file>
      <input_file id="fl-96">
         <path>D:\CCS\Install\ccs\tools\compiler\ti-cgt-msp430_20.2.2.LTS\lib\</path>
         <kind>archive</kind>
         <file>rts430x_lc_rd_eabi.lib</file>
         <name>cpy_tbl.c.obj</name>
      </input_file>
      <input_file id="fl-97">
         <path>D:\CCS\Install\ccs\tools\compiler\ti-cgt-msp430_20.2.2.LTS\lib\</path>
         <kind>archive</kind>
         <file>rts430x_lc_rd_eabi.lib</file>
         <name>exit.c.obj</name>
      </input_file>
      <input_file id="fl-98">
         <path>D:\CCS\Install\ccs\tools\compiler\ti-cgt-msp430_20.2.2.LTS\lib\</path>
         <kind>archive</kind>
         <file>rts430x_lc_rd_eabi.lib</file>
         <name>exit_gvars.c.obj</name>
      </input_file>
      <input_file id="fl-99">
         <path>D:\CCS\Install\ccs\tools\compiler\ti-cgt-msp430_20.2.2.LTS\lib\</path>
         <kind>archive</kind>
         <file>rts430x_lc_rd_eabi.lib</file>
         <name>_lock.c.obj</name>
      </input_file>
      <input_file id="fl-9a">
         <path>D:\CCS\Install\ccs\tools\compiler\ti-cgt-msp430_20.2.2.LTS\lib\</path>
         <kind>archive</kind>
         <file>rts430x_lc_rd_eabi.lib</file>
         <name>s_floor.c.obj</name>
      </input_file>
      <input_file id="fl-9b">
         <path>D:\CCS\Install\ccs\tools\compiler\ti-cgt-msp430_20.2.2.LTS\lib\</path>
         <kind>archive</kind>
         <file>rts430x_lc_rd_eabi.lib</file>
         <name>memcpy.c.obj</name>
      </input_file>
      <input_file id="fl-9c">
         <path>D:\CCS\Install\ccs\tools\compiler\ti-cgt-msp430_20.2.2.LTS\lib\</path>
         <kind>archive</kind>
         <file>rts430x_lc_rd_eabi.lib</file>
         <name>memset.c.obj</name>
      </input_file>
      <input_file id="fl-9d">
         <path>D:\CCS\Install\ccs\tools\compiler\ti-cgt-msp430_20.2.2.LTS\lib\</path>
         <kind>archive</kind>
         <file>rts430x_lc_rd_eabi.lib</file>
         <name>s_round.c.obj</name>
      </input_file>
      <input_file id="fl-9e">
         <path>D:\CCS\Install\ccs\tools\compiler\ti-cgt-msp430_20.2.2.LTS\lib\</path>
         <kind>archive</kind>
         <file>rts430x_lc_rd_eabi.lib</file>
         <name>negd.c.obj</name>
      </input_file>
      <input_file id="fl-9f">
         <path>D:\CCS\Install\ccs\tools\compiler\ti-cgt-msp430_20.2.2.LTS\lib\</path>
         <kind>archive</kind>
         <file>rts430x_lc_rd_eabi.lib</file>
         <name>subd.c.obj</name>
      </input_file>
      <input_file id="fl-a0">
         <path>D:\CCS\Install\ccs\tools\compiler\ti-cgt-msp430_20.2.2.LTS\lib\</path>
         <kind>archive</kind>
         <file>rts430x_lc_rd_eabi.lib</file>
         <name>strlen.c.obj</name>
      </input_file>
   </input_file_list>
   <object_component_list>
      <object_component id="oc-9e4">
         <name>.cinit..data.load</name>
         <load_address>0x4a0a</load_address>
         <run_address>0x4a0a</run_address>
         <size>0x1f</size>
      </object_component>
      <object_component id="oc-9e1">
         <name>__TI_handler_table</name>
         <load_address>0x4a2a</load_address>
         <run_address>0x4a2a</run_address>
         <size>0xc</size>
      </object_component>
      <object_component id="oc-9e3">
         <name>.cinit..bss.load</name>
         <load_address>0x4a36</load_address>
         <run_address>0x4a36</run_address>
         <size>0x6</size>
      </object_component>
      <object_component id="oc-9e2">
         <name>__TI_cinit_table</name>
         <load_address>0x4a3c</load_address>
         <run_address>0x4a3c</run_address>
         <size>0x10</size>
      </object_component>
      <object_component id="oc-972">
         <name>.binit</name>
         <load_address>0x4400</load_address>
         <run_address>0x4400</run_address>
         <size>0x0</size>
      </object_component>
      <object_component id="oc-599">
         <name>.const:.string</name>
         <load_address>0x46fa</load_address>
         <run_address>0x46fa</run_address>
         <size>0xd4</size>
         <input_file_ref idref="fl-3"/>
      </object_component>
      <object_component id="oc-8cb">
         <name>.const:FskBandwidths</name>
         <load_address>0x47ce</load_address>
         <run_address>0x47ce</run_address>
         <size>0x84</size>
         <input_file_ref idref="fl-27"/>
      </object_component>
      <object_component id="oc-5df">
         <name>.const:sx1276Radio</name>
         <load_address>0x4852</load_address>
         <run_address>0x4852</run_address>
         <size>0x54</size>
         <input_file_ref idref="fl-29"/>
      </object_component>
      <object_component id="oc-7d0">
         <name>.const:RadioRegsInit</name>
         <load_address>0x48a6</load_address>
         <run_address>0x48a6</run_address>
         <size>0x40</size>
         <input_file_ref idref="fl-27"/>
      </object_component>
      <object_component id="oc-462">
         <name>.const:.string</name>
         <load_address>0x48e6</load_address>
         <run_address>0x48e6</run_address>
         <size>0x2e</size>
         <input_file_ref idref="fl-2d"/>
      </object_component>
      <object_component id="oc-4bc">
         <name>.const:GPIO_PORT_TO_BASE</name>
         <load_address>0x4914</load_address>
         <run_address>0x4914</run_address>
         <size>0x1c</size>
         <input_file_ref idref="fl-12"/>
      </object_component>
      <object_component id="oc-765">
         <name>.const:$P$T0$1</name>
         <load_address>0x4930</load_address>
         <run_address>0x4930</run_address>
         <size>0x12</size>
         <input_file_ref idref="fl-2c"/>
      </object_component>
      <object_component id="oc-650">
         <name>.const:$P$T1$2</name>
         <load_address>0x4942</load_address>
         <run_address>0x4942</run_address>
         <size>0x10</size>
         <input_file_ref idref="fl-2e"/>
      </object_component>
      <object_component id="oc-640">
         <name>.const:$P$T0$1</name>
         <load_address>0x4952</load_address>
         <run_address>0x4952</run_address>
         <size>0xe</size>
         <input_file_ref idref="fl-2d"/>
      </object_component>
      <object_component id="oc-793">
         <name>.const:PIN_MSP_P1_0</name>
         <load_address>0x4960</load_address>
         <run_address>0x4960</run_address>
         <size>0xe</size>
         <input_file_ref idref="fl-29"/>
      </object_component>
      <object_component id="oc-77b">
         <name>.const:PIN_MSP_P1_3</name>
         <load_address>0x496e</load_address>
         <run_address>0x496e</run_address>
         <size>0xe</size>
         <input_file_ref idref="fl-29"/>
      </object_component>
      <object_component id="oc-787">
         <name>.const:PIN_MSP_P1_6</name>
         <load_address>0x497c</load_address>
         <run_address>0x497c</run_address>
         <size>0xe</size>
         <input_file_ref idref="fl-29"/>
      </object_component>
      <object_component id="oc-784">
         <name>.const:PIN_MSP_P1_7</name>
         <load_address>0x498a</load_address>
         <run_address>0x498a</run_address>
         <size>0xe</size>
         <input_file_ref idref="fl-29"/>
      </object_component>
      <object_component id="oc-78a">
         <name>.const:PIN_MSP_P2_2</name>
         <load_address>0x4998</load_address>
         <run_address>0x4998</run_address>
         <size>0xe</size>
         <input_file_ref idref="fl-29"/>
      </object_component>
      <object_component id="oc-79f">
         <name>.const:PIN_MSP_P3_0</name>
         <load_address>0x49a6</load_address>
         <run_address>0x49a6</run_address>
         <size>0xe</size>
         <input_file_ref idref="fl-29"/>
      </object_component>
      <object_component id="oc-7a2">
         <name>.const:PIN_MSP_P3_1</name>
         <load_address>0x49b4</load_address>
         <run_address>0x49b4</run_address>
         <size>0xe</size>
         <input_file_ref idref="fl-29"/>
      </object_component>
      <object_component id="oc-78d">
         <name>.const:PIN_MSP_P3_4</name>
         <load_address>0x49c2</load_address>
         <run_address>0x49c2</run_address>
         <size>0xe</size>
         <input_file_ref idref="fl-29"/>
      </object_component>
      <object_component id="oc-79c">
         <name>.const:PIN_MSP_P3_5</name>
         <load_address>0x49d0</load_address>
         <run_address>0x49d0</run_address>
         <size>0xe</size>
         <input_file_ref idref="fl-29"/>
      </object_component>
      <object_component id="oc-799">
         <name>.const:PIN_MSP_P3_6</name>
         <load_address>0x49de</load_address>
         <run_address>0x49de</run_address>
         <size>0xe</size>
         <input_file_ref idref="fl-29"/>
      </object_component>
      <object_component id="oc-790">
         <name>.const:PIN_MSP_P4_3</name>
         <load_address>0x49ec</load_address>
         <run_address>0x49ec</run_address>
         <size>0xe</size>
         <input_file_ref idref="fl-29"/>
      </object_component>
      <object_component id="oc-796">
         <name>.const:PIN_MSP_P4_6</name>
         <load_address>0x49fa</load_address>
         <run_address>0x49fa</run_address>
         <size>0xe</size>
         <input_file_ref idref="fl-29"/>
      </object_component>
      <object_component id="oc-438">
         <name>.const</name>
         <load_address>0x4a08</load_address>
         <run_address>0x4a08</run_address>
         <size>0x1</size>
         <input_file_ref idref="fl-2b"/>
      </object_component>
      <object_component id="oc-3d8">
         <name>.text:_isr:TIMER0_A0_ISR</name>
         <load_address>0x4400</load_address>
         <run_address>0x4400</run_address>
         <size>0x8c</size>
         <input_file_ref idref="fl-2d"/>
      </object_component>
      <object_component id="oc-3d2">
         <name>.text:_isr:PORT4_IRQHandler</name>
         <load_address>0x448c</load_address>
         <run_address>0x448c</run_address>
         <size>0x4e</size>
         <input_file_ref idref="fl-2b"/>
      </object_component>
      <object_component id="oc-3de">
         <name>.text:_isr:EUSCIB0_IRQHandler</name>
         <load_address>0x44da</load_address>
         <run_address>0x44da</run_address>
         <size>0x32</size>
         <input_file_ref idref="fl-2c"/>
      </object_component>
      <object_component id="oc-40e">
         <name>.text:_isr:_c_int00_noargs_mpu</name>
         <load_address>0x450c</load_address>
         <run_address>0x450c</run_address>
         <size>0x20</size>
         <input_file_ref idref="fl-8f"/>
      </object_component>
      <object_component id="oc-3cd">
         <name>.text:_isr:__TI_ISR_TRAP</name>
         <load_address>0x452c</load_address>
         <run_address>0x452c</run_address>
         <size>0x8</size>
         <input_file_ref idref="fl-59"/>
      </object_component>
      <object_component id="oc-759">
         <name>.text:CS_getMCLK</name>
         <load_address>0x4534</load_address>
         <run_address>0x4534</run_address>
         <size>0x16</size>
         <input_file_ref idref="fl-9"/>
      </object_component>
      <object_component id="oc-7b6">
         <name>.text:SpiInOut_LoRa</name>
         <load_address>0x454a</load_address>
         <run_address>0x454a</run_address>
         <size>0x16</size>
         <input_file_ref idref="fl-2c"/>
      </object_component>
      <object_component id="oc-83f">
         <name>.text:memset</name>
         <load_address>0x4560</load_address>
         <run_address>0x4560</run_address>
         <size>0x16</size>
         <input_file_ref idref="fl-9c"/>
      </object_component>
      <object_component id="oc-95d">
         <name>.text</name>
         <load_address>0x4576</load_address>
         <run_address>0x4576</run_address>
         <size>0x16</size>
         <input_file_ref idref="fl-78"/>
      </object_component>
      <object_component id="oc-3c0">
         <name>.text:memcpy</name>
         <load_address>0x458c</load_address>
         <run_address>0x458c</run_address>
         <size>0x14</size>
         <input_file_ref idref="fl-9b"/>
      </object_component>
      <object_component id="oc-5ac">
         <name>.text:SX1276Write</name>
         <load_address>0x45a0</load_address>
         <run_address>0x45a0</run_address>
         <size>0x12</size>
         <input_file_ref idref="fl-27"/>
      </object_component>
      <object_component id="oc-7f0">
         <name>.text:__mspabi_fixdu</name>
         <load_address>0x45b2</load_address>
         <run_address>0x45b2</run_address>
         <size>0x12</size>
         <input_file_ref idref="fl-7b"/>
      </object_component>
      <object_component id="oc-7c">
         <name>.text:decompress:none:__TI_decompress_none</name>
         <load_address>0x45c4</load_address>
         <run_address>0x45c4</run_address>
         <size>0x12</size>
         <input_file_ref idref="fl-57"/>
      </object_component>
      <object_component id="oc-492">
         <name>.text:main</name>
         <load_address>0x45d6</load_address>
         <run_address>0x45d6</run_address>
         <size>0x12</size>
         <input_file_ref idref="fl-2"/>
      </object_component>
      <object_component id="oc-74d">
         <name>.text:CS_disableClockRequest</name>
         <load_address>0x45e8</load_address>
         <run_address>0x45e8</run_address>
         <size>0x10</size>
         <input_file_ref idref="fl-9"/>
      </object_component>
      <object_component id="oc-5a0">
         <name>.text:SX1276Read</name>
         <load_address>0x45f8</load_address>
         <run_address>0x45f8</run_address>
         <size>0x10</size>
         <input_file_ref idref="fl-27"/>
      </object_component>
      <object_component id="oc-8e9">
         <name>.text:l_asr</name>
         <load_address>0x4608</load_address>
         <run_address>0x4608</run_address>
         <size>0x10</size>
         <input_file_ref idref="fl-8c"/>
      </object_component>
      <object_component id="oc-7ea">
         <name>.text:l_lsl</name>
         <load_address>0x4618</load_address>
         <run_address>0x4618</run_address>
         <size>0x10</size>
         <input_file_ref idref="fl-8b"/>
      </object_component>
      <object_component id="oc-8c3">
         <name>.text:l_lsr</name>
         <load_address>0x4628</load_address>
         <run_address>0x4628</run_address>
         <size>0x10</size>
         <input_file_ref idref="fl-8d"/>
      </object_component>
      <object_component id="oc-587">
         <name>.text:BoardInitMcu</name>
         <load_address>0x4638</load_address>
         <run_address>0x4638</run_address>
         <size>0xe</size>
         <input_file_ref idref="fl-29"/>
      </object_component>
      <object_component id="oc-4f2">
         <name>.text:strlen</name>
         <load_address>0x4646</load_address>
         <run_address>0x4646</run_address>
         <size>0xe</size>
         <input_file_ref idref="fl-a0"/>
      </object_component>
      <object_component id="oc-639">
         <name>.text:BoardIoIrqInit</name>
         <load_address>0x4654</load_address>
         <run_address>0x4654</run_address>
         <size>0xc</size>
         <input_file_ref idref="fl-29"/>
      </object_component>
      <object_component id="oc-774">
         <name>.text:EUSCI_B_SPI_enableInterrupt</name>
         <load_address>0x4660</load_address>
         <run_address>0x4660</run_address>
         <size>0xc</size>
         <input_file_ref idref="fl-f"/>
      </object_component>
      <object_component id="oc-6c5">
         <name>.text:SX1276SetSleep</name>
         <load_address>0x466c</load_address>
         <run_address>0x466c</run_address>
         <size>0xc</size>
         <input_file_ref idref="fl-27"/>
      </object_component>
      <object_component id="oc-675">
         <name>.text:SX1276SetStby</name>
         <load_address>0x4678</load_address>
         <run_address>0x4678</run_address>
         <size>0xc</size>
         <input_file_ref idref="fl-27"/>
      </object_component>
      <object_component id="oc-67b">
         <name>.text:SX1276WriteFifo</name>
         <load_address>0x4684</load_address>
         <run_address>0x4684</run_address>
         <size>0xc</size>
         <input_file_ref idref="fl-27"/>
      </object_component>
      <object_component id="oc-80a">
         <name>.text:__mspabi_fltid</name>
         <load_address>0x4690</load_address>
         <run_address>0x4690</run_address>
         <size>0xc</size>
         <input_file_ref idref="fl-7d"/>
      </object_component>
      <object_component id="oc-472">
         <name>.text:EUSCI_B_SPI_getInterruptStatus</name>
         <load_address>0x469c</load_address>
         <run_address>0x469c</run_address>
         <size>0xa</size>
         <input_file_ref idref="fl-f"/>
      </object_component>
      <object_component id="oc-447">
         <name>.text:GpioToggle</name>
         <load_address>0x46a6</load_address>
         <run_address>0x46a6</run_address>
         <size>0xa</size>
         <input_file_ref idref="fl-2b"/>
      </object_component>
      <object_component id="oc-805">
         <name>.text</name>
         <load_address>0x46b0</load_address>
         <run_address>0x46b0</run_address>
         <size>0xa</size>
         <input_file_ref idref="fl-8a"/>
      </object_component>
      <object_component id="oc-64a">
         <name>.text:EUSCI_A_UART_enable</name>
         <load_address>0x46ba</load_address>
         <run_address>0x46ba</run_address>
         <size>0x6</size>
         <input_file_ref idref="fl-d"/>
      </object_component>
      <object_component id="oc-76e">
         <name>.text:EUSCI_B_SPI_enable</name>
         <load_address>0x46c0</load_address>
         <run_address>0x46c0</run_address>
         <size>0x6</size>
         <input_file_ref idref="fl-f"/>
      </object_component>
      <object_component id="oc-52d">
         <name>.text:PMM_unlockLPM5</name>
         <load_address>0x46c6</load_address>
         <run_address>0x46c6</run_address>
         <size>0x6</size>
         <input_file_ref idref="fl-18"/>
      </object_component>
      <object_component id="oc-68f">
         <name>.text:SX1276GetStatus</name>
         <load_address>0x46cc</load_address>
         <run_address>0x46cc</run_address>
         <size>0x6</size>
         <input_file_ref idref="fl-27"/>
      </object_component>
      <object_component id="oc-810">
         <name>.text:__mspabi_fltud</name>
         <load_address>0x46d2</load_address>
         <run_address>0x46d2</run_address>
         <size>0x6</size>
         <input_file_ref idref="fl-7f"/>
      </object_component>
      <object_component id="oc-53a">
         <name>.text:abort</name>
         <load_address>0x46d8</load_address>
         <run_address>0x46d8</run_address>
         <size>0x6</size>
         <input_file_ref idref="fl-97"/>
      </object_component>
      <object_component id="oc-5d9">
         <name>.text:settimer</name>
         <load_address>0x46de</load_address>
         <run_address>0x46de</run_address>
         <size>0x6</size>
         <input_file_ref idref="fl-2d"/>
      </object_component>
      <object_component id="oc-6b9">
         <name>.text:SX1276CheckRfFrequency</name>
         <load_address>0x46e4</load_address>
         <run_address>0x46e4</run_address>
         <size>0x4</size>
         <input_file_ref idref="fl-27"/>
      </object_component>
      <object_component id="oc-48c">
         <name>.text:_system_pre_init</name>
         <load_address>0x46e8</load_address>
         <run_address>0x46e8</run_address>
         <size>0x4</size>
         <input_file_ref idref="fl-94"/>
      </object_component>
      <object_component id="oc-703">
         <name>.text:SX1276_FhssChangeChannel</name>
         <load_address>0x46ec</load_address>
         <run_address>0x46ec</run_address>
         <size>0x2</size>
         <input_file_ref idref="fl-3"/>
      </object_component>
      <object_component id="oc-6f1">
         <name>.text:SX1276_OnRxDone</name>
         <load_address>0x46ee</load_address>
         <run_address>0x46ee</run_address>
         <size>0x2</size>
         <input_file_ref idref="fl-3"/>
      </object_component>
      <object_component id="oc-6fd">
         <name>.text:SX1276_OnRxError</name>
         <load_address>0x46f0</load_address>
         <run_address>0x46f0</run_address>
         <size>0x2</size>
         <input_file_ref idref="fl-3"/>
      </object_component>
      <object_component id="oc-6f7">
         <name>.text:SX1276_OnRxTimeout</name>
         <load_address>0x46f2</load_address>
         <run_address>0x46f2</run_address>
         <size>0x2</size>
         <input_file_ref idref="fl-3"/>
      </object_component>
      <object_component id="oc-6e5">
         <name>.text:SX1276_OnTxDone</name>
         <load_address>0x46f4</load_address>
         <run_address>0x46f4</run_address>
         <size>0x2</size>
         <input_file_ref idref="fl-3"/>
      </object_component>
      <object_component id="oc-6eb">
         <name>.text:SX1276_OnTxTimeout</name>
         <load_address>0x46f6</load_address>
         <run_address>0x46f6</run_address>
         <size>0x2</size>
         <input_file_ref idref="fl-3"/>
      </object_component>
      <object_component id="oc-5fb">
         <name>.text:_system_post_cinit</name>
         <load_address>0x46f8</load_address>
         <run_address>0x46f8</run_address>
         <size>0x2</size>
         <input_file_ref idref="fl-93"/>
      </object_component>
      <object_component id="oc-8b6">
         <name>.text:__TI_frcdivd</name>
         <load_address>0x10000</load_address>
         <run_address>0x10000</run_address>
         <size>0x466</size>
         <input_file_ref idref="fl-75"/>
      </object_component>
      <object_component id="oc-6b3">
         <name>.text:SX1276SetTxConfig</name>
         <load_address>0x10466</load_address>
         <run_address>0x10466</run_address>
         <size>0x436</size>
         <input_file_ref idref="fl-27"/>
      </object_component>
      <object_component id="oc-6ad">
         <name>.text:SX1276SetRxConfig</name>
         <load_address>0x1089c</load_address>
         <run_address>0x1089c</run_address>
         <size>0x3be</size>
         <input_file_ref idref="fl-27"/>
      </object_component>
      <object_component id="oc-6cb">
         <name>.text:SX1276SetRx</name>
         <load_address>0x10c5a</load_address>
         <run_address>0x10c5a</run_address>
         <size>0x37a</size>
         <input_file_ref idref="fl-27"/>
      </object_component>
      <object_component id="oc-533">
         <name>.text:task_lora_test</name>
         <load_address>0x10fd4</load_address>
         <run_address>0x10fd4</run_address>
         <size>0x368</size>
         <input_file_ref idref="fl-3"/>
      </object_component>
      <object_component id="oc-6bf">
         <name>.text:SX1276GetTimeOnAir</name>
         <load_address>0x1133c</load_address>
         <run_address>0x1133c</run_address>
         <size>0x32c</size>
         <input_file_ref idref="fl-27"/>
      </object_component>
      <object_component id="oc-816">
         <name>.text:__mspabi_addd</name>
         <load_address>0x11668</load_address>
         <run_address>0x11668</run_address>
         <size>0x2e0</size>
         <input_file_ref idref="fl-70"/>
      </object_component>
      <object_component id="oc-8e1">
         <name>.text:__TI_frcmpyd</name>
         <load_address>0x11948</load_address>
         <run_address>0x11948</run_address>
         <size>0x280</size>
         <input_file_ref idref="fl-82"/>
      </object_component>
      <object_component id="oc-81c">
         <name>.text:__mspabi_mpyd</name>
         <load_address>0x11bc8</load_address>
         <run_address>0x11bc8</run_address>
         <size>0x266</size>
         <input_file_ref idref="fl-81"/>
      </object_component>
      <object_component id="oc-8d9">
         <name>.text:__TI_frcaddd</name>
         <load_address>0x11e2e</load_address>
         <run_address>0x11e2e</run_address>
         <size>0x248</size>
         <input_file_ref idref="fl-71"/>
      </object_component>
      <object_component id="oc-633">
         <name>.text:BoardIoInit</name>
         <load_address>0x12076</load_address>
         <run_address>0x12076</run_address>
         <size>0x222</size>
         <input_file_ref idref="fl-29"/>
      </object_component>
      <object_component id="oc-7dc">
         <name>.text:__mspabi_divd</name>
         <load_address>0x12298</load_address>
         <run_address>0x12298</run_address>
         <size>0x222</size>
         <input_file_ref idref="fl-74"/>
      </object_component>
      <object_component id="oc-822">
         <name>.text:ceil</name>
         <load_address>0x124ba</load_address>
         <run_address>0x124ba</run_address>
         <size>0x1c6</size>
         <input_file_ref idref="fl-95"/>
      </object_component>
      <object_component id="oc-82e">
         <name>.text:floor</name>
         <load_address>0x12680</load_address>
         <run_address>0x12680</run_address>
         <size>0x1c4</size>
         <input_file_ref idref="fl-9a"/>
      </object_component>
      <object_component id="oc-912">
         <name>.text:privateCSASourceClockFromDCO</name>
         <load_address>0x12844</load_address>
         <run_address>0x12844</run_address>
         <size>0x17c</size>
         <input_file_ref idref="fl-9"/>
      </object_component>
      <object_component id="oc-620">
         <name>.text:CS_setDCOFreq</name>
         <load_address>0x129c0</load_address>
         <run_address>0x129c0</run_address>
         <size>0x140</size>
         <input_file_ref idref="fl-9"/>
      </object_component>
      <object_component id="oc-834">
         <name>.text:round</name>
         <load_address>0x12b00</load_address>
         <run_address>0x12b00</run_address>
         <size>0x106</size>
         <input_file_ref idref="fl-9d"/>
      </object_component>
      <object_component id="oc-85e">
         <name>.text:privateCSAComputeCLKFrequency</name>
         <load_address>0x12c06</load_address>
         <run_address>0x12c06</run_address>
         <size>0xe0</size>
         <input_file_ref idref="fl-9"/>
      </object_component>
      <object_component id="oc-7ca">
         <name>.text:RxChainCalibration</name>
         <load_address>0x12ce6</load_address>
         <run_address>0x12ce6</run_address>
         <size>0xde</size>
         <input_file_ref idref="fl-27"/>
      </object_component>
      <object_component id="oc-828">
         <name>.text:__mspabi_cmpd</name>
         <load_address>0x12dc4</load_address>
         <run_address>0x12dc4</run_address>
         <size>0xd8</size>
         <input_file_ref idref="fl-73"/>
      </object_component>
      <object_component id="oc-93b">
         <name>.text:__TI_renormd</name>
         <load_address>0x12e9c</load_address>
         <run_address>0x12e9c</run_address>
         <size>0xb2</size>
         <input_file_ref idref="fl-72"/>
      </object_component>
      <object_component id="oc-626">
         <name>.text:ClockSet</name>
         <load_address>0x12f4e</load_address>
         <run_address>0x12f4e</run_address>
         <size>0xa8</size>
         <input_file_ref idref="fl-2a"/>
      </object_component>
      <object_component id="oc-8d1">
         <name>.text:__mspabi_fltlid</name>
         <load_address>0x12ff6</load_address>
         <run_address>0x12ff6</run_address>
         <size>0x9e</size>
         <input_file_ref idref="fl-7e"/>
      </object_component>
      <object_component id="oc-653">
         <name>.text:EUSCI_A_UART_init</name>
         <load_address>0x13094</load_address>
         <run_address>0x13094</run_address>
         <size>0x9a</size>
         <input_file_ref idref="fl-d"/>
      </object_component>
      <object_component id="oc-62d">
         <name>.text:SpiInit</name>
         <load_address>0x1312e</load_address>
         <run_address>0x1312e</run_address>
         <size>0x8c</size>
         <input_file_ref idref="fl-2c"/>
      </object_component>
      <object_component id="oc-7d6">
         <name>.text:__mspabi_fltuld</name>
         <load_address>0x131ba</load_address>
         <run_address>0x131ba</run_address>
         <size>0x80</size>
         <input_file_ref idref="fl-80"/>
      </object_component>
      <object_component id="oc-643">
         <name>.text:Timer_A_initUpMode</name>
         <load_address>0x1323a</load_address>
         <run_address>0x1323a</run_address>
         <size>0x7c</size>
         <input_file_ref idref="fl-22"/>
      </object_component>
      <object_component id="oc-76">
         <name>.text:decompress:lzss:__TI_decompress_lzss</name>
         <load_address>0x132b6</load_address>
         <run_address>0x132b6</run_address>
         <size>0x76</size>
         <input_file_ref idref="fl-56"/>
      </object_component>
      <object_component id="oc-593">
         <name>.text:initUART</name>
         <load_address>0x1332c</load_address>
         <run_address>0x1332c</run_address>
         <size>0x74</size>
         <input_file_ref idref="fl-2e"/>
      </object_component>
      <object_component id="oc-695">
         <name>.text:SX1276SetModem</name>
         <load_address>0x133a0</load_address>
         <run_address>0x133a0</run_address>
         <size>0x72</size>
         <input_file_ref idref="fl-27"/>
      </object_component>
      <object_component id="oc-5d3">
         <name>.text:SX1276Send</name>
         <load_address>0x13412</load_address>
         <run_address>0x13412</run_address>
         <size>0x70</size>
         <input_file_ref idref="fl-27"/>
      </object_component>
      <object_component id="oc-741">
         <name>.text:CS_initClockSignal</name>
         <load_address>0x13482</load_address>
         <run_address>0x13482</run_address>
         <size>0x6a</size>
         <input_file_ref idref="fl-9"/>
      </object_component>
      <object_component id="oc-7f6">
         <name>.text:GetFskBandwidthRegValue</name>
         <load_address>0x134ec</load_address>
         <run_address>0x134ec</run_address>
         <size>0x6a</size>
         <input_file_ref idref="fl-27"/>
      </object_component>
      <object_component id="oc-7e2">
         <name>.text:__mspabi_fixdul</name>
         <load_address>0x13556</load_address>
         <run_address>0x13556</run_address>
         <size>0x68</size>
         <input_file_ref idref="fl-7c"/>
      </object_component>
      <object_component id="oc-581">
         <name>.text:ClockInit</name>
         <load_address>0x135be</load_address>
         <run_address>0x135be</run_address>
         <size>0x64</size>
         <input_file_ref idref="fl-2a"/>
      </object_component>
      <object_component id="oc-689">
         <name>.text:SX1276Init</name>
         <load_address>0x13622</load_address>
         <run_address>0x13622</run_address>
         <size>0x62</size>
         <input_file_ref idref="fl-27"/>
      </object_component>
      <object_component id="oc-7a6">
         <name>.text:GpioSetInterrupt</name>
         <load_address>0x13684</load_address>
         <run_address>0x13684</run_address>
         <size>0x5a</size>
         <input_file_ref idref="fl-2b"/>
      </object_component>
      <object_component id="oc-6a7">
         <name>.text:SX1276Random</name>
         <load_address>0x136de</load_address>
         <run_address>0x136de</run_address>
         <size>0x5a</size>
         <input_file_ref idref="fl-27"/>
      </object_component>
      <object_component id="oc-86a">
         <name>.text</name>
         <load_address>0x13738</load_address>
         <run_address>0x13738</run_address>
         <size>0x58</size>
         <input_file_ref idref="fl-79"/>
      </object_component>
      <object_component id="oc-768">
         <name>.text:EUSCI_B_SPI_initMaster</name>
         <load_address>0x13790</load_address>
         <run_address>0x13790</run_address>
         <size>0x56</size>
         <input_file_ref idref="fl-f"/>
      </object_component>
      <object_component id="oc-69b">
         <name>.text:SX1276SetChannel</name>
         <load_address>0x137e6</load_address>
         <run_address>0x137e6</run_address>
         <size>0x54</size>
         <input_file_ref idref="fl-27"/>
      </object_component>
      <object_component id="oc-55e">
         <name>.text:__TI_auto_init_nobinit_nopinit_hold_wdt:__TI_auto_init_nobinit_nopinit_hold_wdt</name>
         <load_address>0x1383a</load_address>
         <run_address>0x1383a</run_address>
         <size>0x54</size>
         <input_file_ref idref="fl-92"/>
      </object_component>
      <object_component id="oc-6d7">
         <name>.text:SX1276ReadRssi</name>
         <load_address>0x1388e</load_address>
         <run_address>0x1388e</run_address>
         <size>0x50</size>
         <input_file_ref idref="fl-27"/>
      </object_component>
      <object_component id="oc-88c">
         <name>.text:GPIO_setAsInputPinWithPullDownResistor</name>
         <load_address>0x138de</load_address>
         <run_address>0x138de</run_address>
         <size>0x4a</size>
         <input_file_ref idref="fl-12"/>
      </object_component>
      <object_component id="oc-65c">
         <name>.text:SX1276ReadBuffer</name>
         <load_address>0x13928</load_address>
         <run_address>0x13928</run_address>
         <size>0x4a</size>
         <input_file_ref idref="fl-27"/>
      </object_component>
      <object_component id="oc-77e">
         <name>.text:GpioInit</name>
         <load_address>0x13972</load_address>
         <run_address>0x13972</run_address>
         <size>0x48</size>
         <input_file_ref idref="fl-2b"/>
      </object_component>
      <object_component id="oc-58d">
         <name>.text:timerinitial</name>
         <load_address>0x139ba</load_address>
         <run_address>0x139ba</run_address>
         <size>0x48</size>
         <input_file_ref idref="fl-2d"/>
      </object_component>
      <object_component id="oc-664">
         <name>.text:SX1276WriteBuffer</name>
         <load_address>0x13a02</load_address>
         <run_address>0x13a02</run_address>
         <size>0x46</size>
         <input_file_ref idref="fl-27"/>
      </object_component>
      <object_component id="oc-681">
         <name>.text:SX1276SetTx</name>
         <load_address>0x13a48</load_address>
         <run_address>0x13a48</run_address>
         <size>0x42</size>
         <input_file_ref idref="fl-27"/>
      </object_component>
      <object_component id="oc-90d">
         <name>.text</name>
         <load_address>0x13a8a</load_address>
         <run_address>0x13a8a</run_address>
         <size>0x40</size>
         <input_file_ref idref="fl-77"/>
      </object_component>
      <object_component id="oc-6a1">
         <name>.text:SX1276IsChannelFree</name>
         <load_address>0x13aca</load_address>
         <run_address>0x13aca</run_address>
         <size>0x3e</size>
         <input_file_ref idref="fl-27"/>
      </object_component>
      <object_component id="oc-92d">
         <name>.text:l_asr_const</name>
         <load_address>0x13b08</load_address>
         <run_address>0x13b08</run_address>
         <size>0x3e</size>
         <input_file_ref idref="fl-8c"/>
      </object_component>
      <object_component id="oc-8a7">
         <name>.text:l_lsl_const</name>
         <load_address>0x13b46</load_address>
         <run_address>0x13b46</run_address>
         <size>0x3e</size>
         <input_file_ref idref="fl-8b"/>
      </object_component>
      <object_component id="oc-8af">
         <name>.text:l_lsr_const</name>
         <load_address>0x13b84</load_address>
         <run_address>0x13b84</run_address>
         <size>0x3e</size>
         <input_file_ref idref="fl-8d"/>
      </object_component>
      <object_component id="oc-6d1">
         <name>.text:SX1276StartCad</name>
         <load_address>0x13bc2</load_address>
         <run_address>0x13bc2</run_address>
         <size>0x38</size>
         <input_file_ref idref="fl-27"/>
      </object_component>
      <object_component id="oc-5a6">
         <name>.text:delay_ms</name>
         <load_address>0x13bfa</load_address>
         <run_address>0x13bfa</run_address>
         <size>0x38</size>
         <input_file_ref idref="fl-2f"/>
      </object_component>
      <object_component id="oc-5b5">
         <name>.text:SX1276ReceivePayload</name>
         <load_address>0x13c32</load_address>
         <run_address>0x13c32</run_address>
         <size>0x34</size>
         <input_file_ref idref="fl-27"/>
      </object_component>
      <object_component id="oc-6dd">
         <name>.text:SX1276SetMaxPayloadLength</name>
         <load_address>0x13c66</load_address>
         <run_address>0x13c66</run_address>
         <size>0x34</size>
         <input_file_ref idref="fl-27"/>
      </object_component>
      <object_component id="oc-8f8">
         <name>.text:__mspabi_subd</name>
         <load_address>0x13c9a</load_address>
         <run_address>0x13c9a</run_address>
         <size>0x32</size>
         <input_file_ref idref="fl-9f"/>
      </object_component>
      <object_component id="oc-5c4">
         <name>.text:delay_us</name>
         <load_address>0x13ccc</load_address>
         <run_address>0x13ccc</run_address>
         <size>0x32</size>
         <input_file_ref idref="fl-29"/>
      </object_component>
      <object_component id="oc-463">
         <name>.text:uart_write</name>
         <load_address>0x13cfe</load_address>
         <run_address>0x13cfe</run_address>
         <size>0x32</size>
         <input_file_ref idref="fl-2e"/>
      </object_component>
      <object_component id="oc-432">
         <name>.text:GPIO_getInterruptStatus</name>
         <load_address>0x13d30</load_address>
         <run_address>0x13d30</run_address>
         <size>0x30</size>
         <input_file_ref idref="fl-12"/>
      </object_component>
      <object_component id="oc-892">
         <name>.text:GPIO_selectInterruptEdge</name>
         <load_address>0x13d60</load_address>
         <run_address>0x13d60</run_address>
         <size>0x2e</size>
         <input_file_ref idref="fl-12"/>
      </object_component>
      <object_component id="oc-8fe">
         <name>.text:__mspabi_negd</name>
         <load_address>0x13d8e</load_address>
         <run_address>0x13d8e</run_address>
         <size>0x2e</size>
         <input_file_ref idref="fl-9e"/>
      </object_component>
      <object_component id="oc-4a4">
         <name>.text:__mpu_init</name>
         <load_address>0x13dbc</load_address>
         <run_address>0x13dbc</run_address>
         <size>0x2c</size>
         <input_file_ref idref="fl-90"/>
      </object_component>
      <object_component id="oc-918">
         <name>.text</name>
         <load_address>0x13de8</load_address>
         <run_address>0x13de8</run_address>
         <size>0x2c</size>
         <input_file_ref idref="fl-76"/>
      </object_component>
      <object_component id="oc-59a">
         <name>.text:SX1276Reset</name>
         <load_address>0x13e14</load_address>
         <run_address>0x13e14</run_address>
         <size>0x28</size>
         <input_file_ref idref="fl-27"/>
      </object_component>
      <object_component id="oc-3e4">
         <name>.text:decompress:ZI:__TI_zero_init_nomemset:__TI_zero_init_nomemset</name>
         <load_address>0x13e3c</load_address>
         <run_address>0x13e3c</run_address>
         <size>0x24</size>
         <input_file_ref idref="fl-6f"/>
      </object_component>
      <object_component id="oc-928">
         <name>.text</name>
         <load_address>0x13e60</load_address>
         <run_address>0x13e60</run_address>
         <size>0x24</size>
         <input_file_ref idref="fl-86"/>
      </object_component>
      <object_component id="oc-4f8">
         <name>.text:EUSCI_A_UART_transmitData</name>
         <load_address>0x13e84</load_address>
         <run_address>0x13e84</run_address>
         <size>0x22</size>
         <input_file_ref idref="fl-d"/>
      </object_component>
      <object_component id="oc-43e">
         <name>.text:endtimer</name>
         <load_address>0x13ea6</load_address>
         <run_address>0x13ea6</run_address>
         <size>0x22</size>
         <input_file_ref idref="fl-2d"/>
      </object_component>
      <object_component id="oc-527">
         <name>.text:WDT_A_hold</name>
         <load_address>0x13ec8</load_address>
         <run_address>0x13ec8</run_address>
         <size>0x20</size>
         <input_file_ref idref="fl-26"/>
      </object_component>
      <object_component id="oc-753">
         <name>.text:CS_getACLK</name>
         <load_address>0x13ee8</load_address>
         <run_address>0x13ee8</run_address>
         <size>0x1e</size>
         <input_file_ref idref="fl-9"/>
      </object_component>
      <object_component id="oc-44d">
         <name>.text:GPIO_clearInterrupt</name>
         <load_address>0x13f06</load_address>
         <run_address>0x13f06</run_address>
         <size>0x1e</size>
         <input_file_ref idref="fl-12"/>
      </object_component>
      <object_component id="oc-898">
         <name>.text:GPIO_enableInterrupt</name>
         <load_address>0x13f24</load_address>
         <run_address>0x13f24</run_address>
         <size>0x1e</size>
         <input_file_ref idref="fl-12"/>
      </object_component>
      <object_component id="oc-5ca">
         <name>.text:SX1276SetIRQFlagMask</name>
         <load_address>0x13f42</load_address>
         <run_address>0x13f42</run_address>
         <size>0x1c</size>
         <input_file_ref idref="fl-27"/>
      </object_component>
      <object_component id="oc-7be">
         <name>.text:SX1276SetOpMode</name>
         <load_address>0x13f5e</load_address>
         <run_address>0x13f5e</run_address>
         <size>0x1c</size>
         <input_file_ref idref="fl-27"/>
      </object_component>
      <object_component id="oc-5be">
         <name>.text:ACK_Configure</name>
         <load_address>0x13f7a</load_address>
         <run_address>0x13f7a</run_address>
         <size>0x1a</size>
         <input_file_ref idref="fl-28"/>
      </object_component>
      <object_component id="oc-747">
         <name>.text:CS_getSMCLK</name>
         <load_address>0x13f94</load_address>
         <run_address>0x13f94</run_address>
         <size>0x1a</size>
         <input_file_ref idref="fl-9"/>
      </object_component>
      <object_component id="oc-469">
         <name>.text:GpioWrite</name>
         <load_address>0x13fae</load_address>
         <run_address>0x13fae</run_address>
         <size>0x18</size>
         <input_file_ref idref="fl-2b"/>
      </object_component>
      <object_component id="oc-7fd">
         <name>.text:SX1276GetPaSelect</name>
         <load_address>0x13fc6</load_address>
         <run_address>0x13fc6</run_address>
         <size>0x18</size>
         <input_file_ref idref="fl-27"/>
      </object_component>
      <object_component id="oc-734">
         <name>.text</name>
         <load_address>0x13fde</load_address>
         <run_address>0x13fde</run_address>
         <size>0x18</size>
         <input_file_ref idref="fl-84"/>
      </object_component>
      <object_component id="oc-709">
         <name>.text:SX1276_CadDone</name>
         <load_address>0x13ff6</load_address>
         <run_address>0x13ff6</run_address>
         <size>0x2</size>
         <input_file_ref idref="fl-3"/>
      </object_component>
      <object_component id="oc-5b2">
         <name>.bss:BR_buffer</name>
         <uninitialized>true</uninitialized>
         <run_address>0x1c00</run_address>
         <size>0x100</size>
         <input_file_ref idref="fl-3"/>
      </object_component>
      <object_component id="oc-7c7">
         <name>.bss</name>
         <uninitialized>true</uninitialized>
         <run_address>0x1f14</run_address>
         <size>0x4</size>
         <input_file_ref idref="fl-27"/>
      </object_component>
      <object_component id="oc-83c">
         <name>.bss:RxTxBuffer</name>
         <uninitialized>true</uninitialized>
         <run_address>0x1d00</run_address>
         <size>0x100</size>
         <input_file_ref idref="fl-27"/>
      </object_component>
      <object_component id="oc-5d0">
         <name>.common:ACK_buffer</name>
         <uninitialized>true</uninitialized>
         <run_address>0x1f18</run_address>
         <size>0x2</size>
      </object_component>
      <object_component id="oc-478">
         <name>.common:SPI_RXData_LoRa</name>
         <uninitialized>true</uninitialized>
         <run_address>0x1f1a</run_address>
         <size>0x1</size>
      </object_component>
      <object_component id="oc-444">
         <name>.common:SD_PHY</name>
         <uninitialized>true</uninitialized>
         <run_address>0x1ec4</run_address>
         <size>0x50</size>
      </object_component>
      <object_component id="oc-459">
         <name>.common:timerstart</name>
         <uninitialized>true</uninitialized>
         <run_address>0x1f1e</run_address>
         <size>0x1</size>
      </object_component>
      <object_component id="oc-470">
         <name>.common:duty_flag</name>
         <uninitialized>true</uninitialized>
         <run_address>0x1f1c</run_address>
         <size>0x1</size>
      </object_component>
      <object_component id="oc-460">
         <name>.common:sleep_flag</name>
         <uninitialized>true</uninitialized>
         <run_address>0x1f1d</run_address>
         <size>0x1</size>
      </object_component>
      <object_component id="oc-461">
         <name>.common:done_flag</name>
         <uninitialized>true</uninitialized>
         <run_address>0x1f1b</run_address>
         <size>0x1</size>
      </object_component>
      <object_component id="oc-65a">
         <name>.common:SX1276</name>
         <uninitialized>true</uninitialized>
         <run_address>0x1e00</run_address>
         <size>0xc4</size>
      </object_component>
      <object_component id="oc-43b">
         <name>.data</name>
         <load_address>0x1f4c</load_address>
         <run_address>0x1f4c</run_address>
         <size>0x2</size>
         <input_file_ref idref="fl-2"/>
      </object_component>
      <object_component id="oc-5e2">
         <name>.data:sx1276</name>
         <load_address>0x1f20</load_address>
         <run_address>0x1f20</run_address>
         <size>0x24</size>
         <input_file_ref idref="fl-3"/>
      </object_component>
      <object_component id="oc-5bb">
         <name>.data</name>
         <load_address>0x1f51</load_address>
         <run_address>0x1f51</run_address>
         <size>0x1</size>
         <input_file_ref idref="fl-3"/>
      </object_component>
      <object_component id="oc-90a">
         <name>.data</name>
         <load_address>0x1f44</load_address>
         <run_address>0x1f44</run_address>
         <size>0x8</size>
         <input_file_ref idref="fl-9"/>
      </object_component>
      <object_component id="oc-5e5">
         <name>.data</name>
         <load_address>0x1f50</load_address>
         <run_address>0x1f50</run_address>
         <size>0x1</size>
         <input_file_ref idref="fl-2b"/>
      </object_component>
      <object_component id="oc-46f">
         <name>.data</name>
         <load_address>0x1f4e</load_address>
         <run_address>0x1f4e</run_address>
         <size>0x2</size>
         <input_file_ref idref="fl-2d"/>
      </object_component>
      <object_component id="oc-3b1">
         <name>.stack</name>
         <uninitialized>true</uninitialized>
         <run_address>0x2360</run_address>
         <size>0x4</size>
         <input_file_ref idref="fl-8f"/>
      </object_component>
      <object_component id="oc-9e5">
         <name>.stack</name>
         <uninitialized>true</uninitialized>
         <run_address>0x2360</run_address>
         <size>0x0</size>
      </object_component>
      <object_component id="oc-82">
         <name>.int30</name>
         <load_address>0xffcc</load_address>
         <run_address>0xffcc</run_address>
         <size>0x2</size>
         <input_file_ref idref="fl-58"/>
      </object_component>
      <object_component id="oc-83">
         <name>.int31</name>
         <load_address>0xffce</load_address>
         <run_address>0xffce</run_address>
         <size>0x2</size>
         <input_file_ref idref="fl-5a"/>
      </object_component>
      <object_component id="oc-84">
         <name>.int32</name>
         <load_address>0xffd0</load_address>
         <run_address>0xffd0</run_address>
         <size>0x2</size>
         <input_file_ref idref="fl-2b"/>
      </object_component>
      <object_component id="oc-85">
         <name>.int33</name>
         <load_address>0xffd2</load_address>
         <run_address>0xffd2</run_address>
         <size>0x2</size>
         <input_file_ref idref="fl-5b"/>
      </object_component>
      <object_component id="oc-86">
         <name>.int34</name>
         <load_address>0xffd4</load_address>
         <run_address>0xffd4</run_address>
         <size>0x2</size>
         <input_file_ref idref="fl-5c"/>
      </object_component>
      <object_component id="oc-87">
         <name>.int35</name>
         <load_address>0xffd6</load_address>
         <run_address>0xffd6</run_address>
         <size>0x2</size>
         <input_file_ref idref="fl-5d"/>
      </object_component>
      <object_component id="oc-88">
         <name>.int36</name>
         <load_address>0xffd8</load_address>
         <run_address>0xffd8</run_address>
         <size>0x2</size>
         <input_file_ref idref="fl-5e"/>
      </object_component>
      <object_component id="oc-89">
         <name>.int37</name>
         <load_address>0xffda</load_address>
         <run_address>0xffda</run_address>
         <size>0x2</size>
         <input_file_ref idref="fl-5f"/>
      </object_component>
      <object_component id="oc-8a">
         <name>.int38</name>
         <load_address>0xffdc</load_address>
         <run_address>0xffdc</run_address>
         <size>0x2</size>
         <input_file_ref idref="fl-60"/>
      </object_component>
      <object_component id="oc-8b">
         <name>.int39</name>
         <load_address>0xffde</load_address>
         <run_address>0xffde</run_address>
         <size>0x2</size>
         <input_file_ref idref="fl-61"/>
      </object_component>
      <object_component id="oc-8c">
         <name>.int40</name>
         <load_address>0xffe0</load_address>
         <run_address>0xffe0</run_address>
         <size>0x2</size>
         <input_file_ref idref="fl-62"/>
      </object_component>
      <object_component id="oc-8d">
         <name>.int41</name>
         <load_address>0xffe2</load_address>
         <run_address>0xffe2</run_address>
         <size>0x2</size>
         <input_file_ref idref="fl-63"/>
      </object_component>
      <object_component id="oc-8e">
         <name>.int42</name>
         <load_address>0xffe4</load_address>
         <run_address>0xffe4</run_address>
         <size>0x2</size>
         <input_file_ref idref="fl-64"/>
      </object_component>
      <object_component id="oc-8f">
         <name>.int43</name>
         <load_address>0xffe6</load_address>
         <run_address>0xffe6</run_address>
         <size>0x2</size>
         <input_file_ref idref="fl-65"/>
      </object_component>
      <object_component id="oc-90">
         <name>.int44</name>
         <load_address>0xffe8</load_address>
         <run_address>0xffe8</run_address>
         <size>0x2</size>
         <input_file_ref idref="fl-66"/>
      </object_component>
      <object_component id="oc-91">
         <name>.int45</name>
         <load_address>0xffea</load_address>
         <run_address>0xffea</run_address>
         <size>0x2</size>
         <input_file_ref idref="fl-2d"/>
      </object_component>
      <object_component id="oc-92">
         <name>.int46</name>
         <load_address>0xffec</load_address>
         <run_address>0xffec</run_address>
         <size>0x2</size>
         <input_file_ref idref="fl-67"/>
      </object_component>
      <object_component id="oc-93">
         <name>.int47</name>
         <load_address>0xffee</load_address>
         <run_address>0xffee</run_address>
         <size>0x2</size>
         <input_file_ref idref="fl-2c"/>
      </object_component>
      <object_component id="oc-94">
         <name>.int48</name>
         <load_address>0xfff0</load_address>
         <run_address>0xfff0</run_address>
         <size>0x2</size>
         <input_file_ref idref="fl-68"/>
      </object_component>
      <object_component id="oc-95">
         <name>.int49</name>
         <load_address>0xfff2</load_address>
         <run_address>0xfff2</run_address>
         <size>0x2</size>
         <input_file_ref idref="fl-69"/>
      </object_component>
      <object_component id="oc-96">
         <name>.int50</name>
         <load_address>0xfff4</load_address>
         <run_address>0xfff4</run_address>
         <size>0x2</size>
         <input_file_ref idref="fl-6a"/>
      </object_component>
      <object_component id="oc-97">
         <name>.int51</name>
         <load_address>0xfff6</load_address>
         <run_address>0xfff6</run_address>
         <size>0x2</size>
         <input_file_ref idref="fl-6b"/>
      </object_component>
      <object_component id="oc-98">
         <name>.int52</name>
         <load_address>0xfff8</load_address>
         <run_address>0xfff8</run_address>
         <size>0x2</size>
         <input_file_ref idref="fl-6c"/>
      </object_component>
      <object_component id="oc-99">
         <name>.int53</name>
         <load_address>0xfffa</load_address>
         <run_address>0xfffa</run_address>
         <size>0x2</size>
         <input_file_ref idref="fl-6d"/>
      </object_component>
      <object_component id="oc-9a">
         <name>.int54</name>
         <load_address>0xfffc</load_address>
         <run_address>0xfffc</run_address>
         <size>0x2</size>
         <input_file_ref idref="fl-6e"/>
      </object_component>
      <object_component id="oc-3b4">
         <name>.reset</name>
         <load_address>0xfffe</load_address>
         <run_address>0xfffe</run_address>
         <size>0x2</size>
         <input_file_ref idref="fl-8f"/>
      </object_component>
      <object_component id="oc-445">
         <name>.debug_info</name>
         <load_address>0x0</load_address>
         <run_address>0x0</run_address>
         <size>0x4fe</size>
         <input_file_ref idref="fl-2"/>
      </object_component>
      <object_component id="oc-43c">
         <name>.debug_info</name>
         <load_address>0x4fe</load_address>
         <run_address>0x4fe</run_address>
         <size>0xd7</size>
[...]
         <value>0x139ba</value>
         <object_component_ref idref="oc-58d"/>
      </symbol>
      <symbol id="sm-86d">
         <name>__TI_int45</name>
         <value>0xffea</value>
         <object_component_ref idref="oc-91"/>
      </symbol>
      <symbol id="sm-86e">
         <name>settimer</name>
         <value>0x46de</value>
         <object_component_ref idref="oc-5d9"/>
      </symbol>
      <symbol id="sm-86f">
         <name>TIMER0_A0_ISR</name>
         <value>0x4400</value>
         <object_component_ref idref="oc-3d8"/>
      </symbol>
      <symbol id="sm-88c">
         <name>uart_write</name>
         <value>0x13cfe</value>
         <object_component_ref idref="oc-463"/>
      </symbol>
      <symbol id="sm-88d">
         <name>initUART</name>
         <value>0x1332c</value>
         <object_component_ref idref="oc-593"/>
      </symbol>
      <symbol id="sm-89d">
         <name>delay_ms</name>
         <value>0x13bfa</value>
         <object_component_ref idref="oc-5a6"/>
      </symbol>
      <symbol id="sm-8c0">
         <name>__TI_decompress_lzss</name>
         <value>0x132b6</value>
         <object_component_ref idref="oc-76"/>
      </symbol>
      <symbol id="sm-8d1">
         <name>__TI_decompress_none</name>
         <value>0x45c4</value>
         <object_component_ref idref="oc-7c"/>
      </symbol>
      <symbol id="sm-8d4">
         <name>__TI_int30</name>
         <value>0xffcc</value>
         <object_component_ref idref="oc-82"/>
      </symbol>
      <symbol id="sm-8dc">
         <name>__TI_ISR_TRAP</name>
         <value>0x452c</value>
         <object_component_ref idref="oc-3cd"/>
      </symbol>
      <symbol id="sm-8df">
         <name>__TI_int31</name>
         <value>0xffce</value>
         <object_component_ref idref="oc-83"/>
      </symbol>
      <symbol id="sm-8e2">
         <name>__TI_int33</name>
         <value>0xffd2</value>
         <object_component_ref idref="oc-85"/>
      </symbol>
      <symbol id="sm-8e5">
         <name>__TI_int34</name>
         <value>0xffd4</value>
         <object_component_ref idref="oc-86"/>
      </symbol>
      <symbol id="sm-8e8">
         <name>__TI_int35</name>
         <value>0xffd6</value>
         <object_component_ref idref="oc-87"/>
      </symbol>
      <symbol id="sm-8eb">
         <name>__TI_int36</name>
         <value>0xffd8</value>
         <object_component_ref idref="oc-88"/>
      </symbol>
      <symbol id="sm-8ee">
         <name>__TI_int37</name>
         <value>0xffda</value>
         <object_component_ref idref="oc-89"/>
      </symbol>
      <symbol id="sm-8f1">
         <name>__TI_int38</name>
         <value>0xffdc</value>
         <object_component_ref idref="oc-8a"/>
      </symbol>
      <symbol id="sm-8f4">
         <name>__TI_int39</name>
         <value>0xffde</value>
         <object_component_ref idref="oc-8b"/>
      </symbol>
      <symbol id="sm-8f7">
         <name>__TI_int40</name>
         <value>0xffe0</value>
         <object_component_ref idref="oc-8c"/>
      </symbol>
      <symbol id="sm-8fa">
         <name>__TI_int41</name>
         <value>0xffe2</value>
         <object_component_ref idref="oc-8d"/>
      </symbol>
      <symbol id="sm-8fd">
         <name>__TI_int42</name>
         <value>0xffe4</value>
         <object_component_ref idref="oc-8e"/>
      </symbol>
      <symbol id="sm-900">
         <name>__TI_int43</name>
         <value>0xffe6</value>
         <object_component_ref idref="oc-8f"/>
      </symbol>
      <symbol id="sm-903">
         <name>__TI_int44</name>
         <value>0xffe8</value>
         <object_component_ref idref="oc-90"/>
      </symbol>
      <symbol id="sm-906">
         <name>__TI_int46</name>
         <value>0xffec</value>
         <object_component_ref idref="oc-92"/>
      </symbol>
      <symbol id="sm-909">
         <name>__TI_int48</name>
         <value>0xfff0</value>
         <object_component_ref idref="oc-94"/>
      </symbol>
      <symbol id="sm-90c">
         <name>__TI_int49</name>
         <value>0xfff2</value>
         <object_component_ref idref="oc-95"/>
      </symbol>
      <symbol id="sm-90f">
         <name>__TI_int50</name>
         <value>0xfff4</value>
         <object_component_ref idref="oc-96"/>
      </symbol>
      <symbol id="sm-912">
         <name>__TI_int51</name>
         <value>0xfff6</value>
         <object_component_ref idref="oc-97"/>
      </symbol>
      <symbol id="sm-915">
         <name>__TI_int52</name>
         <value>0xfff8</value>
         <object_component_ref idref="oc-98"/>
      </symbol>
      <symbol id="sm-918">
         <name>__TI_int53</name>
         <value>0xfffa</value>
         <object_component_ref idref="oc-99"/>
      </symbol>
      <symbol id="sm-91b">
         <name>__TI_int54</name>
         <value>0xfffc</value>
         <object_component_ref idref="oc-9a"/>
      </symbol>
      <symbol id="sm-92e">
         <name>__TI_zero_init_nomemset</name>
         <value>0x13e3c</value>
         <object_component_ref idref="oc-3e4"/>
      </symbol>
      <symbol id="sm-955">
         <name>__mspabi_addd</name>
         <value>0x11668</value>
         <object_component_ref idref="oc-816"/>
      </symbol>
      <symbol id="sm-976">
         <name>__TI_frcaddd</name>
         <value>0x11e2e</value>
         <object_component_ref idref="oc-8d9"/>
      </symbol>
      <symbol id="sm-98a">
         <name>__TI_renormd</name>
         <value>0x12e9c</value>
         <object_component_ref idref="oc-93b"/>
      </symbol>
      <symbol id="sm-9a4">
         <name>__mspabi_cmpd</name>
         <value>0x12dc4</value>
         <object_component_ref idref="oc-828"/>
      </symbol>
      <symbol id="sm-9c5">
         <name>__mspabi_divd</name>
         <value>0x12298</value>
         <object_component_ref idref="oc-7dc"/>
      </symbol>
      <symbol id="sm-9e0">
         <name>__TI_frcdivd</name>
         <value>0x10000</value>
         <object_component_ref idref="oc-8b6"/>
      </symbol>
      <symbol id="sm-9ec">
         <name>__mspabi_remi</name>
         <value>0x13de8</value>
         <object_component_ref idref="oc-918"/>
      </symbol>
      <symbol id="sm-9ed">
         <name>__mspabi_divi</name>
         <value>0x13de8</value>
         <object_component_ref idref="oc-918"/>
      </symbol>
      <symbol id="sm-9f9">
         <name>__mspabi_remli</name>
         <value>0x13a8a</value>
         <object_component_ref idref="oc-90d"/>
      </symbol>
      <symbol id="sm-9fa">
         <name>__mspabi_divli</name>
         <value>0x13a8a</value>
         <object_component_ref idref="oc-90d"/>
      </symbol>
      <symbol id="sm-a04">
         <name>__mspabi_remu</name>
         <value>0x4576</value>
         <object_component_ref idref="oc-95d"/>
      </symbol>
      <symbol id="sm-a05">
         <name>__mspabi_divu</name>
         <value>0x4576</value>
         <object_component_ref idref="oc-95d"/>
      </symbol>
      <symbol id="sm-a13">
         <name>__mspabi_remul</name>
         <value>0x13738</value>
         <object_component_ref idref="oc-86a"/>
      </symbol>
      <symbol id="sm-a14">
         <name>__mspabi_divul</name>
         <value>0x13738</value>
         <object_component_ref idref="oc-86a"/>
      </symbol>
      <symbol id="sm-a20">
         <name>__mspabi_fixdu</name>
         <value>0x45b2</value>
         <object_component_ref idref="oc-7f0"/>
      </symbol>
      <symbol id="sm-a30">
         <name>__mspabi_fixdul</name>
         <value>0x13556</value>
         <object_component_ref idref="oc-7e2"/>
      </symbol>
      <symbol id="sm-a39">
         <name>__mspabi_fltid</name>
         <value>0x4690</value>
         <object_component_ref idref="oc-80a"/>
      </symbol>
      <symbol id="sm-a51">
         <name>__mspabi_fltlid</name>
         <value>0x12ff6</value>
         <object_component_ref idref="oc-8d1"/>
      </symbol>
      <symbol id="sm-a5a">
         <name>__mspabi_fltud</name>
         <value>0x46d2</value>
         <object_component_ref idref="oc-810"/>
      </symbol>
      <symbol id="sm-a6f">
         <name>__mspabi_fltuld</name>
         <value>0x131ba</value>
         <object_component_ref idref="oc-7d6"/>
      </symbol>
      <symbol id="sm-a90">
         <name>__mspabi_mpyd</name>
         <value>0x11bc8</value>
         <object_component_ref idref="oc-81c"/>
      </symbol>
      <symbol id="sm-aa0">
         <name>__TI_frcmpyd</name>
         <value>0x11948</value>
         <object_component_ref idref="oc-8e1"/>
      </symbol>
      <symbol id="sm-aa9">
         <name>__mspabi_mpyi_f5hw</name>
         <value>0x13fde</value>
         <object_component_ref idref="oc-734"/>
      </symbol>
      <symbol id="sm-ab2">
         <name>__mspabi_mpyl_f5hw</name>
         <value>0x13e60</value>
         <object_component_ref idref="oc-928"/>
      </symbol>
      <symbol id="sm-abe">
         <name>__mspabi_slli</name>
         <value>0x46b0</value>
         <object_component_ref idref="oc-805"/>
      </symbol>
      <symbol id="sm-ace">
         <name>__mspabi_slll_9</name>
         <value>0x13b5e</value>
         <object_component_ref idref="oc-8a7"/>
      </symbol>
      <symbol id="sm-acf">
         <name>__mspabi_slll_8</name>
         <value>0x13b62</value>
         <object_component_ref idref="oc-8a7"/>
      </symbol>
      <symbol id="sm-ad0">
         <name>__mspabi_slll_7</name>
         <value>0x13b66</value>
         <object_component_ref idref="oc-8a7"/>
      </symbol>
      <symbol id="sm-ad1">
         <name>__mspabi_slll_6</name>
         <value>0x13b6a</value>
         <object_component_ref idref="oc-8a7"/>
      </symbol>
      <symbol id="sm-ad2">
         <name>__mspabi_slll_5</name>
         <value>0x13b6e</value>
         <object_component_ref idref="oc-8a7"/>
      </symbol>
      <symbol id="sm-ad3">
         <name>__mspabi_slll_4</name>
         <value>0x13b72</value>
         <object_component_ref idref="oc-8a7"/>
      </symbol>
      <symbol id="sm-ad4">
         <name>__mspabi_slll_3</name>
         <value>0x13b76</value>
         <object_component_ref idref="oc-8a7"/>
      </symbol>
      <symbol id="sm-ad5">
         <name>__mspabi_slll_2</name>
         <value>0x13b7a</value>
         <object_component_ref idref="oc-8a7"/>
      </symbol>
      <symbol id="sm-ad6">
         <name>__mspabi_slll_1</name>
         <value>0x13b7e</value>
         <object_component_ref idref="oc-8a7"/>
      </symbol>
      <symbol id="sm-ad7">
         <name>__mspabi_slll</name>
         <value>0x4618</value>
         <object_component_ref idref="oc-7ea"/>
      </symbol>
      <symbol id="sm-ad8">
         <name>__mspabi_slll_15</name>
         <value>0x13b46</value>
         <object_component_ref idref="oc-8a7"/>
      </symbol>
      <symbol id="sm-ad9">
         <name>__mspabi_slll_14</name>
         <value>0x13b4a</value>
         <object_component_ref idref="oc-8a7"/>
      </symbol>
      <symbol id="sm-ada">
         <name>__mspabi_slll_13</name>
         <value>0x13b4e</value>
         <object_component_ref idref="oc-8a7"/>
      </symbol>
      <symbol id="sm-adb">
         <name>__mspabi_slll_12</name>
         <value>0x13b52</value>
         <object_component_ref idref="oc-8a7"/>
      </symbol>
      <symbol id="sm-adc">
         <name>__mspabi_slll_11</name>
         <value>0x13b56</value>
         <object_component_ref idref="oc-8a7"/>
      </symbol>
      <symbol id="sm-add">
         <name>__mspabi_slll_10</name>
         <value>0x13b5a</value>
         <object_component_ref idref="oc-8a7"/>
      </symbol>
      <symbol id="sm-aed">
         <name>__mspabi_sral</name>
         <value>0x4608</value>
         <object_component_ref idref="oc-8e9"/>
      </symbol>
      <symbol id="sm-aee">
         <name>__mspabi_sral_15</name>
         <value>0x13b08</value>
         <object_component_ref idref="oc-92d"/>
      </symbol>
      <symbol id="sm-aef">
         <name>__mspabi_sral_14</name>
         <value>0x13b0c</value>
         <object_component_ref idref="oc-92d"/>
      </symbol>
      <symbol id="sm-af0">
         <name>__mspabi_sral_13</name>
         <value>0x13b10</value>
         <object_component_ref idref="oc-92d"/>
      </symbol>
      <symbol id="sm-af1">
         <name>__mspabi_sral_12</name>
         <value>0x13b14</value>
         <object_component_ref idref="oc-92d"/>
      </symbol>
      <symbol id="sm-af2">
         <name>__mspabi_sral_11</name>
         <value>0x13b18</value>
         <object_component_ref idref="oc-92d"/>
      </symbol>
      <symbol id="sm-af3">
         <name>__mspabi_sral_10</name>
         <value>0x13b1c</value>
         <object_component_ref idref="oc-92d"/>
      </symbol>
      <symbol id="sm-af4">
         <name>__mspabi_sral_8</name>
         <value>0x13b24</value>
         <object_component_ref idref="oc-92d"/>
      </symbol>
      <symbol id="sm-af5">
         <name>__mspabi_sral_9</name>
         <value>0x13b20</value>
         <object_component_ref idref="oc-92d"/>
      </symbol>
      <symbol id="sm-af6">
         <name>__mspabi_sral_6</name>
         <value>0x13b2c</value>
         <object_component_ref idref="oc-92d"/>
      </symbol>
      <symbol id="sm-af7">
         <name>__mspabi_sral_7</name>
         <value>0x13b28</value>
         <object_component_ref idref="oc-92d"/>
      </symbol>
      <symbol id="sm-af8">
         <name>__mspabi_sral_4</name>
         <value>0x13b34</value>
         <object_component_ref idref="oc-92d"/>
      </symbol>
      <symbol id="sm-af9">
         <name>__mspabi_sral_5</name>
         <value>0x13b30</value>
         <object_component_ref idref="oc-92d"/>
      </symbol>
      <symbol id="sm-afa">
         <name>__mspabi_sral_2</name>
         <value>0x13b3c</value>
         <object_component_ref idref="oc-92d"/>
      </symbol>
      <symbol id="sm-afb">
         <name>__mspabi_sral_3</name>
         <value>0x13b38</value>
         <object_component_ref idref="oc-92d"/>
      </symbol>
      <symbol id="sm-afc">
         <name>__mspabi_sral_1</name>
         <value>0x13b40</value>
         <object_component_ref idref="oc-92d"/>
      </symbol>
      <symbol id="sm-b0c">
         <name>__mspabi_srll_8</name>
         <value>0x13ba0</value>
         <object_component_ref idref="oc-8af"/>
      </symbol>
      <symbol id="sm-b0d">
         <name>__mspabi_srll_9</name>
         <value>0x13b9c</value>
         <object_component_ref idref="oc-8af"/>
      </symbol>
      <symbol id="sm-b0e">
         <name>__mspabi_srll_6</name>
         <value>0x13ba8</value>
         <object_component_ref idref="oc-8af"/>
      </symbol>
      <symbol id="sm-b0f">
         <name>__mspabi_srll_7</name>
         <value>0x13ba4</value>
         <object_component_ref idref="oc-8af"/>
      </symbol>
      <symbol id="sm-b10">
         <name>__mspabi_srll_4</name>
         <value>0x13bb0</value>
         <object_component_ref idref="oc-8af"/>
      </symbol>
      <symbol id="sm-b11">
         <name>__mspabi_srll_5</name>
         <value>0x13bac</value>
         <object_component_ref idref="oc-8af"/>
      </symbol>
      <symbol id="sm-b12">
         <name>__mspabi_srll_2</name>
         <value>0x13bb8</value>
         <object_component_ref idref="oc-8af"/>
      </symbol>
      <symbol id="sm-b13">
         <name>__mspabi_srll_3</name>
         <value>0x13bb4</value>
         <object_component_ref idref="oc-8af"/>
      </symbol>
      <symbol id="sm-b14">
         <name>__mspabi_srll_1</name>
         <value>0x13bbc</value>
         <object_component_ref idref="oc-8af"/>
      </symbol>
      <symbol id="sm-b15">
         <name>__mspabi_srll_15</name>
         <value>0x13b84</value>
         <object_component_ref idref="oc-8af"/>
      </symbol>
      <symbol id="sm-b16">
         <name>__mspabi_srll_14</name>
         <value>0x13b88</value>
         <object_component_ref idref="oc-8af"/>
      </symbol>
      <symbol id="sm-b17">
         <name>__mspabi_srll_13</name>
         <value>0x13b8c</value>
         <object_component_ref idref="oc-8af"/>
      </symbol>
      <symbol id="sm-b18">
         <name>__mspabi_srll_12</name>
         <value>0x13b90</value>
         <object_component_ref idref="oc-8af"/>
      </symbol>
      <symbol id="sm-b19">
         <name>__mspabi_srll_11</name>
         <value>0x13b94</value>
         <object_component_ref idref="oc-8af"/>
      </symbol>
      <symbol id="sm-b1a">
         <name>__mspabi_srll_10</name>
         <value>0x13b98</value>
         <object_component_ref idref="oc-8af"/>
      </symbol>
      <symbol id="sm-b1b">
         <name>__mspabi_srll</name>
         <value>0x4628</value>
         <object_component_ref idref="oc-8c3"/>
      </symbol>
      <symbol id="sm-b2c">
         <name>_c_int00_noargs_mpu</name>
         <value>0x450c</value>
         <object_component_ref idref="oc-40e"/>
      </symbol>
      <symbol id="sm-b2d">
         <name>_stack</name>
         <value>0x2360</value>
         <object_component_ref idref="oc-3b1"/>
      </symbol>
      <symbol id="sm-b2e">
         <name>_reset_vector</name>
         <value>0xfffe</value>
         <object_component_ref idref="oc-3b4"/>
      </symbol>
      <symbol id="sm-b37">
         <name>__mpu_init</name>
         <value>0x13dbc</value>
         <object_component_ref idref="oc-4a4"/>
      </symbol>
      <symbol id="sm-b5b">
         <name>__TI_auto_init_nobinit_nopinit_hold_wdt</name>
         <value>0x1383a</value>
         <object_component_ref idref="oc-55e"/>
      </symbol>
      <symbol id="sm-b64">
         <name>_system_post_cinit</name>
         <value>0x46f8</value>
         <object_component_ref idref="oc-5fb"/>
      </symbol>
      <symbol id="sm-b6d">
         <name>_system_pre_init</name>
         <value>0x46e8</value>
         <object_component_ref idref="oc-48c"/>
      </symbol>
      <symbol id="sm-b9a">
         <name>ceil</name>
         <value>0x124ba</value>
         <object_component_ref idref="oc-822"/>
      </symbol>
      <symbol id="sm-b9b">
         <name>ceill</name>
         <value>0x124ba</value>
         <object_component_ref idref="oc-822"/>
      </symbol>
      <symbol id="sm-ba6">
         <name>C$$EXIT</name>
         <value>0x46d8</value>
         <object_component_ref idref="oc-53a"/>
      </symbol>
      <symbol id="sm-ba7">
         <name>abort</name>
         <value>0x46d8</value>
         <object_component_ref idref="oc-53a"/>
      </symbol>
      <symbol id="sm-bc9">
         <name>floorl</name>
         <value>0x12680</value>
         <object_component_ref idref="oc-82e"/>
      </symbol>
      <symbol id="sm-bca">
         <name>floor</name>
         <value>0x12680</value>
         <object_component_ref idref="oc-82e"/>
      </symbol>
      <symbol id="sm-bd8">
         <name>memcpy</name>
         <value>0x458c</value>
         <object_component_ref idref="oc-3c0"/>
      </symbol>
      <symbol id="sm-be6">
         <name>memset</name>
         <value>0x4560</value>
         <object_component_ref idref="oc-83f"/>
      </symbol>
      <symbol id="sm-bf9">
         <name>roundl</name>
         <value>0x12b00</value>
         <object_component_ref idref="oc-834"/>
      </symbol>
      <symbol id="sm-bfa">
         <name>round</name>
         <value>0x12b00</value>
         <object_component_ref idref="oc-834"/>
      </symbol>
      <symbol id="sm-c03">
         <name>__mspabi_negd</name>
         <value>0x13d8e</value>
         <object_component_ref idref="oc-8fe"/>
      </symbol>
      <symbol id="sm-c0c">
         <name>__mspabi_subd</name>
         <value>0x13c9a</value>
         <object_component_ref idref="oc-8f8"/>
      </symbol>
      <symbol id="sm-c19">
         <name>strlen</name>
         <value>0x4646</value>
         <object_component_ref idref="oc-4f2"/>
      </symbol>
   </symbol_table>
   <title>Link successful</title>
</link_info>
